Archive member included to satisfy reference by file (symbol)

c:/st/stm32cubeide_1.9.0/stm32cubeide/plugins/com.st.stm32cube.ide.mcu.externaltools.gnu-tools-for-stm32.10.3-2021.10.win32_1.0.0.202111181127/tools/bin/../lib/gcc/arm-none-eabi/10.3.1/../../../../arm-none-eabi/lib/thumb/v7e-m+fp/hard\libc_nano.a(lib_a-errno.o)
                              ./Core/Src/syscalls.o (__errno)
c:/st/stm32cubeide_1.9.0/stm32cubeide/plugins/com.st.stm32cube.ide.mcu.externaltools.gnu-tools-for-stm32.10.3-2021.10.win32_1.0.0.202111181127/tools/bin/../lib/gcc/arm-none-eabi/10.3.1/../../../../arm-none-eabi/lib/thumb/v7e-m+fp/hard\libc_nano.a(lib_a-exit.o)
                              c:/st/stm32cubeide_1.9.0/stm32cubeide/plugins/com.st.stm32cube.ide.mcu.externaltools.gnu-tools-for-stm32.10.3-2021.10.win32_1.0.0.202111181127/tools/bin/../lib/gcc/arm-none-eabi/10.3.1/../../../../arm-none-eabi/lib/thumb/v7e-m+fp/hard/crt0.o (exit)
c:/st/stm32cubeide_1.9.0/stm32cubeide/plugins/com.st.stm32cube.ide.mcu.externaltools.gnu-tools-for-stm32.10.3-2021.10.win32_1.0.0.202111181127/tools/bin/../lib/gcc/arm-none-eabi/10.3.1/../../../../arm-none-eabi/lib/thumb/v7e-m+fp/hard\libc_nano.a(lib_a-impure.o)
                              c:/st/stm32cubeide_1.9.0/stm32cubeide/plugins/com.st.stm32cube.ide.mcu.externaltools.gnu-tools-for-stm32.10.3-2021.10.win32_1.0.0.202111181127/tools/bin/../lib/gcc/arm-none-eabi/10.3.1/../../../../arm-none-eabi/lib/thumb/v7e-m+fp/hard\libc_nano.a(lib_a-exit.o) (_global_impure_ptr)
c:/st/stm32cubeide_1.9.0/stm32cubeide/plugins/com.st.stm32cube.ide.mcu.externaltools.gnu-tools-for-stm32.10.3-2021.10.win32_1.0.0.202111181127/tools/bin/../lib/gcc/arm-none-eabi/10.3.1/../../../../arm-none-eabi/lib/thumb/v7e-m+fp/hard\libc_nano.a(lib_a-init.o)
                              c:/st/stm32cubeide_1.9.0/stm32cubeide/plugins/com.st.stm32cube.ide.mcu.externaltools.gnu-tools-for-stm32.10.3-2021.10.win32_1.0.0.202111181127/tools/bin/../lib/gcc/arm-none-eabi/10.3.1/../../../../arm-none-eabi/lib/thumb/v7e-m+fp/hard/crt0.o (__libc_init_array)
c:/st/stm32cubeide_1.9.0/stm32cubeide/plugins/com.st.stm32cube.ide.mcu.externaltools.gnu-tools-for-stm32.10.3-2021.10.win32_1.0.0.202111181127/tools/bin/../lib/gcc/arm-none-eabi/10.3.1/../../../../arm-none-eabi/lib/thumb/v7e-m+fp/hard\libc_nano.a(lib_a-memcpy-stub.o)
                              ./Core/Src/mode_selection.o (memcpy)
c:/st/stm32cubeide_1.9.0/stm32cubeide/plugins/com.st.stm32cube.ide.mcu.externaltools.gnu-tools-for-stm32.10.3-2021.10.win32_1.0.0.202111181127/tools/bin/../lib/gcc/arm-none-eabi/10.3.1/../../../../arm-none-eabi/lib/thumb/v7e-m+fp/hard\libc_nano.a(lib_a-memset.o)
                              c:/st/stm32cubeide_1.9.0/stm32cubeide/plugins/com.st.stm32cube.ide.mcu.externaltools.gnu-tools-for-stm32.10.3-2021.10.win32_1.0.0.202111181127/tools/bin/../lib/gcc/arm-none-eabi/10.3.1/../../../../arm-none-eabi/lib/thumb/v7e-m+fp/hard/crt0.o (memset)
c:/st/stm32cubeide_1.9.0/stm32cubeide/plugins/com.st.stm32cube.ide.mcu.externaltools.gnu-tools-for-stm32.10.3-2021.10.win32_1.0.0.202111181127/tools/bin/../lib/gcc/arm-none-eabi/10.3.1/../../../../arm-none-eabi/lib/thumb/v7e-m+fp/hard\libc_nano.a(lib_a-nano-vfprintf_float.o)
                              (_printf_float)
c:/st/stm32cubeide_1.9.0/stm32cubeide/plugins/com.st.stm32cube.ide.mcu.externaltools.gnu-tools-for-stm32.10.3-2021.10.win32_1.0.0.202111181127/tools/bin/../lib/gcc/arm-none-eabi/10.3.1/../../../../arm-none-eabi/lib/thumb/v7e-m+fp/hard\libc_nano.a(lib_a-nano-vfprintf_i.o)
                              c:/st/stm32cubeide_1.9.0/stm32cubeide/plugins/com.st.stm32cube.ide.mcu.externaltools.gnu-tools-for-stm32.10.3-2021.10.win32_1.0.0.202111181127/tools/bin/../lib/gcc/arm-none-eabi/10.3.1/../../../../arm-none-eabi/lib/thumb/v7e-m+fp/hard\libc_nano.a(lib_a-nano-vfprintf_float.o) (_printf_common)
c:/st/stm32cubeide_1.9.0/stm32cubeide/plugins/com.st.stm32cube.ide.mcu.externaltools.gnu-tools-for-stm32.10.3-2021.10.win32_1.0.0.202111181127/tools/bin/../lib/gcc/arm-none-eabi/10.3.1/../../../../arm-none-eabi/lib/thumb/v7e-m+fp/hard\libc_nano.a(lib_a-printf.o)
                              ./Core/Src/Control_sensor.o (printf)
c:/st/stm32cubeide_1.9.0/stm32cubeide/plugins/com.st.stm32cube.ide.mcu.externaltools.gnu-tools-for-stm32.10.3-2021.10.win32_1.0.0.202111181127/tools/bin/../lib/gcc/arm-none-eabi/10.3.1/../../../../arm-none-eabi/lib/thumb/v7e-m+fp/hard\libc_nano.a(lib_a-putchar.o)
                              ./Core/Src/record.o (putchar)
c:/st/stm32cubeide_1.9.0/stm32cubeide/plugins/com.st.stm32cube.ide.mcu.externaltools.gnu-tools-for-stm32.10.3-2021.10.win32_1.0.0.202111181127/tools/bin/../lib/gcc/arm-none-eabi/10.3.1/../../../../arm-none-eabi/lib/thumb/v7e-m+fp/hard\libc_nano.a(lib_a-puts.o)
                              ./Core/Src/Control_sensor.o (puts)
[...]
Memory Configuration

Name             Origin             Length             Attributes
RAM              0x0000000020000000 0x0000000000010000 xrw
RAM2             0x0000000010000000 0x0000000000004000 xrw
FLASH            0x0000000008000000 0x0000000000040000 xr
*default*        0x0000000000000000 0xffffffffffffffff

Linker script and memory map

LOAD c:/st/stm32cubeide_1.9.0/stm32cubeide/plugins/com.st.stm32cube.ide.mcu.externaltools.gnu-tools-for-stm32.10.3-2021.10.win32_1.0.0.202111181127/tools/bin/../lib/gcc/arm-none-eabi/10.3.1/thumb/v7e-m+fp/hard/crti.o
LOAD c:/st/stm32cubeide_1.9.0/stm32cubeide/plugins/com.st.stm32cube.ide.mcu.externaltools.gnu-tools-for-stm32.10.3-2021.10.win32_1.0.0.202111181127/tools/bin/../lib/gcc/arm-none-eabi/10.3.1/thumb/v7e-m+fp/hard/crtbegin.o
LOAD c:/st/stm32cubeide_1.9.0/stm32cubeide/plugins/com.st.stm32cube.ide.mcu.externaltools.gnu-tools-for-stm32.10.3-2021.10.win32_1.0.0.202111181127/tools/bin/../lib/gcc/arm-none-eabi/10.3.1/../../../../arm-none-eabi/lib/thumb/v7e-m+fp/hard/crt0.o
LOAD ./Core/Src/Control_motor.o
LOAD ./Core/Src/Control_sensor.o
LOAD ./Core/Src/PID_wall.o
LOAD ./Core/Src/PL_lcd.o
LOAD ./Core/Src/PL_led.o
LOAD ./Core/Src/PL_motor.o
LOAD ./Core/Src/PL_sensor.o
LOAD ./Core/Src/PL_speaker.o
LOAD ./Core/Src/PL_switch.o
LOAD ./Core/Src/PL_timer.o
LOAD ./Core/Src/adc.o
LOAD ./Core/Src/dma.o
LOAD ./Core/Src/gpio.o
LOAD ./Core/Src/i2c.o
LOAD ./Core/Src/main.o
LOAD ./Core/Src/maze_Turning.o
LOAD ./Core/Src/maze_strategy.o
LOAD ./Core/Src/maze_wall.o
LOAD ./Core/Src/mode_selection.o
LOAD ./Core/Src/record.o
LOAD ./Core/Src/stm32l4xx_hal_msp.o
LOAD ./Core/Src/stm32l4xx_it.o
LOAD ./Core/Src/syscalls.o
LOAD ./Core/Src/sysmem.o
LOAD ./Core/Src/system_stm32l4xx.o
LOAD ./Core/Src/tim.o
LOAD ./Core/Src/turning_parameter.o
LOAD ./Core/Src/usart.o
LOAD ./Core/Startup/startup_stm32l432kcux.o
LOAD ./Drivers/STM32L4xx_HAL_Driver/Src/stm32l4xx_hal.o
LOAD ./Drivers/STM32L4xx_HAL_Driver/Src/stm32l4xx_hal_adc.o
LOAD ./Drivers/STM32L4xx_HAL_Driver/Src/stm32l4xx_hal_adc_ex.o
LOAD ./Drivers/STM32L4xx_HAL_Driver/Src/stm32l4xx_hal_cortex.o
LOAD ./Drivers/STM32L4xx_HAL_Driver/Src/stm32l4xx_hal_dma.o
LOAD ./Drivers/STM32L4xx_HAL_Driver/Src/stm32l4xx_hal_dma_ex.o
LOAD ./Drivers/STM32L4xx_HAL_Driver/Src/stm32l4xx_hal_exti.o
LOAD ./Drivers/STM32L4xx_HAL_Driver/Src/stm32l4xx_hal_flash.o
LOAD ./Drivers/STM32L4xx_HAL_Driver/Src/stm32l4xx_hal_flash_ex.o
LOAD ./Drivers/STM32L4xx_HAL_Driver/Src/stm32l4xx_hal_flash_ramfunc.o
LOAD ./Drivers/STM32L4xx_HAL_Driver/Src/stm32l4xx_hal_gpio.o
LOAD ./Drivers/STM32L4xx_HAL_Driver/Src/stm32l4xx_hal_i2c.o
LOAD ./Drivers/STM32L4xx_HAL_Driver/Src/stm32l4xx_hal_i2c_ex.o
LOAD ./Drivers/STM32L4xx_HAL_Driver/Src/stm32l4xx_hal_pwr.o
LOAD ./Drivers/STM32L4xx_HAL_Driver/Src/stm32l4xx_hal_pwr_ex.o
LOAD ./Drivers/STM32L4xx_HAL_Driver/Src/stm32l4xx_hal_rcc.o
LOAD ./Drivers/STM32L4xx_HAL_Driver/Src/stm32l4xx_hal_rcc_ex.o
LOAD ./Drivers/STM32L4xx_HAL_Driver/Src/stm32l4xx_hal_tim.o
LOAD ./Drivers/STM32L4xx_HAL_Driver/Src/stm32l4xx_hal_tim_ex.o
LOAD ./Drivers/STM32L4xx_HAL_Driver/Src/stm32l4xx_hal_uart.o
LOAD ./Drivers/STM32L4xx_HAL_Driver/Src/stm32l4xx_hal_uart_ex.o
START GROUP
LOAD c:/st/stm32cubeide_1.9.0/stm32cubeide/plugins/com.st.stm32cube.ide.mcu.externaltools.gnu-tools-for-stm32.10.3-2021.10.win32_1.0.0.202111181127/tools/bin/../lib/gcc/arm-none-eabi/10.3.1/../../../../arm-none-eabi/lib/thumb/v7e-m+fp/hard\libc_nano.a
LOAD c:/st/stm32cubeide_1.9.0/stm32cubeide/plugins/com.st.stm32cube.ide.mcu.externaltools.gnu-tools-for-stm32.10.3-2021.10.win32_1.0.0.202111181127/tools/bin/../lib/gcc/arm-none-eabi/10.3.1/../../../../arm-none-eabi/lib/thumb/v7e-m+fp/hard\libm.a
END GROUP
START GROUP
LOAD c:/st/stm32cubeide_1.9.0/stm32cubeide/plugins/com.st.stm32cube.ide.mcu.externaltools.gnu-tools-for-stm32.10.3-2021.10.win32_1.0.0.202111181127/tools/bin/../lib/gcc/arm-none-eabi/10.3.1/thumb/v7e-m+fp/hard\libgcc.a
LOAD c:/st/stm32cubeide_1.9.0/stm32cubeide/plugins/com.st.stm32cube.ide.mcu.externaltools.gnu-tools-for-stm32.10.3-2021.10.win32_1.0.0.202111181127/tools/bin/../lib/gcc/arm-none-eabi/10.3.1/../../../../arm-none-eabi/lib/thumb/v7e-m+fp/hard\libc_nano.a
END GROUP
START GROUP
LOAD c:/st/stm32cubeide_1.9.0/stm32cubeide/plugins/com.st.stm32cube.ide.mcu.externaltools.gnu-tools-for-stm32.10.3-2021.10.win32_1.0.0.202111181127/tools/bin/../lib/gcc/arm-none-eabi/10.3.1/thumb/v7e-m+fp/hard\libgcc.a
LOAD c:/st/stm32cubeide_1.9.0/stm32cubeide/plugins/com.st.stm32cube.ide.mcu.externaltools.gnu-tools-for-stm32.10.3-2021.10.win32_1.0.0.202111181127/tools/bin/../lib/gcc/arm-none-eabi/10.3.1/../../../../arm-none-eabi/lib/thumb/v7e-m+fp/hard\libc_nano.a
LOAD c:/st/stm32cubeide_1.9.0/stm32cubeide/plugins/com.st.stm32cube.ide.mcu.externaltools.gnu-tools-for-stm32.10.3-2021.10.win32_1.0.0.202111181127/tools/bin/../lib/gcc/arm-none-eabi/10.3.1/../../../../arm-none-eabi/lib/thumb/v7e-m+fp/hard\libnosys.a
END GROUP
START GROUP
LOAD c:/st/stm32cubeide_1.9.0/stm32cubeide/plugins/com.st.stm32cube.ide.mcu.externaltools.gnu-tools-for-stm32.10.3-2021.10.win32_1.0.0.202111181127/tools/bin/../lib/gcc/arm-none-eabi/10.3.1/thumb/v7e-m+fp/hard\libgcc.a
LOAD c:/st/stm32cubeide_1.9.0/stm32cubeide/plugins/com.st.stm32cube.ide.mcu.externaltools.gnu-tools-for-stm32.10.3-2021.10.win32_1.0.0.202111181127/tools/bin/../lib/gcc/arm-none-eabi/10.3.1/../../../../arm-none-eabi/lib/thumb/v7e-m+fp/hard\libc_nano.a
LOAD c:/st/stm32cubeide_1.9.0/stm32cubeide/plugins/com.st.stm32cube.ide.mcu.externaltools.gnu-tools-for-stm32.10.3-2021.10.win32_1.0.0.202111181127/tools/bin/../lib/gcc/arm-none-eabi/10.3.1/../../../../arm-none-eabi/lib/thumb/v7e-m+fp/hard\libnosys.a
END GROUP
LOAD c:/st/stm32cubeide_1.9.0/stm32cubeide/plugins/com.st.stm32cube.ide.mcu.externaltools.gnu-tools-for-stm32.10.3-2021.10.win32_1.0.0.202111181127/tools/bin/../lib/gcc/arm-none-eabi/10.3.1/thumb/v7e-m+fp/hard/crtend.o
LOAD c:/st/stm32cubeide_1.9.0/stm32cubeide/plugins/com.st.stm32cube.ide.mcu.externaltools.gnu-tools-for-stm32.10.3-2021.10.win32_1.0.0.202111181127/tools/bin/../lib/gcc/arm-none-eabi/10.3.1/thumb/v7e-m+fp/hard/crtn.o
                0x0000000020010000                _estack = (ORIGIN (RAM) + LENGTH (RAM))
                0x0000000000000200                _Min_Heap_Size = 0x200
                0x0000000000000400                _Min_Stack_Size = 0x400

.isr_vector     0x0000000008000000      0x18c
                0x0000000008000000                . = ALIGN (0x4)
 *(.isr_vector)
 .isr_vector    0x0000000008000000      0x18c ./Core/Startup/startup_stm32l432kcux.o
                0x0000000008000000                g_pfnVectors
                0x000000000800018c                . = ALIGN (0x4)

.text           0x0000000008000190    0x14abc
                0x0000000008000190                . = ALIGN (0x4)
 *(.text)
 .text          0x0000000008000190       0x40 c:/st/stm32cubeide_1.9.0/stm32cubeide/plugins/com.st.stm32cube.ide.mcu.externaltools.gnu-tools-for-stm32.10.3-2021.10.win32_1.0.0.202111181127/tools/bin/../lib/gcc/arm-none-eabi/10.3.1/thumb/v7e-m+fp/hard/crtbegin.o
 .text          0x00000000080001d0       0x10 c:/st/stm32cubeide_1.9.0/stm32cubeide/plugins/com.st.stm32cube.ide.mcu.externaltools.gnu-tools-for-stm32.10.3-2021.10.win32_1.0.0.202111181127/tools/bin/../lib/gcc/arm-none-eabi/10.3.1/../../../../arm-none-eabi/lib/thumb/v7e-m+fp/hard\libc_nano.a(lib_a-strlen.o)
                0x00000000080001d0                strlen
 .text          0x00000000080001e0       0xa0 c:/st/stm32cubeide_1.9.0/stm32cubeide/plugins/com.st.stm32cube.ide.mcu.externaltools.gnu-tools-for-stm32.10.3-2021.10.win32_1.0.0.202111181127/tools/bin/../lib/gcc/arm-none-eabi/10.3.1/../../../../arm-none-eabi/lib/thumb/v7e-m+fp/hard\libc_nano.a(lib_a-memchr.o)
                0x00000000080001e0                memchr
 .text          0x0000000008000280      0x378 c:/st/stm32cubeide_1.9.0/stm32cubeide/plugins/com.st.stm32cube.ide.mcu.externaltools.gnu-tools-for-stm32.10.3-2021.10.win32_1.0.0.202111181127/tools/bin/../lib/gcc/arm-none-eabi/10.3.1/thumb/v7e-m+fp/hard\libgcc.a(_arm_addsubdf3.o)
                0x0000000008000280                __aeabi_drsub
                0x0000000008000288                __aeabi_dsub
                0x0000000008000288                __subdf3
                0x000000000800028c                __aeabi_dadd
                0x000000000800028c                __adddf3
                0x0000000008000504                __floatunsidf
                0x0000000008000504                __aeabi_ui2d
                0x0000000008000524                __floatsidf
                0x0000000008000524                __aeabi_i2d
                0x0000000008000548                __aeabi_f2d
                0x0000000008000548                __extendsfdf2
                0x000000000800058c                __floatundidf
                0x000000000800058c                __aeabi_ul2d
                0x000000000800059c                __floatdidf
                0x000000000800059c                __aeabi_l2d
 .text          0x00000000080005f8      0x424 c:/st/stm32cubeide_1.9.0/stm32cubeide/plugins/com.st.stm32cube.ide.mcu.externaltools.gnu-tools-for-stm32.10.3-2021.10.win32_1.0.0.202111181127/tools/bin/../lib/gcc/arm-none-eabi/10.3.1/thumb/v7e-m+fp/hard\libgcc.a(_arm_muldivdf3.o)
                0x00000000080005f8                __aeabi_dmul
                0x00000000080005f8                __muldf3
                0x000000000800084c                __divdf3
                0x000000000800084c                __aeabi_ddiv
 .text          0x0000000008000a1c      0x110 c:/st/stm32cubeide_1.9.0/stm32cubeide/plugins/com.st.stm32cube.ide.mcu.externaltools.gnu-tools-for-stm32.10.3-2021.10.win32_1.0.0.202111181127/tools/bin/../lib/gcc/arm-none-eabi/10.3.1/thumb/v7e-m+fp/hard\libgcc.a(_arm_cmpdf2.o)
                0x0000000008000a1c                __gtdf2
                0x0000000008000a1c                __gedf2
                0x0000000008000a24                __ltdf2
                0x0000000008000a24                __ledf2
                0x0000000008000a2c                __nedf2
                0x0000000008000a2c                __eqdf2
                0x0000000008000a2c                __cmpdf2
                0x0000000008000aa8                __aeabi_cdrcmple
                0x0000000008000ab8                __aeabi_cdcmpeq
                0x0000000008000ab8                __aeabi_cdcmple
                0x0000000008000ac8                __aeabi_dcmpeq
                0x0000000008000adc                __aeabi_dcmplt
                0x0000000008000af0                __aeabi_dcmple
                0x0000000008000b04                __aeabi_dcmpge
                0x0000000008000b18                __aeabi_dcmpgt
 .text          0x0000000008000b2c       0x2c c:/st/stm32cubeide_1.9.0/stm32cubeide/plugins/com.st.stm32cube.ide.mcu.externaltools.gnu-tools-for-stm32.10.3-2021.10.win32_1.0.0.202111181127/tools/bin/../lib/gcc/arm-none-eabi/10.3.1/thumb/v7e-m+fp/hard\libgcc.a(_arm_unorddf2.o)
                0x0000000008000b2c                __unorddf2
                0x0000000008000b2c                __aeabi_dcmpun
 .text          0x0000000008000b58       0x50 c:/st/stm32cubeide_1.9.0/stm32cubeide/plugins/com.st.stm32cube.ide.mcu.externaltools.gnu-tools-for-stm32.10.3-2021.10.win32_1.0.0.202111181127/tools/bin/../lib/gcc/arm-none-eabi/10.3.1/thumb/v7e-m+fp/hard\libgcc.a(_arm_fixdfsi.o)
                0x0000000008000b58                __aeabi_d2iz
                0x0000000008000b58                __fixdfsi
 .text          0x0000000008000ba8       0x40 c:/st/stm32cubeide_1.9.0/stm32cubeide/plugins/com.st.stm32cube.ide.mcu.externaltools.gnu-tools-for-stm32.10.3-2021.10.win32_1.0.0.202111181127/tools/bin/../lib/gcc/arm-none-eabi/10.3.1/thumb/v7e-m+fp/hard\libgcc.a(_arm_fixunsdfsi.o)
                0x0000000008000ba8                __aeabi_d2uiz
                0x0000000008000ba8                __fixunsdfsi
 .text          0x0000000008000be8       0xa0 c:/st/stm32cubeide_1.9.0/stm32cubeide/plugins/com.st.stm32cube.ide.mcu.externaltools.gnu-tools-for-stm32.10.3-2021.10.win32_1.0.0.202111181127/tools/bin/../lib/gcc/arm-none-eabi/10.3.1/thumb/v7e-m+fp/hard\libgcc.a(_arm_truncdfsf2.o)
                0x0000000008000be8                __truncdfsf2
                0x0000000008000be8                __aeabi_d2f
 .text          0x0000000008000c88       0x30 c:/st/stm32cubeide_1.9.0/stm32cubeide/plugins/com.st.stm32cube.ide.mcu.externaltools.gnu-tools-for-stm32.10.3-2021.10.win32_1.0.0.202111181127/tools/bin/../lib/gcc/arm-none-eabi/10.3.1/thumb/v7e-m+fp/hard\libgcc.a(_aeabi_uldivmod.o)
                0x0000000008000c88                __aeabi_uldivmod
 .text          0x0000000008000cb8      0x2d0 c:/st/stm32cubeide_1.9.0/stm32cubeide/plugins/com.st.stm32cube.ide.mcu.externaltools.gnu-tools-for-stm32.10.3-2021.10.win32_1.0.0.202111181127/tools/bin/../lib/gcc/arm-none-eabi/10.3.1/thumb/v7e-m+fp/hard\libgcc.a(_udivmoddi4.o)
                0x0000000008000cb8                __udivmoddi4
 .text          0x0000000008000f88        0x4 c:/st/stm32cubeide_1.9.0/stm32cubeide/plugins/com.st.stm32cube.ide.mcu.externaltools.gnu-tools-for-stm32.10.3-2021.10.win32_1.0.0.202111181127/tools/bin/../lib/gcc/arm-none-eabi/10.3.1/thumb/v7e-m+fp/hard\libgcc.a(_dvmd_tls.o)
                0x0000000008000f88                __aeabi_idiv0
                0x0000000008000f88                __aeabi_ldiv0
 *(.text*)
 .text.control_test_motor
                0x0000000008000f8c       0xa0 ./Core/Src/Control_motor.o
                0x0000000008000f8c                control_test_motor
 .text.control_test_motor2
                0x000000000800102c       0xc4 ./Core/Src/Control_motor.o
                0x000000000800102c                control_test_motor2
 .text.motor_init
                0x00000000080010f0       0x24 ./Core/Src/Control_motor.o
                0x00000000080010f0                motor_init
 *fill*         0x0000000008001114        0x4 
 .text.interrupt_Motor
                0x0000000008001118      0x3e4 ./Core/Src/Control_motor.o
                0x0000000008001118                interrupt_Motor
 .text.cal_table
                0x00000000080014fc      0x69c ./Core/Src/Control_motor.o
                0x00000000080014fc                cal_table
 .text.straight_table
                0x0000000008001b98      0x1f4 ./Core/Src/Control_motor.o
                0x0000000008001b98                straight_table
 .text.turning_table
                0x0000000008001d8c      0x1d4 ./Core/Src/Control_motor.o
                0x0000000008001d8c                turning_table
 .text.slalom_table
                0x0000000008001f60      0x1d8 ./Core/Src/Control_motor.o
                0x0000000008001f60                slalom_table
 .text.interrupt_calSensor
                0x0000000008002138      0x160 ./Core/Src/Control_sensor.o
                0x0000000008002138                interrupt_calSensor
 .text.init_WallControl
                0x0000000008002298       0x38 ./Core/Src/PID_wall.o
                0x0000000008002298                init_WallControl
 .text.calWallConrol
                0x00000000080022d0      0x2a8 ./Core/Src/PID_wall.o
                0x00000000080022d0                calWallConrol
 .text.lcd_cmd  0x0000000008002578       0x4c ./Core/Src/PL_lcd.o
                0x0000000008002578                lcd_cmd
 .text.lcd_data
                0x00000000080025c4       0x4c ./Core/Src/PL_lcd.o
                0x00000000080025c4                lcd_data
 .text.pl_lcd_puts
                0x0000000008002610       0x2a ./Core/Src/PL_lcd.o
                0x0000000008002610                pl_lcd_puts
 .text.pl_lcd_init
                0x000000000800263a       0x4c ./Core/Src/PL_lcd.o
                0x000000000800263a                pl_lcd_init
 .text.pl_lcd_pos
                0x0000000008002686       0x30 ./Core/Src/PL_lcd.o
                0x0000000008002686                pl_lcd_pos
 .text.pl_lcd_clear
                0x00000000080026b6       0x14 ./Core/Src/PL_lcd.o
                0x00000000080026b6                pl_lcd_clear
 *fill*         0x00000000080026ca        0x2 
 .text.write_LED
                0x00000000080026cc       0x24 ./Core/Src/PL_led.o
                0x00000000080026cc                write_LED
 .text.pl_motor_init
                0x00000000080026f0       0x38 ./Core/Src/PL_motor.o
                0x00000000080026f0                pl_motor_init
 .text.pl_motor_standby
                0x0000000008002728       0x58 ./Core/Src/PL_motor.o
                0x0000000008002728                pl_motor_standby
 .text.pl_motor_mode_L
                0x0000000008002780       0x3e ./Core/Src/PL_motor.o
                0x0000000008002780                pl_motor_mode_L
 *fill*         0x00000000080027be        0x2 
 .text.pl_motor_mode_R
                0x00000000080027c0       0x3c ./Core/Src/PL_motor.o
                0x00000000080027c0                pl_motor_mode_R
 .text.pl_motor_start
                0x00000000080027fc       0x28 ./Core/Src/PL_motor.o
                0x00000000080027fc                pl_motor_start
 .text.pl_motor_stop
                0x0000000008002824       0x20 ./Core/Src/PL_motor.o
                0x0000000008002824                pl_motor_stop
 .text.pl_motor_count_L
                0x0000000008002844       0x28 ./Core/Src/PL_motor.o
                0x0000000008002844                pl_motor_count_L
 .text.pl_motor_count_R
                0x000000000800286c       0x28 ./Core/Src/PL_motor.o
                0x000000000800286c                pl_motor_count_R
 .text.pl_interrupt_motor_count_L
                0x0000000008002894       0x58 ./Core/Src/PL_motor.o
                0x0000000008002894                pl_interrupt_motor_count_L
 .text.pl_interrupt_motor_count_R
                0x00000000080028ec       0x58 ./Core/Src/PL_motor.o
                0x00000000080028ec                pl_interrupt_motor_count_R
 *fill*         0x0000000008002944        0x4 
 .text.calMotorVelocityCount
                0x0000000008002948       0x9c ./Core/Src/PL_motor.o
                0x0000000008002948                calMotorVelocityCount
 *fill*         0x00000000080029e4        0x4 
 .text.pl_getbatt
                0x00000000080029e8       0xb4 ./Core/Src/PL_sensor.o
                0x00000000080029e8                pl_getbatt
 *fill*         0x0000000008002a9c        0x4 
 .text.pl_callback_getSensor
                0x0000000008002aa0      0x1b4 ./Core/Src/PL_sensor.o
                0x0000000008002aa0                pl_callback_getSensor
 .text.pl_interupt_getSensor
                0x0000000008002c54       0x1c ./Core/Src/PL_sensor.o
                0x0000000008002c54                pl_interupt_getSensor
 .text.pl_test_speaker
                0x0000000008002c70       0x44 ./Core/Src/PL_speaker.o
                0x0000000008002c70                pl_test_speaker
 .text.pl_speaker_init
                0x0000000008002cb4       0x20 ./Core/Src/PL_speaker.o
                0x0000000008002cb4                pl_speaker_init
 *fill*         0x0000000008002cd4        0x4 
 .text.calFrequencyCount
                0x0000000008002cd8       0x6c ./Core/Src/PL_speaker.o
                0x0000000008002cd8                calFrequencyCount
 *fill*         0x0000000008002d44        0x4 
 .text.pl_play_oneSound
                0x0000000008002d48       0xd8 ./Core/Src/PL_speaker.o
                0x0000000008002d48                pl_play_oneSound
 .text.pl_play_Music
                0x0000000008002e20       0xc8 ./Core/Src/PL_speaker.o
                0x0000000008002e20                pl_play_Music
 .text.inputZelda_nazo
                0x0000000008002ee8       0x94 ./Core/Src/PL_speaker.o
                0x0000000008002ee8                inputZelda_nazo
 .text.inputseria
                0x0000000008002f7c      0xc3c ./Core/Src/PL_speaker.o
                0x0000000008002f7c                inputseria
 .text.read_switch1
                0x0000000008003bb8       0x2c ./Core/Src/PL_switch.o
                0x0000000008003bb8                read_switch1
 .text.read_switch2
                0x0000000008003be4       0x2c ./Core/Src/PL_switch.o
                0x0000000008003be4                read_switch2
 .text.pl_timer_init
                0x0000000008003c10       0x14 ./Core/Src/PL_timer.o
                0x0000000008003c10                pl_timer_init
 .text.pl_timer_count
                0x0000000008003c24       0x1c ./Core/Src/PL_timer.o
                0x0000000008003c24                pl_timer_count
 .text.wait_ms  0x0000000008003c40       0x38 ./Core/Src/PL_timer.o
                0x0000000008003c40                wait_ms
 .text.MX_ADC1_Init
                0x0000000008003c78      0x14c ./Core/Src/adc.o
                0x0000000008003c78                MX_ADC1_Init
 .text.HAL_ADC_MspInit
                0x0000000008003dc4      0x15c ./Core/Src/adc.o
                0x0000000008003dc4                HAL_ADC_MspInit
 .text.HAL_ADC_ConvCpltCallback
                0x0000000008003f20       0x14 ./Core/Src/adc.o
                0x0000000008003f20                HAL_ADC_ConvCpltCallback
 .text.MX_DMA_Init
                0x0000000008003f34       0x3c ./Core/Src/dma.o
                0x0000000008003f34                MX_DMA_Init
 .text.MX_GPIO_Init
                0x0000000008003f70      0x108 ./Core/Src/gpio.o
                0x0000000008003f70                MX_GPIO_Init
 .text.MX_I2C1_Init
                0x0000000008004078       0x80 ./Core/Src/i2c.o
                0x0000000008004078                MX_I2C1_Init
 .text.HAL_I2C_MspInit
                0x00000000080040f8       0xb0 ./Core/Src/i2c.o
                0x00000000080040f8                HAL_I2C_MspInit
 .text.main     0x00000000080041a8      0x108 ./Core/Src/main.o
                0x00000000080041a8                main
 .text.SystemClock_Config
                0x00000000080042b0       0x9e ./Core/Src/main.o
                0x00000000080042b0                SystemClock_Config
 .text.Error_Handler
                0x000000000800434e        0xa ./Core/Src/main.o
                0x000000000800434e                Error_Handler
 .text.test_motor_start
                0x0000000008004358       0x3a ./Core/Src/maze_Turning.o
                0x0000000008004358                test_motor_start
 .text.test_motor_stop
                0x0000000008004392       0x1a ./Core/Src/maze_Turning.o
                0x0000000008004392                test_motor_stop
 .text.slalomR  0x00000000080043ac      0x298 ./Core/Src/maze_Turning.o
                0x00000000080043ac                slalomR
 .text.slalomL  0x0000000008004644      0x2a4 ./Core/Src/maze_Turning.o
                0x0000000008004644                slalomL
 .text.turn90R  0x00000000080048e8      0x238 ./Core/Src/maze_Turning.o
                0x00000000080048e8                turn90R
 .text.turn90L  0x0000000008004b20      0x244 ./Core/Src/maze_Turning.o
                0x0000000008004b20                turn90L
 .text.turn180R
                0x0000000008004d64      0x238 ./Core/Src/maze_Turning.o
                0x0000000008004d64                turn180R
 .text.turn180L
                0x0000000008004f9c      0x244 ./Core/Src/maze_Turning.o
                0x0000000008004f9c                turn180L
 .text.turn45inR
                0x00000000080051e0      0x37c ./Core/Src/maze_Turning.o
                0x00000000080051e0                turn45inR
 *fill*         0x000000000800555c        0x4 
 .text.turn45inL
                0x0000000008005560      0x384 ./Core/Src/maze_Turning.o
                0x0000000008005560                turn45inL
 *fill*         0x00000000080058e4        0x4 
 .text.turn135inR
                0x00000000080058e8      0x37c ./Core/Src/maze_Turning.o
                0x00000000080058e8                turn135inR
 *fill*         0x0000000008005c64        0x4 
 .text.turn135inL
                0x0000000008005c68      0x384 ./Core/Src/maze_Turning.o
                0x0000000008005c68                turn135inL
 *fill*         0x0000000008005fec        0x4 
 .text.turn45outR
                0x0000000008005ff0      0x20c ./Core/Src/maze_Turning.o
                0x0000000008005ff0                turn45outR
 *fill*         0x00000000080061fc        0x4 
 .text.turn45outL
                0x0000000008006200      0x214 ./Core/Src/maze_Turning.o
                0x0000000008006200                turn45outL
 *fill*         0x0000000008006414        0x4 
 .text.turn135outR
                0x0000000008006418      0x20c ./Core/Src/maze_Turning.o
                0x0000000008006418                turn135outR
 *fill*         0x0000000008006624        0x4 
 .text.turn135outL
                0x0000000008006628      0x214 ./Core/Src/maze_Turning.o
                0x0000000008006628                turn135outL
 *fill*         0x000000000800683c        0x4 
 .text.V90R     0x0000000008006840      0x208 ./Core/Src/maze_Turning.o
                0x0000000008006840                V90R
 .text.V90L     0x0000000008006a48      0x214 ./Core/Src/maze_Turning.o
                0x0000000008006a48                V90L
 .text.testturning
                0x0000000008006c5c       0xce ./Core/Src/maze_Turning.o
                0x0000000008006c5c                testturning
 *fill*         0x0000000008006d2a        0x2 
 .text.AdatiWayReturn
                0x0000000008006d2c      0xbfc ./Core/Src/maze_strategy.o
                0x0000000008006d2c                AdatiWayReturn
 .text.update_coordinate
                0x0000000008007928       0x6c ./Core/Src/maze_strategy.o
                0x0000000008007928                update_coordinate
 *fill*         0x0000000008007994        0x4 
 .text.ShortestWay
                0x0000000008007998     0x17d0 ./Core/Src/maze_strategy.o
                0x0000000008007998                ShortestWay
 .text.update_wall
                0x0000000008009168      0x620 ./Core/Src/maze_wall.o
                0x0000000008009168                update_wall
 .text.search_AroundWalkCount
                0x0000000008009788      0x144 ./Core/Src/maze_wall.o
                0x0000000008009788                search_AroundWalkCount
 .text.maze_maker0
                0x00000000080098cc      0x1f8 ./Core/Src/maze_wall.o
                0x00000000080098cc                maze_maker0
 .text.maze_maker
                0x0000000008009ac4      0x390 ./Core/Src/maze_wall.o
                0x0000000008009ac4                maze_maker
 .text.maze_makerBack
                0x0000000008009e54      0x360 ./Core/Src/maze_wall.o
                0x0000000008009e54                maze_makerBack
 .text.maze_display
                0x000000000800a1b4      0x310 ./Core/Src/maze_wall.o
                0x000000000800a1b4                maze_display
 .text.mode_decision
                0x000000000800a4c4      0x12c ./Core/Src/mode_selection.o
                0x000000000800a4c4                mode_decision
 .text.mode_display0
                0x000000000800a5f0       0x8c ./Core/Src/mode_selection.o
                0x000000000800a5f0                mode_display0
 .text.mode_display1
                0x000000000800a67c       0x5c ./Core/Src/mode_selection.o
                0x000000000800a67c                mode_display1
 .text.mode_execution
                0x000000000800a6d8       0xdc ./Core/Src/mode_selection.o
                0x000000000800a6d8                mode_execution
 .text.mode_PLtest
                0x000000000800a7b4      0x234 ./Core/Src/mode_selection.o
                0x000000000800a7b4                mode_PLtest
 .text.mode_Running
                0x000000000800a9e8       0x9c ./Core/Src/mode_selection.o
                0x000000000800a9e8                mode_Running
 .text.mode_Tuning
                0x000000000800aa84      0x1e0 ./Core/Src/mode_selection.o
                0x000000000800aa84                mode_Tuning
 .text.mode_Log
                0x000000000800ac64      0x100 ./Core/Src/mode_selection.o
                0x000000000800ac64                mode_Log
 .text.record_reset
                0x000000000800ad64       0x24 ./Core/Src/record.o
                0x000000000800ad64                record_reset
 .text.record_data
                0x000000000800ad88       0x7c ./Core/Src/record.o
                0x000000000800ad88                record_data
 .text.record_print
                0x000000000800ae04       0x7c ./Core/Src/record.o
                0x000000000800ae04                record_print
 .text.interrupt_record
                0x000000000800ae80       0x60 ./Core/Src/record.o
                0x000000000800ae80                interrupt_record
 .text.HAL_MspInit
                0x000000000800aee0       0x48 ./Core/Src/stm32l4xx_hal_msp.o
                0x000000000800aee0                HAL_MspInit
 .text.NMI_Handler
                0x000000000800af28        0x6 ./Core/Src/stm32l4xx_it.o
                0x000000000800af28                NMI_Handler
 .text.HardFault_Handler
                0x000000000800af2e        0x6 ./Core/Src/stm32l4xx_it.o
                0x000000000800af2e                HardFault_Handler
 .text.MemManage_Handler
                0x000000000800af34        0x6 ./Core/Src/stm32l4xx_it.o
                0x000000000800af34                MemManage_Handler
 .text.BusFault_Handler
                0x000000000800af3a        0x6 ./Core/Src/stm32l4xx_it.o
                0x000000000800af3a                BusFault_Handler
 .text.UsageFault_Handler
                0x000000000800af40        0x6 ./Core/Src/stm32l4xx_it.o
                0x000000000800af40                UsageFault_Handler
 .text.SVC_Handler
                0x000000000800af46        0xe ./Core/Src/stm32l4xx_it.o
                0x000000000800af46                SVC_Handler
 .text.DebugMon_Handler
                0x000000000800af54        0xe ./Core/Src/stm32l4xx_it.o
                0x000000000800af54                DebugMon_Handler
 .text.PendSV_Handler
                0x000000000800af62        0xe ./Core/Src/stm32l4xx_it.o
                0x000000000800af62                PendSV_Handler
 .text.SysTick_Handler
                0x000000000800af70        0xc ./Core/Src/stm32l4xx_it.o
                0x000000000800af70                SysTick_Handler
 .text.DMA1_Channel1_IRQHandler
                0x000000000800af7c       0x14 ./Core/Src/stm32l4xx_it.o
                0x000000000800af7c                DMA1_Channel1_IRQHandler
 .text.TIM1_UP_TIM16_IRQHandler
                0x000000000800af90       0x18 ./Core/Src/stm32l4xx_it.o
                0x000000000800af90                TIM1_UP_TIM16_IRQHandler
 .text.TIM2_IRQHandler
                0x000000000800afa8       0x18 ./Core/Src/stm32l4xx_it.o
                0x000000000800afa8                TIM2_IRQHandler
 .text.TIM6_DAC_IRQHandler
                0x000000000800afc0       0x28 ./Core/Src/stm32l4xx_it.o
                0x000000000800afc0                TIM6_DAC_IRQHandler
 .text._getpid  0x000000000800afe8       0x10 ./Core/Src/syscalls.o
                0x000000000800afe8                _getpid
 .text._kill    0x000000000800aff8       0x20 ./Core/Src/syscalls.o
                0x000000000800aff8                _kill
 .text._exit    0x000000000800b018       0x14 ./Core/Src/syscalls.o
                0x000000000800b018                _exit
 .text._read    0x000000000800b02c       0x3a ./Core/Src/syscalls.o
                0x000000000800b02c                _read
 *fill*         0x000000000800b066        0x2 
 .text._write   0x000000000800b068       0x40 ./Core/Src/syscalls.o
                0x000000000800b068                _write
 .text._close   0x000000000800b0a8       0x18 ./Core/Src/syscalls.o
                0x000000000800b0a8                _close
 .text._fstat   0x000000000800b0c0       0x20 ./Core/Src/syscalls.o
                0x000000000800b0c0                _fstat
 .text._isatty  0x000000000800b0e0       0x16 ./Core/Src/syscalls.o
                0x000000000800b0e0                _isatty
 .text._lseek   0x000000000800b0f6       0x1a ./Core/Src/syscalls.o
                0x000000000800b0f6                _lseek
 .text._sbrk    0x000000000800b110       0x6c ./Core/Src/sysmem.o
                0x000000000800b110                _sbrk
 .text.SystemInit
                0x000000000800b17c       0x24 ./Core/Src/system_stm32l4xx.o
                0x000000000800b17c                SystemInit
 .text.MX_TIM1_Init
                0x000000000800b1a0      0x120 ./Core/Src/tim.o
                0x000000000800b1a0                MX_TIM1_Init
 .text.MX_TIM2_Init
                0x000000000800b2c0       0xb4 ./Core/Src/tim.o
                0x000000000800b2c0                MX_TIM2_Init
 .text.MX_TIM6_Init
                0x000000000800b374       0x6c ./Core/Src/tim.o
                0x000000000800b374                MX_TIM6_Init
 .text.MX_TIM15_Init
                0x000000000800b3e0      0x10c ./Core/Src/tim.o
                0x000000000800b3e0                MX_TIM15_Init
 .text.HAL_TIM_PWM_MspInit
                0x000000000800b4ec       0xa8 ./Core/Src/tim.o
                0x000000000800b4ec                HAL_TIM_PWM_MspInit
 .text.HAL_TIM_Base_MspInit
                0x000000000800b594       0x4c ./Core/Src/tim.o
                0x000000000800b594                HAL_TIM_Base_MspInit
 .text.HAL_TIM_MspPostInit
                0x000000000800b5e0      0x100 ./Core/Src/tim.o
                0x000000000800b5e0                HAL_TIM_MspPostInit
 .text.input_parameter
                0x000000000800b6e0      0xb98 ./Core/Src/turning_parameter.o
                0x000000000800b6e0                input_parameter
 .text.MX_USART2_UART_Init
                0x000000000800c278       0x60 ./Core/Src/usart.o
                0x000000000800c278                MX_USART2_UART_Init
 .text.HAL_UART_MspInit
                0x000000000800c2d8       0xd4 ./Core/Src/usart.o
                0x000000000800c2d8                HAL_UART_MspInit
 .text.Reset_Handler
                0x000000000800c3ac       0x50 ./Core/Startup/startup_stm32l432kcux.o
                0x000000000800c3ac                Reset_Handler
 .text.Default_Handler
                0x000000000800c3fc        0x2 ./Core/Startup/startup_stm32l432kcux.o
                0x000000000800c3fc                RTC_Alarm_IRQHandler
                0x000000000800c3fc                EXTI2_IRQHandler
                0x000000000800c3fc                TIM1_CC_IRQHandler
                0x000000000800c3fc                TSC_IRQHandler
                0x000000000800c3fc                TAMP_STAMP_IRQHandler
                0x000000000800c3fc                EXTI3_IRQHandler
                0x000000000800c3fc                LPTIM2_IRQHandler
                0x000000000800c3fc                I2C3_ER_IRQHandler
                0x000000000800c3fc                EXTI0_IRQHandler
                0x000000000800c3fc                CAN1_RX0_IRQHandler
                0x000000000800c3fc                FPU_IRQHandler
                0x000000000800c3fc                SPI1_IRQHandler
                0x000000000800c3fc                DMA2_Channel2_IRQHandler
                0x000000000800c3fc                DMA1_Channel4_IRQHandler
                0x000000000800c3fc                ADC1_IRQHandler
                0x000000000800c3fc                DMA1_Channel7_IRQHandler
                0x000000000800c3fc                CAN1_RX1_IRQHandler
                0x000000000800c3fc                DMA2_Channel1_IRQHandler
                0x000000000800c3fc                QUADSPI_IRQHandler
                0x000000000800c3fc                I2C1_EV_IRQHandler
                0x000000000800c3fc                DMA1_Channel6_IRQHandler
                0x000000000800c3fc                DMA2_Channel4_IRQHandler
                0x000000000800c3fc                RCC_IRQHandler
                0x000000000800c3fc                TIM1_TRG_COM_IRQHandler
                0x000000000800c3fc                Default_Handler
                0x000000000800c3fc                DMA2_Channel7_IRQHandler
                0x000000000800c3fc                EXTI15_10_IRQHandler
                0x000000000800c3fc                TIM7_IRQHandler
                0x000000000800c3fc                I2C3_EV_IRQHandler
                0x000000000800c3fc                USB_IRQHandler
                0x000000000800c3fc                EXTI9_5_IRQHandler
                0x000000000800c3fc                RTC_WKUP_IRQHandler
                0x000000000800c3fc                PVD_PVM_IRQHandler
                0x000000000800c3fc                CAN1_TX_IRQHandler
                0x000000000800c3fc                DMA2_Channel5_IRQHandler
                0x000000000800c3fc                CRS_IRQHandler
                0x000000000800c3fc                DMA1_Channel5_IRQHandler
                0x000000000800c3fc                EXTI4_IRQHandler
                0x000000000800c3fc                RNG_IRQHandler
                0x000000000800c3fc                DMA1_Channel3_IRQHandler
                0x000000000800c3fc                COMP_IRQHandler
                0x000000000800c3fc                WWDG_IRQHandler
                0x000000000800c3fc                LPUART1_IRQHandler
                0x000000000800c3fc                DMA2_Channel6_IRQHandler
                0x000000000800c3fc                EXTI1_IRQHandler
                0x000000000800c3fc                USART2_IRQHandler
                0x000000000800c3fc                DMA1_Channel2_IRQHandler
                0x000000000800c3fc                CAN1_SCE_IRQHandler
                0x000000000800c3fc                FLASH_IRQHandler
                0x000000000800c3fc                USART1_IRQHandler
                0x000000000800c3fc                SPI3_IRQHandler
                0x000000000800c3fc                I2C1_ER_IRQHandler
                0x000000000800c3fc                SWPMI1_IRQHandler
                0x000000000800c3fc                LPTIM1_IRQHandler
                0x000000000800c3fc                SAI1_IRQHandler
                0x000000000800c3fc                DMA2_Channel3_IRQHandler
                0x000000000800c3fc                TIM1_BRK_TIM15_IRQHandler
 .text.HAL_Init
                0x000000000800c3fe       0x30 ./Drivers/STM32L4xx_HAL_Driver/Src/stm32l4xx_hal.o
                0x000000000800c3fe                HAL_Init
 *fill*         0x000000000800c42e        0x2 
 .text.HAL_InitTick
                0x000000000800c430       0x78 ./Drivers/STM32L4xx_HAL_Driver/Src/stm32l4xx_hal.o
                0x000000000800c430                HAL_InitTick
 .text.HAL_IncTick
                0x000000000800c4a8       0x28 ./Drivers/STM32L4xx_HAL_Driver/Src/stm32l4xx_hal.o
                0x000000000800c4a8                HAL_IncTick
 .text.HAL_GetTick
                0x000000000800c4d0       0x18 ./Drivers/STM32L4xx_HAL_Driver/Src/stm32l4xx_hal.o
                0x000000000800c4d0                HAL_GetTick
 .text.HAL_Delay
                0x000000000800c4e8       0x48 ./Drivers/STM32L4xx_HAL_Driver/Src/stm32l4xx_hal.o
                0x000000000800c4e8                HAL_Delay
 .text.LL_ADC_SetCommonClock
                0x000000000800c530       0x26 ./Drivers/STM32L4xx_HAL_Driver/Src/stm32l4xx_hal_adc.o
 .text.LL_ADC_SetCommonPathInternalCh
                0x000000000800c556       0x26 ./Drivers/STM32L4xx_HAL_Driver/Src/stm32l4xx_hal_adc.o
 .text.LL_ADC_GetCommonPathInternalCh
                0x000000000800c57c       0x1c ./Drivers/STM32L4xx_HAL_Driver/Src/stm32l4xx_hal_adc.o
 .text.LL_ADC_SetOffset
                0x000000000800c598       0x48 ./Drivers/STM32L4xx_HAL_Driver/Src/stm32l4xx_hal_adc.o
 .text.LL_ADC_GetOffsetChannel
                0x000000000800c5e0       0x2c ./Drivers/STM32L4xx_HAL_Driver/Src/stm32l4xx_hal_adc.o
 .text.LL_ADC_SetOffsetState
                0x000000000800c60c       0x36 ./Drivers/STM32L4xx_HAL_Driver/Src/stm32l4xx_hal_adc.o
 .text.LL_ADC_REG_IsTriggerSourceSWStart
                0x000000000800c642       0x26 ./Drivers/STM32L4xx_HAL_Driver/Src/stm32l4xx_hal_adc.o
 .text.LL_ADC_REG_SetSequencerRanks
                0x000000000800c668       0x58 ./Drivers/STM32L4xx_HAL_Driver/Src/stm32l4xx_hal_adc.o
 .text.LL_ADC_SetChannelSamplingTime
                0x000000000800c6c0       0x56 ./Drivers/STM32L4xx_HAL_Driver/Src/stm32l4xx_hal_adc.o
 *fill*         0x000000000800c716        0x2 
 .text.LL_ADC_SetChannelSingleDiff
                0x000000000800c718       0x48 ./Drivers/STM32L4xx_HAL_Driver/Src/stm32l4xx_hal_adc.o
 .text.LL_ADC_DisableDeepPowerDown
                0x000000000800c760       0x24 ./Drivers/STM32L4xx_HAL_Driver/Src/stm32l4xx_hal_adc.o
 .text.LL_ADC_IsDeepPowerDownEnabled
                0x000000000800c784       0x28 ./Drivers/STM32L4xx_HAL_Driver/Src/stm32l4xx_hal_adc.o
 .text.LL_ADC_EnableInternalRegulator
                0x000000000800c7ac       0x28 ./Drivers/STM32L4xx_HAL_Driver/Src/stm32l4xx_hal_adc.o
 .text.LL_ADC_IsInternalRegulatorEnabled
                0x000000000800c7d4       0x28 ./Drivers/STM32L4xx_HAL_Driver/Src/stm32l4xx_hal_adc.o
 .text.LL_ADC_Enable
                0x000000000800c7fc       0x28 ./Drivers/STM32L4xx_HAL_Driver/Src/stm32l4xx_hal_adc.o
 .text.LL_ADC_Disable
                0x000000000800c824       0x28 ./Drivers/STM32L4xx_HAL_Driver/Src/stm32l4xx_hal_adc.o
 .text.LL_ADC_IsEnabled
                0x000000000800c84c       0x26 ./Drivers/STM32L4xx_HAL_Driver/Src/stm32l4xx_hal_adc.o
 .text.LL_ADC_IsDisableOngoing
                0x000000000800c872       0x26 ./Drivers/STM32L4xx_HAL_Driver/Src/stm32l4xx_hal_adc.o
 .text.LL_ADC_REG_StartConversion
                0x000000000800c898       0x28 ./Drivers/STM32L4xx_HAL_Driver/Src/stm32l4xx_hal_adc.o
 .text.LL_ADC_REG_StopConversion
                0x000000000800c8c0       0x28 ./Drivers/STM32L4xx_HAL_Driver/Src/stm32l4xx_hal_adc.o
 .text.LL_ADC_REG_IsConversionOngoing
                0x000000000800c8e8       0x26 ./Drivers/STM32L4xx_HAL_Driver/Src/stm32l4xx_hal_adc.o
 .text.LL_ADC_INJ_StopConversion
                0x000000000800c90e       0x28 ./Drivers/STM32L4xx_HAL_Driver/Src/stm32l4xx_hal_adc.o
 .text.LL_ADC_INJ_IsConversionOngoing
                0x000000000800c936       0x26 ./Drivers/STM32L4xx_HAL_Driver/Src/stm32l4xx_hal_adc.o
 .text.HAL_ADC_Init
                0x000000000800c95c      0x290 ./Drivers/STM32L4xx_HAL_Driver/Src/stm32l4xx_hal_adc.o
                0x000000000800c95c                HAL_ADC_Init
 .text.HAL_ADC_Start
                0x000000000800cbec       0xc6 ./Drivers/STM32L4xx_HAL_Driver/Src/stm32l4xx_hal_adc.o
                0x000000000800cbec                HAL_ADC_Start
 .text.HAL_ADC_Stop
                0x000000000800ccb2       0x66 ./Drivers/STM32L4xx_HAL_Driver/Src/stm32l4xx_hal_adc.o
                0x000000000800ccb2                HAL_ADC_Stop
 .text.HAL_ADC_PollForConversion
                0x000000000800cd18      0x11e ./Drivers/STM32L4xx_HAL_Driver/Src/stm32l4xx_hal_adc.o
                0x000000000800cd18                HAL_ADC_PollForConversion
 *fill*         0x000000000800ce36        0x2 
 .text.HAL_ADC_Start_DMA
                0x000000000800ce38      0x108 ./Drivers/STM32L4xx_HAL_Driver/Src/stm32l4xx_hal_adc.o
                0x000000000800ce38                HAL_ADC_Start_DMA
 .text.HAL_ADC_Stop_DMA
                0x000000000800cf40       0xc2 ./Drivers/STM32L4xx_HAL_Driver/Src/stm32l4xx_hal_adc.o
                0x000000000800cf40                HAL_ADC_Stop_DMA
 .text.HAL_ADC_GetValue
                0x000000000800d002       0x1a ./Drivers/STM32L4xx_HAL_Driver/Src/stm32l4xx_hal_adc.o
                0x000000000800d002                HAL_ADC_GetValue
 .text.HAL_ADC_ConvHalfCpltCallback
                0x000000000800d01c       0x14 ./Drivers/STM32L4xx_HAL_Driver/Src/stm32l4xx_hal_adc.o
                0x000000000800d01c                HAL_ADC_ConvHalfCpltCallback
 .text.HAL_ADC_ErrorCallback
                0x000000000800d030       0x14 ./Drivers/STM32L4xx_HAL_Driver/Src/stm32l4xx_hal_adc.o
                0x000000000800d030                HAL_ADC_ErrorCallback
 .text.HAL_ADC_ConfigChannel
                0x000000000800d044      0x7c0 ./Drivers/STM32L4xx_HAL_Driver/Src/stm32l4xx_hal_adc.o
                0x000000000800d044                HAL_ADC_ConfigChannel
 .text.ADC_ConversionStop
                0x000000000800d804      0x178 ./Drivers/STM32L4xx_HAL_Driver/Src/stm32l4xx_hal_adc.o
                0x000000000800d804                ADC_ConversionStop
 .text.ADC_Enable
                0x000000000800d97c       0xc4 ./Drivers/STM32L4xx_HAL_Driver/Src/stm32l4xx_hal_adc.o
                0x000000000800d97c                ADC_Enable
 .text.ADC_Disable
                0x000000000800da40       0xbe ./Drivers/STM32L4xx_HAL_Driver/Src/stm32l4xx_hal_adc.o
                0x000000000800da40                ADC_Disable
 .text.ADC_DMAConvCplt
                0x000000000800dafe       0xd8 ./Drivers/STM32L4xx_HAL_Driver/Src/stm32l4xx_hal_adc.o
                0x000000000800dafe                ADC_DMAConvCplt
 .text.ADC_DMAHalfConvCplt
                0x000000000800dbd6       0x1c ./Drivers/STM32L4xx_HAL_Driver/Src/stm32l4xx_hal_adc.o
                0x000000000800dbd6                ADC_DMAHalfConvCplt
 .text.ADC_DMAError
                0x000000000800dbf2       0x34 ./Drivers/STM32L4xx_HAL_Driver/Src/stm32l4xx_hal_adc.o
                0x000000000800dbf2                ADC_DMAError
 *fill*         0x000000000800dc26        0x2 
 .text.__NVIC_SetPriorityGrouping
                0x000000000800dc28       0x48 ./Drivers/STM32L4xx_HAL_Driver/Src/stm32l4xx_hal_cortex.o
 .text.__NVIC_GetPriorityGrouping
                0x000000000800dc70       0x1c ./Drivers/STM32L4xx_HAL_Driver/Src/stm32l4xx_hal_cortex.o
 .text.__NVIC_EnableIRQ
                0x000000000800dc8c       0x3c ./Drivers/STM32L4xx_HAL_Driver/Src/stm32l4xx_hal_cortex.o
 .text.__NVIC_SetPriority
                0x000000000800dcc8       0x54 ./Drivers/STM32L4xx_HAL_Driver/Src/stm32l4xx_hal_cortex.o
 .text.NVIC_EncodePriority
                0x000000000800dd1c       0x66 ./Drivers/STM32L4xx_HAL_Driver/Src/stm32l4xx_hal_cortex.o
 *fill*         0x000000000800dd82        0x2 
 .text.SysTick_Config
                0x000000000800dd84       0x44 ./Drivers/STM32L4xx_HAL_Driver/Src/stm32l4xx_hal_cortex.o
 .text.HAL_NVIC_SetPriorityGrouping
                0x000000000800ddc8       0x16 ./Drivers/STM32L4xx_HAL_Driver/Src/stm32l4xx_hal_cortex.o
                0x000000000800ddc8                HAL_NVIC_SetPriorityGrouping
 .text.HAL_NVIC_SetPriority
                0x000000000800ddde       0x38 ./Drivers/STM32L4xx_HAL_Driver/Src/stm32l4xx_hal_cortex.o
                0x000000000800ddde                HAL_NVIC_SetPriority
 .text.HAL_NVIC_EnableIRQ
                0x000000000800de16       0x1c ./Drivers/STM32L4xx_HAL_Driver/Src/stm32l4xx_hal_cortex.o
                0x000000000800de16                HAL_NVIC_EnableIRQ
 .text.HAL_SYSTICK_Config
                0x000000000800de32       0x18 ./Drivers/STM32L4xx_HAL_Driver/Src/stm32l4xx_hal_cortex.o
                0x000000000800de32                HAL_SYSTICK_Config
 *fill*         0x000000000800de4a        0x2 
 .text.HAL_DMA_Init
                0x000000000800de4c      0x170 ./Drivers/STM32L4xx_HAL_Driver/Src/stm32l4xx_hal_dma.o
                0x000000000800de4c                HAL_DMA_Init
 .text.HAL_DMA_Start_IT
                0x000000000800dfbc       0xc0 ./Drivers/STM32L4xx_HAL_Driver/Src/stm32l4xx_hal_dma.o
                0x000000000800dfbc                HAL_DMA_Start_IT
 .text.HAL_DMA_Abort
                0x000000000800e07c       0x7c ./Drivers/STM32L4xx_HAL_Driver/Src/stm32l4xx_hal_dma.o
                0x000000000800e07c                HAL_DMA_Abort
 .text.HAL_DMA_IRQHandler
                0x000000000800e0f8      0x15e ./Drivers/STM32L4xx_HAL_Driver/Src/stm32l4xx_hal_dma.o
                0x000000000800e0f8                HAL_DMA_IRQHandler
 .text.DMA_SetConfig
                0x000000000800e256       0x60 ./Drivers/STM32L4xx_HAL_Driver/Src/stm32l4xx_hal_dma.o
 *fill*         0x000000000800e2b6        0x2 
 .text.HAL_GPIO_Init
                0x000000000800e2b8      0x2d4 ./Drivers/STM32L4xx_HAL_Driver/Src/stm32l4xx_hal_gpio.o
                0x000000000800e2b8                HAL_GPIO_Init
 .text.HAL_GPIO_ReadPin
                0x000000000800e58c       0x30 ./Drivers/STM32L4xx_HAL_Driver/Src/stm32l4xx_hal_gpio.o
                0x000000000800e58c                HAL_GPIO_ReadPin
 .text.HAL_GPIO_WritePin
                0x000000000800e5bc       0x30 ./Drivers/STM32L4xx_HAL_Driver/Src/stm32l4xx_hal_gpio.o
                0x000000000800e5bc                HAL_GPIO_WritePin
 .text.HAL_I2C_Init
                0x000000000800e5ec      0x11e ./Drivers/STM32L4xx_HAL_Driver/Src/stm32l4xx_hal_i2c.o
                0x000000000800e5ec                HAL_I2C_Init
 *fill*         0x000000000800e70a        0x2 
 .text.HAL_I2C_Master_Transmit
                0x000000000800e70c      0x1e8 ./Drivers/STM32L4xx_HAL_Driver/Src/stm32l4xx_hal_i2c.o
                0x000000000800e70c                HAL_I2C_Master_Transmit
 .text.HAL_I2C_GetError
                0x000000000800e8f4       0x18 ./Drivers/STM32L4xx_HAL_Driver/Src/stm32l4xx_hal_i2c.o
                0x000000000800e8f4                HAL_I2C_GetError
 .text.I2C_Flush_TXDR
                0x000000000800e90c       0x48 ./Drivers/STM32L4xx_HAL_Driver/Src/stm32l4xx_hal_i2c.o
 .text.I2C_WaitOnFlagUntilTimeout
                0x000000000800e954       0x80 ./Drivers/STM32L4xx_HAL_Driver/Src/stm32l4xx_hal_i2c.o
 .text.I2C_WaitOnTXISFlagUntilTimeout
                0x000000000800e9d4       0x80 ./Drivers/STM32L4xx_HAL_Driver/Src/stm32l4xx_hal_i2c.o
 .text.I2C_WaitOnSTOPFlagUntilTimeout
                0x000000000800ea54       0x78 ./Drivers/STM32L4xx_HAL_Driver/Src/stm32l4xx_hal_i2c.o
 .text.I2C_IsAcknowledgeFailed
                0x000000000800eacc       0xcc ./Drivers/STM32L4xx_HAL_Driver/Src/stm32l4xx_hal_i2c.o
 .text.I2C_TransferConfig
                0x000000000800eb98       0x5c ./Drivers/STM32L4xx_HAL_Driver/Src/stm32l4xx_hal_i2c.o
 .text.HAL_I2CEx_ConfigAnalogFilter
                0x000000000800ebf4       0x96 ./Drivers/STM32L4xx_HAL_Driver/Src/stm32l4xx_hal_i2c_ex.o
                0x000000000800ebf4                HAL_I2CEx_ConfigAnalogFilter
 .text.HAL_I2CEx_ConfigDigitalFilter
                0x000000000800ec8a       0x98 ./Drivers/STM32L4xx_HAL_Driver/Src/stm32l4xx_hal_i2c_ex.o
                0x000000000800ec8a                HAL_I2CEx_ConfigDigitalFilter
 *fill*         0x000000000800ed22        0x2 
 .text.HAL_PWREx_GetVoltageRange
                0x000000000800ed24       0x1c ./Drivers/STM32L4xx_HAL_Driver/Src/stm32l4xx_hal_pwr_ex.o
                0x000000000800ed24                HAL_PWREx_GetVoltageRange
 .text.HAL_PWREx_ControlVoltageScaling
                0x000000000800ed40       0xac ./Drivers/STM32L4xx_HAL_Driver/Src/stm32l4xx_hal_pwr_ex.o
                0x000000000800ed40                HAL_PWREx_ControlVoltageScaling
 .text.HAL_RCC_OscConfig
                0x000000000800edec      0x840 ./Drivers/STM32L4xx_HAL_Driver/Src/stm32l4xx_hal_rcc.o
                0x000000000800edec                HAL_RCC_OscConfig
 .text.HAL_RCC_ClockConfig
                0x000000000800f62c      0x1c4 ./Drivers/STM32L4xx_HAL_Driver/Src/stm32l4xx_hal_rcc.o
                0x000000000800f62c                HAL_RCC_ClockConfig
 .text.HAL_RCC_GetSysClockFreq
                0x000000000800f7f0      0x118 ./Drivers/STM32L4xx_HAL_Driver/Src/stm32l4xx_hal_rcc.o
                0x000000000800f7f0                HAL_RCC_GetSysClockFreq
 .text.HAL_RCC_GetHCLKFreq
                0x000000000800f908       0x18 ./Drivers/STM32L4xx_HAL_Driver/Src/stm32l4xx_hal_rcc.o
                0x000000000800f908                HAL_RCC_GetHCLKFreq
 .text.HAL_RCC_GetPCLK1Freq
                0x000000000800f920       0x2c ./Drivers/STM32L4xx_HAL_Driver/Src/stm32l4xx_hal_rcc.o
                0x000000000800f920                HAL_RCC_GetPCLK1Freq
 .text.HAL_RCC_GetPCLK2Freq
                0x000000000800f94c       0x2c ./Drivers/STM32L4xx_HAL_Driver/Src/stm32l4xx_hal_rcc.o
                0x000000000800f94c                HAL_RCC_GetPCLK2Freq
 .text.RCC_SetFlashLatencyFromMSIRange
                0x000000000800f978       0xc0 ./Drivers/STM32L4xx_HAL_Driver/Src/stm32l4xx_hal_rcc.o
 .text.HAL_RCCEx_PeriphCLKConfig
                0x000000000800fa38      0x3ec ./Drivers/STM32L4xx_HAL_Driver/Src/stm32l4xx_hal_rcc_ex.o
                0x000000000800fa38                HAL_RCCEx_PeriphCLKConfig
 .text.RCCEx_PLLSAI1_Config
                0x000000000800fe24      0x1e4 ./Drivers/STM32L4xx_HAL_Driver/Src/stm32l4xx_hal_rcc_ex.o
 .text.HAL_TIM_Base_Init
                0x0000000008010008       0xae ./Drivers/STM32L4xx_HAL_Driver/Src/stm32l4xx_hal_tim.o
                0x0000000008010008                HAL_TIM_Base_Init
 *fill*         0x00000000080100b6        0x2 
 .text.HAL_TIM_Base_Start_IT
                0x00000000080100b8       0xa8 ./Drivers/STM32L4xx_HAL_Driver/Src/stm32l4xx_hal_tim.o
                0x00000000080100b8                HAL_TIM_Base_Start_IT
 .text.HAL_TIM_PWM_Init
                0x0000000008010160       0xae ./Drivers/STM32L4xx_HAL_Driver/Src/stm32l4xx_hal_tim.o
                0x0000000008010160                HAL_TIM_PWM_Init
 *fill*         0x000000000801020e        0x2 
 .text.HAL_TIM_PWM_Start
                0x0000000008010210      0x1bc ./Drivers/STM32L4xx_HAL_Driver/Src/stm32l4xx_hal_tim.o
                0x0000000008010210                HAL_TIM_PWM_Start
 .text.HAL_TIM_PWM_Stop
                0x00000000080103cc      0x110 ./Drivers/STM32L4xx_HAL_Driver/Src/stm32l4xx_hal_tim.o
                0x00000000080103cc                HAL_TIM_PWM_Stop
 .text.HAL_TIM_IRQHandler
                0x00000000080104dc      0x23e ./Drivers/STM32L4xx_HAL_Driver/Src/stm32l4xx_hal_tim.o
                0x00000000080104dc                HAL_TIM_IRQHandler
 *fill*         0x000000000801071a        0x2 
 .text.HAL_TIM_PWM_ConfigChannel
                0x000000000801071c      0x220 ./Drivers/STM32L4xx_HAL_Driver/Src/stm32l4xx_hal_tim.o
                0x000000000801071c                HAL_TIM_PWM_ConfigChannel
 .text.HAL_TIM_PeriodElapsedCallback
                0x000000000801093c       0x14 ./Drivers/STM32L4xx_HAL_Driver/Src/stm32l4xx_hal_tim.o
                0x000000000801093c                HAL_TIM_PeriodElapsedCallback
 .text.HAL_TIM_OC_DelayElapsedCallback
                0x0000000008010950       0x14 ./Drivers/STM32L4xx_HAL_Driver/Src/stm32l4xx_hal_tim.o
                0x0000000008010950                HAL_TIM_OC_DelayElapsedCallback
 .text.HAL_TIM_IC_CaptureCallback
                0x0000000008010964       0x14 ./Drivers/STM32L4xx_HAL_Driver/Src/stm32l4xx_hal_tim.o
                0x0000000008010964                HAL_TIM_IC_CaptureCallback
 .text.HAL_TIM_PWM_PulseFinishedCallback
                0x0000000008010978       0x14 ./Drivers/STM32L4xx_HAL_Driver/Src/stm32l4xx_hal_tim.o
                0x0000000008010978                HAL_TIM_PWM_PulseFinishedCallback
 .text.HAL_TIM_TriggerCallback
                0x000000000801098c       0x14 ./Drivers/STM32L4xx_HAL_Driver/Src/stm32l4xx_hal_tim.o
                0x000000000801098c                HAL_TIM_TriggerCallback
 .text.TIM_Base_SetConfig
                0x00000000080109a0       0xc8 ./Drivers/STM32L4xx_HAL_Driver/Src/stm32l4xx_hal_tim.o
                0x00000000080109a0                TIM_Base_SetConfig
 .text.TIM_OC1_SetConfig
                0x0000000008010a68       0xf8 ./Drivers/STM32L4xx_HAL_Driver/Src/stm32l4xx_hal_tim.o
 .text.TIM_OC2_SetConfig
                0x0000000008010b60       0xf4 ./Drivers/STM32L4xx_HAL_Driver/Src/stm32l4xx_hal_tim.o
                0x0000000008010b60                TIM_OC2_SetConfig
 .text.TIM_OC3_SetConfig
                0x0000000008010c54       0xf0 ./Drivers/STM32L4xx_HAL_Driver/Src/stm32l4xx_hal_tim.o
 .text.TIM_OC4_SetConfig
                0x0000000008010d44       0xbc ./Drivers/STM32L4xx_HAL_Driver/Src/stm32l4xx_hal_tim.o
 .text.TIM_OC5_SetConfig
                0x0000000008010e00       0xb0 ./Drivers/STM32L4xx_HAL_Driver/Src/stm32l4xx_hal_tim.o
 .text.TIM_OC6_SetConfig
                0x0000000008010eb0       0xb4 ./Drivers/STM32L4xx_HAL_Driver/Src/stm32l4xx_hal_tim.o
 .text.TIM_CCxChannelCmd
                0x0000000008010f64       0x4a ./Drivers/STM32L4xx_HAL_Driver/Src/stm32l4xx_hal_tim.o
                0x0000000008010f64                TIM_CCxChannelCmd
 *fill*         0x0000000008010fae        0x2 
 .text.HAL_TIMEx_MasterConfigSynchronization
                0x0000000008010fb0       0xcc ./Drivers/STM32L4xx_HAL_Driver/Src/stm32l4xx_hal_tim_ex.o
                0x0000000008010fb0                HAL_TIMEx_MasterConfigSynchronization
 .text.HAL_TIMEx_ConfigBreakDeadTime
                0x000000000801107c       0xf0 ./Drivers/STM32L4xx_HAL_Driver/Src/stm32l4xx_hal_tim_ex.o
                0x000000000801107c                HAL_TIMEx_ConfigBreakDeadTime
 .text.HAL_TIMEx_CommutCallback
                0x000000000801116c       0x14 ./Drivers/STM32L4xx_HAL_Driver/Src/stm32l4xx_hal_tim_ex.o
                0x000000000801116c                HAL_TIMEx_CommutCallback
 .text.HAL_TIMEx_BreakCallback
                0x0000000008011180       0x14 ./Drivers/STM32L4xx_HAL_Driver/Src/stm32l4xx_hal_tim_ex.o
                0x0000000008011180                HAL_TIMEx_BreakCallback
 .text.HAL_TIMEx_Break2Callback
                0x0000000008011194       0x14 ./Drivers/STM32L4xx_HAL_Driver/Src/stm32l4xx_hal_tim_ex.o
                0x0000000008011194                HAL_TIMEx_Break2Callback
 .text.HAL_UART_Init
                0x00000000080111a8       0x9c ./Drivers/STM32L4xx_HAL_Driver/Src/stm32l4xx_hal_uart.o
                0x00000000080111a8                HAL_UART_Init
 .text.HAL_UART_Transmit
                0x0000000008011244      0x128 ./Drivers/STM32L4xx_HAL_Driver/Src/stm32l4xx_hal_uart.o
                0x0000000008011244                HAL_UART_Transmit
 .text.UART_SetConfig
                0x000000000801136c      0x45c ./Drivers/STM32L4xx_HAL_Driver/Src/stm32l4xx_hal_uart.o
                0x000000000801136c                UART_SetConfig
 .text.UART_AdvFeatureConfig
                0x00000000080117c8      0x144 ./Drivers/STM32L4xx_HAL_Driver/Src/stm32l4xx_hal_uart.o
                0x00000000080117c8                UART_AdvFeatureConfig
 .text.UART_CheckIdleState
                0x000000000801190c       0x92 ./Drivers/STM32L4xx_HAL_Driver/Src/stm32l4xx_hal_uart.o
                0x000000000801190c                UART_CheckIdleState
 .text.UART_WaitOnFlagUntilTimeout
                0x000000000801199e       0xf8 ./Drivers/STM32L4xx_HAL_Driver/Src/stm32l4xx_hal_uart.o
                0x000000000801199e                UART_WaitOnFlagUntilTimeout
 *fill*         0x0000000008011a96        0x2 
 .text.__errno  0x0000000008011a98        0xc c:/st/stm32cubeide_1.9.0/stm32cubeide/plugins/com.st.stm32cube.ide.mcu.externaltools.gnu-tools-for-stm32.10.3-2021.10.win32_1.0.0.202111181127/tools/bin/../lib/gcc/arm-none-eabi/10.3.1/../../../../arm-none-eabi/lib/thumb/v7e-m+fp/hard\libc_nano.a(lib_a-errno.o)
                0x0000000008011a98                __errno
 .text.__libc_init_array
                0x0000000008011aa4       0x48 c:/st/stm32cubeide_1.9.0/stm32cubeide/plugins/com.st.stm32cube.ide.mcu.externaltools.gnu-tools-for-stm32.10.3-2021.10.win32_1.0.0.202111181127/tools/bin/../lib/gcc/arm-none-eabi/10.3.1/../../../../arm-none-eabi/lib/thumb/v7e-m+fp/hard\libc_nano.a(lib_a-init.o)
                0x0000000008011aa4                __libc_init_array
 .text.memcpy   0x0000000008011aec       0x1c c:/st/stm32cubeide_1.9.0/stm32cubeide/plugins/com.st.stm32cube.ide.mcu.externaltools.gnu-tools-for-stm32.10.3-2021.10.win32_1.0.0.202111181127/tools/bin/../lib/gcc/arm-none-eabi/10.3.1/../../../../arm-none-eabi/lib/thumb/v7e-m+fp/hard\libc_nano.a(lib_a-memcpy-stub.o)
                0x0000000008011aec                memcpy
 .text.memset   0x0000000008011b08       0x10 c:/st/stm32cubeide_1.9.0/stm32cubeide/plugins/com.st.stm32cube.ide.mcu.externaltools.gnu-tools-for-stm32.10.3-2021.10.win32_1.0.0.202111181127/tools/bin/../lib/gcc/arm-none-eabi/10.3.1/../../../../arm-none-eabi/lib/thumb/v7e-m+fp/hard\libc_nano.a(lib_a-memset.o)
                0x0000000008011b08                memset
 .text.__cvt    0x0000000008011b18       0xc4 c:/st/stm32cubeide_1.9.0/stm32cubeide/plugins/com.st.stm32cube.ide.mcu.externaltools.gnu-tools-for-stm32.10.3-2021.10.win32_1.0.0.202111181127/tools/bin/../lib/gcc/arm-none-eabi/10.3.1/../../../../arm-none-eabi/lib/thumb/v7e-m+fp/hard\libc_nano.a(lib_a-nano-vfprintf_float.o)
                0x0000000008011b18                __cvt
 .text.__exponent
                0x0000000008011bdc       0x7c c:/st/stm32cubeide_1.9.0/stm32cubeide/plugins/com.st.stm32cube.ide.mcu.externaltools.gnu-tools-for-stm32.10.3-2021.10.win32_1.0.0.202111181127/tools/bin/../lib/gcc/arm-none-eabi/10.3.1/../../../../arm-none-eabi/lib/thumb/v7e-m+fp/hard\libc_nano.a(lib_a-nano-vfprintf_float.o)
                0x0000000008011bdc                __exponent
 .text._printf_float
                0x0000000008011c58      0x46c c:/st/stm32cubeide_1.9.0/stm32cubeide/plugins/com.st.stm32cube.ide.mcu.externaltools.gnu-tools-for-stm32.10.3-2021.10.win32_1.0.0.202111181127/tools/bin/../lib/gcc/arm-none-eabi/10.3.1/../../../../arm-none-eabi/lib/thumb/v7e-m+fp/hard\libc_nano.a(lib_a-nano-vfprintf_float.o)
                0x0000000008011c58                _printf_float
 .text._printf_common
                0x00000000080120c4       0xda c:/st/stm32cubeide_1.9.0/stm32cubeide/plugins/com.st.stm32cube.ide.mcu.externaltools.gnu-tools-for-stm32.10.3-2021.10.win32_1.0.0.202111181127/tools/bin/../lib/gcc/arm-none-eabi/10.3.1/../../../../arm-none-eabi/lib/thumb/v7e-m+fp/hard\libc_nano.a(lib_a-nano-vfprintf_i.o)
                0x00000000080120c4                _printf_common
 *fill*         0x000000000801219e        0x2 
 .text._printf_i
                0x00000000080121a0      0x24c c:/st/stm32cubeide_1.9.0/stm32cubeide/plugins/com.st.stm32cube.ide.mcu.externaltools.gnu-tools-for-stm32.10.3-2021.10.win32_1.0.0.202111181127/tools/bin/../lib/gcc/arm-none-eabi/10.3.1/../../../../arm-none-eabi/lib/thumb/v7e-m+fp/hard\libc_nano.a(lib_a-nano-vfprintf_i.o)
                0x00000000080121a0                _printf_i
 .text.printf   0x00000000080123ec       0x30 c:/st/stm32cubeide_1.9.0/stm32cubeide/plugins/com.st.stm32cube.ide.mcu.externaltools.gnu-tools-for-stm32.10.3-2021.10.win32_1.0.0.202111181127/tools/bin/../lib/gcc/arm-none-eabi/10.3.1/../../../../arm-none-eabi/lib/thumb/v7e-m+fp/hard\libc_nano.a(lib_a-printf.o)
                0x00000000080123ec                iprintf
                0x00000000080123ec                printf
 .text.putchar  0x000000000801241c       0x2c c:/st/stm32cubeide_1.9.0/stm32cubeide/plugins/com.st.stm32cube.ide.mcu.externaltools.gnu-tools-for-stm32.10.3-2021.10.win32_1.0.0.202111181127/tools/bin/../lib/gcc/arm-none-eabi/10.3.1/../../../../arm-none-eabi/lib/thumb/v7e-m+fp/hard\libc_nano.a(lib_a-putchar.o)
                0x000000000801241c                putchar
 .text._puts_r  0x0000000008012448       0xdc c:/st/stm32cubeide_1.9.0/stm32cubeide/plugins/com.st.stm32cube.ide.mcu.externaltools.gnu-tools-for-stm32.10.3-2021.10.win32_1.0.0.202111181127/tools/bin/../lib/gcc/arm-none-eabi/10.3.1/../../../../arm-none-eabi/lib/thumb/v7e-m+fp/hard\libc_nano.a(lib_a-puts.o)
                0x0000000008012448                _puts_r
 .text.puts     0x0000000008012524       0x10 c:/st/stm32cubeide_1.9.0/stm32cubeide/plugins/com.st.stm32cube.ide.mcu.externaltools.gnu-tools-for-stm32.10.3-2021.10.win32_1.0.0.202111181127/tools/bin/../lib/gcc/arm-none-eabi/10.3.1/../../../../arm-none-eabi/lib/thumb/v7e-m+fp/hard\libc_nano.a(lib_a-puts.o)
                0x0000000008012524                puts
 .text.setbuf   0x0000000008012534       0x10 c:/st/stm32cubeide_1.9.0/stm32cubeide/plugins/com.st.stm32cube.ide.mcu.externaltools.gnu-tools-for-stm32.10.3-2021.10.win32_1.0.0.202111181127/tools/bin/../lib/gcc/arm-none-eabi/10.3.1/../../../../arm-none-eabi/lib/thumb/v7e-m+fp/hard\libc_nano.a(lib_a-setbuf.o)
                0x0000000008012534                setbuf
 .text.setvbuf  0x0000000008012544      0x18c c:/st/stm32cubeide_1.9.0/stm32cubeide/plugins/com.st.stm32cube.ide.mcu.externaltools.gnu-tools-for-stm32.10.3-2021.10.win32_1.0.0.202111181127/tools/bin/../lib/gcc/arm-none-eabi/10.3.1/../../../../arm-none-eabi/lib/thumb/v7e-m+fp/hard\libc_nano.a(lib_a-setvbuf.o)
                0x0000000008012544                setvbuf
 .text.sprintf  0x00000000080126d0       0x40 c:/st/stm32cubeide_1.9.0/stm32cubeide/plugins/com.st.stm32cube.ide.mcu.externaltools.gnu-tools-for-stm32.10.3-2021.10.win32_1.0.0.202111181127/tools/bin/../lib/gcc/arm-none-eabi/10.3.1/../../../../arm-none-eabi/lib/thumb/v7e-m+fp/hard\libc_nano.a(lib_a-sprintf.o)
                0x00000000080126d0                siprintf
                0x00000000080126d0                sprintf
 .text.__swbuf_r
                0x0000000008012710       0xa4 c:/st/stm32cubeide_1.9.0/stm32cubeide/plugins/com.st.stm32cube.ide.mcu.externaltools.gnu-tools-for-stm32.10.3-2021.10.win32_1.0.0.202111181127/tools/bin/../lib/gcc/arm-none-eabi/10.3.1/../../../../arm-none-eabi/lib/thumb/v7e-m+fp/hard\libc_nano.a(lib_a-wbuf.o)
                0x0000000008012710                __swbuf_r
 .text.__swsetup_r
                0x00000000080127b4       0xdc c:/st/stm32cubeide_1.9.0/stm32cubeide/plugins/com.st.stm32cube.ide.mcu.externaltools.gnu-tools-for-stm32.10.3-2021.10.win32_1.0.0.202111181127/tools/bin/../lib/gcc/arm-none-eabi/10.3.1/../../../../arm-none-eabi/lib/thumb/v7e-m+fp/hard\libc_nano.a(lib_a-wsetup.o)
                0x00000000080127b4                __swsetup_r
 .text.quorem   0x0000000008012890      0x116 c:/st/stm32cubeide_1.9.0/stm32cubeide/plugins/com.st.stm32cube.ide.mcu.externaltools.gnu-tools-for-stm32.10.3-2021.10.win32_1.0.0.202111181127/tools/bin/../lib/gcc/arm-none-eabi/10.3.1/../../../../arm-none-eabi/lib/thumb/v7e-m+fp/hard\libc_nano.a(lib_a-dtoa.o)
 *fill*         0x00000000080129a6        0x2 
 .text._dtoa_r  0x00000000080129a8      0xbdc c:/st/stm32cubeide_1.9.0/stm32cubeide/plugins/com.st.stm32cube.ide.mcu.externaltools.gnu-tools-for-stm32.10.3-2021.10.win32_1.0.0.202111181127/tools/bin/../lib/gcc/arm-none-eabi/10.3.1/../../../../arm-none-eabi/lib/thumb/v7e-m+fp/hard\libc_nano.a(lib_a-dtoa.o)
                0x00000000080129a8                _dtoa_r
 .text.__sflush_r
                0x0000000008013584      0x10c c:/st/stm32cubeide_1.9.0/stm32cubeide/plugins/com.st.stm32cube.ide.mcu.externaltools.gnu-tools-for-stm32.10.3-2021.10.win32_1.0.0.202111181127/tools/bin/../lib/gcc/arm-none-eabi/10.3.1/../../../../arm-none-eabi/lib/thumb/v7e-m+fp/hard\libc_nano.a(lib_a-fflush.o)
                0x0000000008013584                __sflush_r
 .text._fflush_r
                0x0000000008013690       0x78 c:/st/stm32cubeide_1.9.0/stm32cubeide/plugins/com.st.stm32cube.ide.mcu.externaltools.gnu-tools-for-stm32.10.3-2021.10.win32_1.0.0.202111181127/tools/bin/../lib/gcc/arm-none-eabi/10.3.1/../../../../arm-none-eabi/lib/thumb/v7e-m+fp/hard\libc_nano.a(lib_a-fflush.o)
                0x0000000008013690                _fflush_r
 .text.std      0x0000000008013708       0x48 c:/st/stm32cubeide_1.9.0/stm32cubeide/plugins/com.st.stm32cube.ide.mcu.externaltools.gnu-tools-for-stm32.10.3-2021.10.win32_1.0.0.202111181127/tools/bin/../lib/gcc/arm-none-eabi/10.3.1/../../../../arm-none-eabi/lib/thumb/v7e-m+fp/hard\libc_nano.a(lib_a-findfp.o)
 .text._cleanup_r
                0x0000000008013750        0xc c:/st/stm32cubeide_1.9.0/stm32cubeide/plugins/com.st.stm32cube.ide.mcu.externaltools.gnu-tools-for-stm32.10.3-2021.10.win32_1.0.0.202111181127/tools/bin/../lib/gcc/arm-none-eabi/10.3.1/../../../../arm-none-eabi/lib/thumb/v7e-m+fp/hard\libc_nano.a(lib_a-findfp.o)
                0x0000000008013750                _cleanup_r
 .text.__sfmoreglue
                0x000000000801375c       0x2c c:/st/stm32cubeide_1.9.0/stm32cubeide/plugins/com.st.stm32cube.ide.mcu.externaltools.gnu-tools-for-stm32.10.3-2021.10.win32_1.0.0.202111181127/tools/bin/../lib/gcc/arm-none-eabi/10.3.1/../../../../arm-none-eabi/lib/thumb/v7e-m+fp/hard\libc_nano.a(lib_a-findfp.o)
                0x000000000801375c                __sfmoreglue
 .text.__sfp_lock_acquire
                0x0000000008013788        0xc c:/st/stm32cubeide_1.9.0/stm32cubeide/plugins/com.st.stm32cube.ide.mcu.externaltools.gnu-tools-for-stm32.10.3-2021.10.win32_1.0.0.202111181127/tools/bin/../lib/gcc/arm-none-eabi/10.3.1/../../../../arm-none-eabi/lib/thumb/v7e-m+fp/hard\libc_nano.a(lib_a-findfp.o)
                0x0000000008013788                __sfp_lock_acquire
 .text.__sfp_lock_release
                0x0000000008013794        0xc c:/st/stm32cubeide_1.9.0/stm32cubeide/plugins/com.st.stm32cube.ide.mcu.externaltools.gnu-tools-for-stm32.10.3-2021.10.win32_1.0.0.202111181127/tools/bin/../lib/gcc/arm-none-eabi/10.3.1/../../../../arm-none-eabi/lib/thumb/v7e-m+fp/hard\libc_nano.a(lib_a-findfp.o)
                0x0000000008013794                __sfp_lock_release
 .text.__sinit_lock_acquire
                0x00000000080137a0        0xc c:/st/stm32cubeide_1.9.0/stm32cubeide/plugins/com.st.stm32cube.ide.mcu.externaltools.gnu-tools-for-stm32.10.3-2021.10.win32_1.0.0.202111181127/tools/bin/../lib/gcc/arm-none-eabi/10.3.1/../../../../arm-none-eabi/lib/thumb/v7e-m+fp/hard\libc_nano.a(lib_a-findfp.o)
                0x00000000080137a0                __sinit_lock_acquire
 .text.__sinit_lock_release
                0x00000000080137ac        0xc c:/st/stm32cubeide_1.9.0/stm32cubeide/plugins/com.st.stm32cube.ide.mcu.externaltools.gnu-tools-for-stm32.10.3-2021.10.win32_1.0.0.202111181127/tools/bin/../lib/gcc/arm-none-eabi/10.3.1/../../../../arm-none-eabi/lib/thumb/v7e-m+fp/hard\libc_nano.a(lib_a-findfp.o)
                0x00000000080137ac                __sinit_lock_release
 .text.__sinit  0x00000000080137b8       0x70 c:/st/stm32cubeide_1.9.0/stm32cubeide/plugins/com.st.stm32cube.ide.mcu.externaltools.gnu-tools-for-stm32.10.3-2021.10.win32_1.0.0.202111181127/tools/bin/../lib/gcc/arm-none-eabi/10.3.1/../../../../arm-none-eabi/lib/thumb/v7e-m+fp/hard\libc_nano.a(lib_a-findfp.o)
                0x00000000080137b8                __sinit
 .text.__sfp    0x0000000008013828       0x8c c:/st/stm32cubeide_1.9.0/stm32cubeide/plugins/com.st.stm32cube.ide.mcu.externaltools.gnu-tools-for-stm32.10.3-2021.10.win32_1.0.0.202111181127/tools/bin/../lib/gcc/arm-none-eabi/10.3.1/../../../../arm-none-eabi/lib/thumb/v7e-m+fp/hard\libc_nano.a(lib_a-findfp.o)
                0x0000000008013828                __sfp
 .text._fwalk_reent
                0x00000000080138b4       0x3e c:/st/stm32cubeide_1.9.0/stm32cubeide/plugins/com.st.stm32cube.ide.mcu.externaltools.gnu-tools-for-stm32.10.3-2021.10.win32_1.0.0.202111181127/tools/bin/../lib/gcc/arm-none-eabi/10.3.1/../../../../arm-none-eabi/lib/thumb/v7e-m+fp/hard\libc_nano.a(lib_a-fwalk.o)
                0x00000000080138b4                _fwalk_reent
 *fill*         0x00000000080138f2        0x2 
 .text._localeconv_r
                0x00000000080138f4        0x8 c:/st/stm32cubeide_1.9.0/stm32cubeide/plugins/com.st.stm32cube.ide.mcu.externaltools.gnu-tools-for-stm32.10.3-2021.10.win32_1.0.0.202111181127/tools/bin/../lib/gcc/arm-none-eabi/10.3.1/../../../../arm-none-eabi/lib/thumb/v7e-m+fp/hard\libc_nano.a(lib_a-localeconv.o)
                0x00000000080138f4                _localeconv_r
 .text.__retarget_lock_init_recursive
                0x00000000080138fc        0x2 c:/st/stm32cubeide_1.9.0/stm32cubeide/plugins/com.st.stm32cube.ide.mcu.externaltools.gnu-tools-for-stm32.10.3-2021.10.win32_1.0.0.202111181127/tools/bin/../lib/gcc/arm-none-eabi/10.3.1/../../../../arm-none-eabi/lib/thumb/v7e-m+fp/hard\libc_nano.a(lib_a-lock.o)
                0x00000000080138fc                __retarget_lock_init_recursive
 .text.__retarget_lock_acquire_recursive
                0x00000000080138fe        0x2 c:/st/stm32cubeide_1.9.0/stm32cubeide/plugins/com.st.stm32cube.ide.mcu.externaltools.gnu-tools-for-stm32.10.3-2021.10.win32_1.0.0.202111181127/tools/bin/../lib/gcc/arm-none-eabi/10.3.1/../../../../arm-none-eabi/lib/thumb/v7e-m+fp/hard\libc_nano.a(lib_a-lock.o)
                0x00000000080138fe                __retarget_lock_acquire_recursive
 .text.__retarget_lock_release_recursive
                0x0000000008013900        0x2 c:/st/stm32cubeide_1.9.0/stm32cubeide/plugins/com.st.stm32cube.ide.mcu.externaltools.gnu-tools-for-stm32.10.3-2021.10.win32_1.0.0.202111181127/tools/bin/../lib/gcc/arm-none-eabi/10.3.1/../../../../arm-none-eabi/lib/thumb/v7e-m+fp/hard\libc_nano.a(lib_a-lock.o)
                0x0000000008013900                __retarget_lock_release_recursive
 .text.__swhatbuf_r
                0x0000000008013902       0x4a c:/st/stm32cubeide_1.9.0/stm32cubeide/plugins/com.st.stm32cube.ide.mcu.externaltools.gnu-tools-for-stm32.10.3-2021.10.win32_1.0.0.202111181127/tools/bin/../lib/gcc/arm-none-eabi/10.3.1/../../../../arm-none-eabi/lib/thumb/v7e-m+fp/hard\libc_nano.a(lib_a-makebuf.o)
                0x0000000008013902                __swhatbuf_r
 .text.__smakebuf_r
                0x000000000801394c       0x80 c:/st/stm32cubeide_1.9.0/stm32cubeide/plugins/com.st.stm32cube.ide.mcu.externaltools.gnu-tools-for-stm32.10.3-2021.10.win32_1.0.0.202111181127/tools/bin/../lib/gcc/arm-none-eabi/10.3.1/../../../../arm-none-eabi/lib/thumb/v7e-m+fp/hard\libc_nano.a(lib_a-makebuf.o)
                0x000000000801394c                __smakebuf_r
 .text.malloc   0x00000000080139cc       0x10 c:/st/stm32cubeide_1.9.0/stm32cubeide/plugins/com.st.stm32cube.ide.mcu.externaltools.gnu-tools-for-stm32.10.3-2021.10.win32_1.0.0.202111181127/tools/bin/../lib/gcc/arm-none-eabi/10.3.1/../../../../arm-none-eabi/lib/thumb/v7e-m+fp/hard\libc_nano.a(lib_a-malloc.o)
                0x00000000080139cc                malloc
 .text._Balloc  0x00000000080139dc       0x80 c:/st/stm32cubeide_1.9.0/stm32cubeide/plugins/com.st.stm32cube.ide.mcu.externaltools.gnu-tools-for-stm32.10.3-2021.10.win32_1.0.0.202111181127/tools/bin/../lib/gcc/arm-none-eabi/10.3.1/../../../../arm-none-eabi/lib/thumb/v7e-m+fp/hard\libc_nano.a(lib_a-mprec.o)
                0x00000000080139dc                _Balloc
 .text._Bfree   0x0000000008013a5c       0x44 c:/st/stm32cubeide_1.9.0/stm32cubeide/plugins/com.st.stm32cube.ide.mcu.externaltools.gnu-tools-for-stm32.10.3-2021.10.win32_1.0.0.202111181127/tools/bin/../lib/gcc/arm-none-eabi/10.3.1/../../../../arm-none-eabi/lib/thumb/v7e-m+fp/hard\libc_nano.a(lib_a-mprec.o)
                0x0000000008013a5c                _Bfree
 .text.__multadd
                0x0000000008013aa0       0x8c c:/st/stm32cubeide_1.9.0/stm32cubeide/plugins/com.st.stm32cube.ide.mcu.externaltools.gnu-tools-for-stm32.10.3-2021.10.win32_1.0.0.202111181127/tools/bin/../lib/gcc/arm-none-eabi/10.3.1/../../../../arm-none-eabi/lib/thumb/v7e-m+fp/hard\libc_nano.a(lib_a-mprec.o)
                0x0000000008013aa0                __multadd
 .text.__hi0bits
                0x0000000008013b2c       0x40 c:/st/stm32cubeide_1.9.0/stm32cubeide/plugins/com.st.stm32cube.ide.mcu.externaltools.gnu-tools-for-stm32.10.3-2021.10.win32_1.0.0.202111181127/tools/bin/../lib/gcc/arm-none-eabi/10.3.1/../../../../arm-none-eabi/lib/thumb/v7e-m+fp/hard\libc_nano.a(lib_a-mprec.o)
                0x0000000008013b2c                __hi0bits
 .text.__lo0bits
                0x0000000008013b6c       0x5e c:/st/stm32cubeide_1.9.0/stm32cubeide/plugins/com.st.stm32cube.ide.mcu.externaltools.gnu-tools-for-stm32.10.3-2021.10.win32_1.0.0.202111181127/tools/bin/../lib/gcc/arm-none-eabi/10.3.1/../../../../arm-none-eabi/lib/thumb/v7e-m+fp/hard\libc_nano.a(lib_a-mprec.o)
                0x0000000008013b6c                __lo0bits
 *fill*         0x0000000008013bca        0x2 
 .text.__i2b    0x0000000008013bcc       0x2c c:/st/stm32cubeide_1.9.0/stm32cubeide/plugins/com.st.stm32cube.ide.mcu.externaltools.gnu-tools-for-stm32.10.3-2021.10.win32_1.0.0.202111181127/tools/bin/../lib/gcc/arm-none-eabi/10.3.1/../../../../arm-none-eabi/lib/thumb/v7e-m+fp/hard\libc_nano.a(lib_a-mprec.o)
                0x0000000008013bcc                __i2b
 .text.__multiply
                0x0000000008013bf8      0x154 c:/st/stm32cubeide_1.9.0/stm32cubeide/plugins/com.st.stm32cube.ide.mcu.externaltools.gnu-tools-for-stm32.10.3-2021.10.win32_1.0.0.202111181127/tools/bin/../lib/gcc/arm-none-eabi/10.3.1/../../../../arm-none-eabi/lib/thumb/v7e-m+fp/hard\libc_nano.a(lib_a-mprec.o)
                0x0000000008013bf8                __multiply
 .text.__pow5mult
                0x0000000008013d4c       0xb4 c:/st/stm32cubeide_1.9.0/stm32cubeide/plugins/com.st.stm32cube.ide.mcu.externaltools.gnu-tools-for-stm32.10.3-2021.10.win32_1.0.0.202111181127/tools/bin/../lib/gcc/arm-none-eabi/10.3.1/../../../../arm-none-eabi/lib/thumb/v7e-m+fp/hard\libc_nano.a(lib_a-mprec.o)
                0x0000000008013d4c                __pow5mult
 .text.__lshift
                0x0000000008013e00       0xe0 c:/st/stm32cubeide_1.9.0/stm32cubeide/plugins/com.st.stm32cube.ide.mcu.externaltools.gnu-tools-for-stm32.10.3-2021.10.win32_1.0.0.202111181127/tools/bin/../lib/gcc/arm-none-eabi/10.3.1/../../../../arm-none-eabi/lib/thumb/v7e-m+fp/hard\libc_nano.a(lib_a-mprec.o)
                0x0000000008013e00                __lshift
 .text.__mcmp   0x0000000008013ee0       0x38 c:/st/stm32cubeide_1.9.0/stm32cubeide/plugins/com.st.stm32cube.ide.mcu.externaltools.gnu-tools-for-stm32.10.3-2021.10.win32_1.0.0.202111181127/tools/bin/../lib/gcc/arm-none-eabi/10.3.1/../../../../arm-none-eabi/lib/thumb/v7e-m+fp/hard\libc_nano.a(lib_a-mprec.o)
                0x0000000008013ee0                __mcmp
 .text.__mdiff  0x0000000008013f18      0x114 c:/st/stm32cubeide_1.9.0/stm32cubeide/plugins/com.st.stm32cube.ide.mcu.externaltools.gnu-tools-for-stm32.10.3-2021.10.win32_1.0.0.202111181127/tools/bin/../lib/gcc/arm-none-eabi/10.3.1/../../../../arm-none-eabi/lib/thumb/v7e-m+fp/hard\libc_nano.a(lib_a-mprec.o)
                0x0000000008013f18                __mdiff
 .text.__d2b    0x000000000801402c       0xb8 c:/st/stm32cubeide_1.9.0/stm32cubeide/plugins/com.st.stm32cube.ide.mcu.externaltools.gnu-tools-for-stm32.10.3-2021.10.win32_1.0.0.202111181127/tools/bin/../lib/gcc/arm-none-eabi/10.3.1/../../../../arm-none-eabi/lib/thumb/v7e-m+fp/hard\libc_nano.a(lib_a-mprec.o)
                0x000000000801402c                __d2b
 .text._calloc_r
                0x00000000080140e4       0x2c c:/st/stm32cubeide_1.9.0/stm32cubeide/plugins/com.st.stm32cube.ide.mcu.externaltools.gnu-tools-for-stm32.10.3-2021.10.win32_1.0.0.202111181127/tools/bin/../lib/gcc/arm-none-eabi/10.3.1/../../../../arm-none-eabi/lib/thumb/v7e-m+fp/hard\libc_nano.a(lib_a-nano-callocr.o)
                0x00000000080140e4                _calloc_r
 .text._free_r  0x0000000008014110       0x98 c:/st/stm32cubeide_1.9.0/stm32cubeide/plugins/com.st.stm32cube.ide.mcu.externaltools.gnu-tools-for-stm32.10.3-2021.10.win32_1.0.0.202111181127/tools/bin/../lib/gcc/arm-none-eabi/10.3.1/../../../../arm-none-eabi/lib/thumb/v7e-m+fp/hard\libc_nano.a(lib_a-nano-freer.o)
                0x0000000008014110                _free_r
 .text.sbrk_aligned
                0x00000000080141a8       0x40 c:/st/stm32cubeide_1.9.0/stm32cubeide/plugins/com.st.stm32cube.ide.mcu.externaltools.gnu-tools-for-stm32.10.3-2021.10.win32_1.0.0.202111181127/tools/bin/../lib/gcc/arm-none-eabi/10.3.1/../../../../arm-none-eabi/lib/thumb/v7e-m+fp/hard\libc_nano.a(lib_a-nano-mallocr.o)
 .text._malloc_r
                0x00000000080141e8       0xe8 c:/st/stm32cubeide_1.9.0/stm32cubeide/plugins/com.st.stm32cube.ide.mcu.externaltools.gnu-tools-for-stm32.10.3-2021.10.win32_1.0.0.202111181127/tools/bin/../lib/gcc/arm-none-eabi/10.3.1/../../../../arm-none-eabi/lib/thumb/v7e-m+fp/hard\libc_nano.a(lib_a-nano-mallocr.o)
                0x00000000080141e8                _malloc_r
 .text.__ssputs_r
                0x00000000080142d0       0xb6 c:/st/stm32cubeide_1.9.0/stm32cubeide/plugins/com.st.stm32cube.ide.mcu.externaltools.gnu-tools-for-stm32.10.3-2021.10.win32_1.0.0.202111181127/tools/bin/../lib/gcc/arm-none-eabi/10.3.1/../../../../arm-none-eabi/lib/thumb/v7e-m+fp/hard\libc_nano.a(lib_a-nano-svfprintf.o)
                0x00000000080142d0                __ssputs_r
 *fill*         0x0000000008014386        0x2 
 .text._svfprintf_r
                0x0000000008014388      0x200 c:/st/stm32cubeide_1.9.0/stm32cubeide/plugins/com.st.stm32cube.ide.mcu.externaltools.gnu-tools-for-stm32.10.3-2021.10.win32_1.0.0.202111181127/tools/bin/../lib/gcc/arm-none-eabi/10.3.1/../../../../arm-none-eabi/lib/thumb/v7e-m+fp/hard\libc_nano.a(lib_a-nano-svfprintf.o)
                0x0000000008014388                _svfiprintf_r
                0x0000000008014388                _svfprintf_r
 .text.__sfputc_r
                0x0000000008014588       0x2e c:/st/stm32cubeide_1.9.0/stm32cubeide/plugins/com.st.stm32cube.ide.mcu.externaltools.gnu-tools-for-stm32.10.3-2021.10.win32_1.0.0.202111181127/tools/bin/../lib/gcc/arm-none-eabi/10.3.1/../../../../arm-none-eabi/lib/thumb/v7e-m+fp/hard\libc_nano.a(lib_a-nano-vfprintf.o)
 .text.__sfputs_r
                0x00000000080145b6       0x24 c:/st/stm32cubeide_1.9.0/stm32cubeide/plugins/com.st.stm32cube.ide.mcu.externaltools.gnu-tools-for-stm32.10.3-2021.10.win32_1.0.0.202111181127/tools/bin/../lib/gcc/arm-none-eabi/10.3.1/../../../../arm-none-eabi/lib/thumb/v7e-m+fp/hard\libc_nano.a(lib_a-nano-vfprintf.o)
                0x00000000080145b6                __sfputs_r
 *fill*         0x00000000080145da        0x2 
 .text._vfprintf_r
                0x00000000080145dc      0x260 c:/st/stm32cubeide_1.9.0/stm32cubeide/plugins/com.st.stm32cube.ide.mcu.externaltools.gnu-tools-for-stm32.10.3-2021.10.win32_1.0.0.202111181127/tools/bin/../lib/gcc/arm-none-eabi/10.3.1/../../../../arm-none-eabi/lib/thumb/v7e-m+fp/hard\libc_nano.a(lib_a-nano-vfprintf.o)
                0x00000000080145dc                _vfprintf_r
                0x00000000080145dc                _vfiprintf_r
 .text._putc_r  0x000000000801483c       0x90 c:/st/stm32cubeide_1.9.0/stm32cubeide/plugins/com.st.stm32cube.ide.mcu.externaltools.gnu-tools-for-stm32.10.3-2021.10.win32_1.0.0.202111181127/tools/bin/../lib/gcc/arm-none-eabi/10.3.1/../../../../arm-none-eabi/lib/thumb/v7e-m+fp/hard\libc_nano.a(lib_a-putc.o)
                0x000000000801483c                _putc_r
 .text._sbrk_r  0x00000000080148cc       0x20 c:/st/stm32cubeide_1.9.0/stm32cubeide/plugins/com.st.stm32cube.ide.mcu.externaltools.gnu-tools-for-stm32.10.3-2021.10.win32_1.0.0.202111181127/tools/bin/../lib/gcc/arm-none-eabi/10.3.1/../../../../arm-none-eabi/lib/thumb/v7e-m+fp/hard\libc_nano.a(lib_a-sbrkr.o)
                0x00000000080148cc                _sbrk_r
 .text.__sread  0x00000000080148ec       0x22 c:/st/stm32cubeide_1.9.0/stm32cubeide/plugins/com.st.stm32cube.ide.mcu.externaltools.gnu-tools-for-stm32.10.3-2021.10.win32_1.0.0.202111181127/tools/bin/../lib/gcc/arm-none-eabi/10.3.1/../../../../arm-none-eabi/lib/thumb/v7e-m+fp/hard\libc_nano.a(lib_a-stdio.o)
                0x00000000080148ec                __sread
 .text.__swrite
                0x000000000801490e       0x38 c:/st/stm32cubeide_1.9.0/stm32cubeide/plugins/com.st.stm32cube.ide.mcu.externaltools.gnu-tools-for-stm32.10.3-2021.10.win32_1.0.0.202111181127/tools/bin/../lib/gcc/arm-none-eabi/10.3.1/../../../../arm-none-eabi/lib/thumb/v7e-m+fp/hard\libc_nano.a(lib_a-stdio.o)
                0x000000000801490e                __swrite
 .text.__sseek  0x0000000008014946       0x24 c:/st/stm32cubeide_1.9.0/stm32cubeide/plugins/com.st.stm32cube.ide.mcu.externaltools.gnu-tools-for-stm32.10.3-2021.10.win32_1.0.0.202111181127/tools/bin/../lib/gcc/arm-none-eabi/10.3.1/../../../../arm-none-eabi/lib/thumb/v7e-m+fp/hard\libc_nano.a(lib_a-stdio.o)
                0x0000000008014946                __sseek
 .text.__sclose
                0x000000000801496a        0x8 c:/st/stm32cubeide_1.9.0/stm32cubeide/plugins/com.st.stm32cube.ide.mcu.externaltools.gnu-tools-for-stm32.10.3-2021.10.win32_1.0.0.202111181127/tools/bin/../lib/gcc/arm-none-eabi/10.3.1/../../../../arm-none-eabi/lib/thumb/v7e-m+fp/hard\libc_nano.a(lib_a-stdio.o)
                0x000000000801496a                __sclose
 *fill*         0x0000000008014972        0x2 
 .text._write_r
                0x0000000008014974       0x24 c:/st/stm32cubeide_1.9.0/stm32cubeide/plugins/com.st.stm32cube.ide.mcu.externaltools.gnu-tools-for-stm32.10.3-2021.10.win32_1.0.0.202111181127/tools/bin/../lib/gcc/arm-none-eabi/10.3.1/../../../../arm-none-eabi/lib/thumb/v7e-m+fp/hard\libc_nano.a(lib_a-writer.o)
                0x0000000008014974                _write_r
 .text.__assert_func
                0x0000000008014998       0x3c c:/st/stm32cubeide_1.9.0/stm32cubeide/plugins/com.st.stm32cube.ide.mcu.externaltools.gnu-tools-for-stm32.10.3-2021.10.win32_1.0.0.202111181127/tools/bin/../lib/gcc/arm-none-eabi/10.3.1/../../../../arm-none-eabi/lib/thumb/v7e-m+fp/hard\libc_nano.a(lib_a-assert.o)
                0x0000000008014998                __assert_func
 .text._close_r
                0x00000000080149d4       0x20 c:/st/stm32cubeide_1.9.0/stm32cubeide/plugins/com.st.stm32cube.ide.mcu.externaltools.gnu-tools-for-stm32.10.3-2021.10.win32_1.0.0.202111181127/tools/bin/../lib/gcc/arm-none-eabi/10.3.1/../../../../arm-none-eabi/lib/thumb/v7e-m+fp/hard\libc_nano.a(lib_a-closer.o)
                0x00000000080149d4                _close_r
 .text.fprintf  0x00000000080149f4       0x24 c:/st/stm32cubeide_1.9.0/stm32cubeide/plugins/com.st.stm32cube.ide.mcu.externaltools.gnu-tools-for-stm32.10.3-2021.10.win32_1.0.0.202111181127/tools/bin/../lib/gcc/arm-none-eabi/10.3.1/../../../../arm-none-eabi/lib/thumb/v7e-m+fp/hard\libc_nano.a(lib_a-fprintf.o)
                0x00000000080149f4                fiprintf
                0x00000000080149f4                fprintf
 .text._fstat_r
                0x0000000008014a18       0x24 c:/st/stm32cubeide_1.9.0/stm32cubeide/plugins/com.st.stm32cube.ide.mcu.externaltools.gnu-tools-for-stm32.10.3-2021.10.win32_1.0.0.202111181127/tools/bin/../lib/gcc/arm-none-eabi/10.3.1/../../../../arm-none-eabi/lib/thumb/v7e-m+fp/hard\libc_nano.a(lib_a-fstatr.o)
                0x0000000008014a18                _fstat_r
 .text._isatty_r
                0x0000000008014a3c       0x20 c:/st/stm32cubeide_1.9.0/stm32cubeide/plugins/com.st.stm32cube.ide.mcu.externaltools.gnu-tools-for-stm32.10.3-2021.10.win32_1.0.0.202111181127/tools/bin/../lib/gcc/arm-none-eabi/10.3.1/../../../../arm-none-eabi/lib/thumb/v7e-m+fp/hard\libc_nano.a(lib_a-isattyr.o)
                0x0000000008014a3c                _isatty_r
 .text._lseek_r
                0x0000000008014a5c       0x24 c:/st/stm32cubeide_1.9.0/stm32cubeide/plugins/com.st.stm32cube.ide.mcu.externaltools.gnu-tools-for-stm32.10.3-2021.10.win32_1.0.0.202111181127/tools/bin/../lib/gcc/arm-none-eabi/10.3.1/../../../../arm-none-eabi/lib/thumb/v7e-m+fp/hard\libc_nano.a(lib_a-lseekr.o)
                0x0000000008014a5c                _lseek_r
 .text.__ascii_mbtowc
                0x0000000008014a80       0x24 c:/st/stm32cubeide_1.9.0/stm32cubeide/plugins/com.st.stm32cube.ide.mcu.externaltools.gnu-tools-for-stm32.10.3-2021.10.win32_1.0.0.202111181127/tools/bin/../lib/gcc/arm-none-eabi/10.3.1/../../../../arm-none-eabi/lib/thumb/v7e-m+fp/hard\libc_nano.a(lib_a-mbtowc_r.o)
                0x0000000008014a80                __ascii_mbtowc
 .text.memmove  0x0000000008014aa4       0x34 c:/st/stm32cubeide_1.9.0/stm32cubeide/plugins/com.st.stm32cube.ide.mcu.externaltools.gnu-tools-for-stm32.10.3-2021.10.win32_1.0.0.202111181127/tools/bin/../lib/gcc/arm-none-eabi/10.3.1/../../../../arm-none-eabi/lib/thumb/v7e-m+fp/hard\libc_nano.a(lib_a-memmove.o)
                0x0000000008014aa4                memmove
 .text.__malloc_lock
                0x0000000008014ad8        0xc c:/st/stm32cubeide_1.9.0/stm32cubeide/plugins/com.st.stm32cube.ide.mcu.externaltools.gnu-tools-for-stm32.10.3-2021.10.win32_1.0.0.202111181127/tools/bin/../lib/gcc/arm-none-eabi/10.3.1/../../../../arm-none-eabi/lib/thumb/v7e-m+fp/hard\libc_nano.a(lib_a-mlock.o)
                0x0000000008014ad8                __malloc_lock
 .text.__malloc_unlock
                0x0000000008014ae4        0xc c:/st/stm32cubeide_1.9.0/stm32cubeide/plugins/com.st.stm32cube.ide.mcu.externaltools.gnu-tools-for-stm32.10.3-2021.10.win32_1.0.0.202111181127/tools/bin/../lib/gcc/arm-none-eabi/10.3.1/../../../../arm-none-eabi/lib/thumb/v7e-m+fp/hard\libc_nano.a(lib_a-mlock.o)
                0x0000000008014ae4                __malloc_unlock
 .text._realloc_r
                0x0000000008014af0       0x5e c:/st/stm32cubeide_1.9.0/stm32cubeide/plugins/com.st.stm32cube.ide.mcu.externaltools.gnu-tools-for-stm32.10.3-2021.10.win32_1.0.0.202111181127/tools/bin/../lib/gcc/arm-none-eabi/10.3.1/../../../../arm-none-eabi/lib/thumb/v7e-m+fp/hard\libc_nano.a(lib_a-nano-reallocr.o)
                0x0000000008014af0                _realloc_r
 *fill*         0x0000000008014b4e        0x2 
 .text._read_r  0x0000000008014b50       0x24 c:/st/stm32cubeide_1.9.0/stm32cubeide/plugins/com.st.stm32cube.ide.mcu.externaltools.gnu-tools-for-stm32.10.3-2021.10.win32_1.0.0.202111181127/tools/bin/../lib/gcc/arm-none-eabi/10.3.1/../../../../arm-none-eabi/lib/thumb/v7e-m+fp/hard\libc_nano.a(lib_a-readr.o)
                0x0000000008014b50                _read_r
 .text.__ascii_wctomb
                0x0000000008014b74       0x1a c:/st/stm32cubeide_1.9.0/stm32cubeide/plugins/com.st.stm32cube.ide.mcu.externaltools.gnu-tools-for-stm32.10.3-2021.10.win32_1.0.0.202111181127/tools/bin/../lib/gcc/arm-none-eabi/10.3.1/../../../../arm-none-eabi/lib/thumb/v7e-m+fp/hard\libc_nano.a(lib_a-wctomb_r.o)
                0x0000000008014b74                __ascii_wctomb
 .text.abort    0x0000000008014b8e        0xe c:/st/stm32cubeide_1.9.0/stm32cubeide/plugins/com.st.stm32cube.ide.mcu.externaltools.gnu-tools-for-stm32.10.3-2021.10.win32_1.0.0.202111181127/tools/bin/../lib/gcc/arm-none-eabi/10.3.1/../../../../arm-none-eabi/lib/thumb/v7e-m+fp/hard\libc_nano.a(lib_a-abort.o)
                0x0000000008014b8e                abort
 .text._malloc_usable_size_r
                0x0000000008014b9c       0x10 c:/st/stm32cubeide_1.9.0/stm32cubeide/plugins/com.st.stm32cube.ide.mcu.externaltools.gnu-tools-for-stm32.10.3-2021.10.win32_1.0.0.202111181127/tools/bin/../lib/gcc/arm-none-eabi/10.3.1/../../../../arm-none-eabi/lib/thumb/v7e-m+fp/hard\libc_nano.a(lib_a-nano-msizer.o)
                0x0000000008014b9c                _malloc_usable_size_r
 .text._raise_r
                0x0000000008014bac       0x50 c:/st/stm32cubeide_1.9.0/stm32cubeide/plugins/com.st.stm32cube.ide.mcu.externaltools.gnu-tools-for-stm32.10.3-2021.10.win32_1.0.0.202111181127/tools/bin/../lib/gcc/arm-none-eabi/10.3.1/../../../../arm-none-eabi/lib/thumb/v7e-m+fp/hard\libc_nano.a(lib_a-signal.o)
                0x0000000008014bac                _raise_r
 .text.raise    0x0000000008014bfc       0x10 c:/st/stm32cubeide_1.9.0/stm32cubeide/plugins/com.st.stm32cube.ide.mcu.externaltools.gnu-tools-for-stm32.10.3-2021.10.win32_1.0.0.202111181127/tools/bin/../lib/gcc/arm-none-eabi/10.3.1/../../../../arm-none-eabi/lib/thumb/v7e-m+fp/hard\libc_nano.a(lib_a-signal.o)
                0x0000000008014bfc                raise
 .text._kill_r  0x0000000008014c0c       0x24 c:/st/stm32cubeide_1.9.0/stm32cubeide/plugins/com.st.stm32cube.ide.mcu.externaltools.gnu-tools-for-stm32.10.3-2021.10.win32_1.0.0.202111181127/tools/bin/../lib/gcc/arm-none-eabi/10.3.1/../../../../arm-none-eabi/lib/thumb/v7e-m+fp/hard\libc_nano.a(lib_a-signalr.o)
                0x0000000008014c0c                _kill_r
 .text._getpid_r
                0x0000000008014c30        0x4 c:/st/stm32cubeide_1.9.0/stm32cubeide/plugins/com.st.stm32cube.ide.mcu.externaltools.gnu-tools-for-stm32.10.3-2021.10.win32_1.0.0.202111181127/tools/bin/../lib/gcc/arm-none-eabi/10.3.1/../../../../arm-none-eabi/lib/thumb/v7e-m+fp/hard\libc_nano.a(lib_a-signalr.o)
                0x0000000008014c30                _getpid_r
 *(.glue_7)
 .glue_7        0x0000000008014c34        0x0 linker stubs
 *(.glue_7t)
 .glue_7t       0x0000000008014c34        0x0 linker stubs
 *(.eh_frame)
 .eh_frame      0x0000000008014c34        0x0 c:/st/stm32cubeide_1.9.0/stm32cubeide/plugins/com.st.stm32cube.ide.mcu.externaltools.gnu-tools-for-stm32.10.3-2021.10.win32_1.0.0.202111181127/tools/bin/../lib/gcc/arm-none-eabi/10.3.1/thumb/v7e-m+fp/hard/crtbegin.o
 *(.init)
 .init          0x0000000008014c34        0x4 c:/st/stm32cubeide_1.9.0/stm32cubeide/plugins/com.st.stm32cube.ide.mcu.externaltools.gnu-tools-for-stm32.10.3-2021.10.win32_1.0.0.202111181127/tools/bin/../lib/gcc/arm-none-eabi/10.3.1/thumb/v7e-m+fp/hard/crti.o
                0x0000000008014c34                _init
 .init          0x0000000008014c38        0x8 c:/st/stm32cubeide_1.9.0/stm32cubeide/plugins/com.st.stm32cube.ide.mcu.externaltools.gnu-tools-for-stm32.10.3-2021.10.win32_1.0.0.202111181127/tools/bin/../lib/gcc/arm-none-eabi/10.3.1/thumb/v7e-m+fp/hard/crtn.o
 *(.fini)
 .fini          0x0000000008014c40        0x4 c:/st/stm32cubeide_1.9.0/stm32cubeide/plugins/com.st.stm32cube.ide.mcu.externaltools.gnu-tools-for-stm32.10.3-2021.10.win32_1.0.0.202111181127/tools/bin/../lib/gcc/arm-none-eabi/10.3.1/thumb/v7e-m+fp/hard/crti.o
                0x0000000008014c40                _fini