Archive member included to satisfy reference by file (symbol)

c:/st/stm32cubeide_1.9.0/stm32cubeide/plugins/com.st.stm32cube.ide.mcu.externaltools.gnu-tools-for-stm32.10.3-2021.10.win32_1.0.0.202111181127/tools/bin/../lib/gcc/arm-none-eabi/10.3.1/../../../../arm-none-eabi/lib/thumb/v7e-m+fp/hard\libc_nano.a(lib_a-errno.o)
                              ./Core/Src/syscalls.o (__errno)
c:/st/stm32cubeide_1.9.0/stm32cubeide/plugins/com.st.stm32cube.ide.mcu.externaltools.gnu-tools-for-stm32.10.3-2021.10.win32_1.0.0.202111181127/tools/bin/../lib/gcc/arm-none-eabi/10.3.1/../../../../arm-none-eabi/lib/thumb/v7e-m+fp/hard\libc_nano.a(lib_a-exit.o)
                              c:/st/stm32cubeide_1.9.0/stm32cubeide/plugins/com.st.stm32cube.ide.mcu.externaltools.gnu-tools-for-stm32.10.3-2021.10.win32_1.0.0.202111181127/tools/bin/../lib/gcc/arm-none-eabi/10.3.1/../../../../arm-none-eabi/lib/thumb/v7e-m+fp/hard/crt0.o (exit)
c:/st/stm32cubeide_1.9.0/stm32cubeide/plugins/com.st.stm32cube.ide.mcu.externaltools.gnu-tools-for-stm32.10.3-2021.10.win32_1.0.0.202111181127/tools/bin/../lib/gcc/arm-none-eabi/10.3.1/../../../../arm-none-eabi/lib/thumb/v7e-m+fp/hard\libc_nano.a(lib_a-impure.o)
                              c:/st/stm32cubeide_1.9.0/stm32cubeide/plugins/com.st.stm32cube.ide.mcu.externaltools.gnu-tools-for-stm32.10.3-2021.10.win32_1.0.0.202111181127/tools/bin/../lib/gcc/arm-none-eabi/10.3.1/../../../../arm-none-eabi/lib/thumb/v7e-m+fp/hard\libc_nano.a(lib_a-exit.o) (_global_impure_ptr)
c:/st/stm32cubeide_1.9.0/stm32cubeide/plugins/com.st.stm32cube.ide.mcu.externaltools.gnu-tools-for-stm32.10.3-2021.10.win32_1.0.0.202111181127/tools/bin/../lib/gcc/arm-none-eabi/10.3.1/../../../../arm-none-eabi/lib/thumb/v7e-m+fp/hard\libc_nano.a(lib_a-init.o)
                              c:/st/stm32cubeide_1.9.0/stm32cubeide/plugins/com.st.stm32cube.ide.mcu.externaltools.gnu-tools-for-stm32.10.3-2021.10.win32_1.0.0.202111181127/tools/bin/../lib/gcc/arm-none-eabi/10.3.1/../../../../arm-none-eabi/lib/thumb/v7e-m+fp/hard/crt0.o (__libc_init_array)
c:/st/stm32cubeide_1.9.0/stm32cubeide/plugins/com.st.stm32cube.ide.mcu.externaltools.gnu-tools-for-stm32.10.3-2021.10.win32_1.0.0.202111181127/tools/bin/../lib/gcc/arm-none-eabi/10.3.1/../../../../arm-none-eabi/lib/thumb/v7e-m+fp/hard\libc_nano.a(lib_a-memcpy-stub.o)
                              ./Core/Src/mode_selection.o (memcpy)
c:/st/stm32cubeide_1.9.0/stm32cubeide/plugins/com.st.stm32cube.ide.mcu.externaltools.gnu-tools-for-stm32.10.3-2021.10.win32_1.0.0.202111181127/tools/bin/../lib/gcc/arm-none-eabi/10.3.1/../../../../arm-none-eabi/lib/thumb/v7e-m+fp/hard\libc_nano.a(lib_a-memset.o)
                              c:/st/stm32cubeide_1.9.0/stm32cubeide/plugins/com.st.stm32cube.ide.mcu.externaltools.gnu-tools-for-stm32.10.3-2021.10.win32_1.0.0.202111181127/tools/bin/../lib/gcc/arm-none-eabi/10.3.1/../../../../arm-none-eabi/lib/thumb/v7e-m+fp/hard/crt0.o (memset)
c:/st/stm32cubeide_1.9.0/stm32cubeide/plugins/com.st.stm32cube.ide.mcu.externaltools.gnu-tools-for-stm32.10.3-2021.10.win32_1.0.0.202111181127/tools/bin/../lib/gcc/arm-none-eabi/10.3.1/../../../../arm-none-eabi/lib/thumb/v7e-m+fp/hard\libc_nano.a(lib_a-nano-vfprintf_float.o)
                              (_printf_float)
c:/st/stm32cubeide_1.9.0/stm32cubeide/plugins/com.st.stm32cube.ide.mcu.externaltools.gnu-tools-for-stm32.10.3-2021.10.win32_1.0.0.202111181127/tools/bin/../lib/gcc/arm-none-eabi/10.3.1/../../../../arm-none-eabi/lib/thumb/v7e-m+fp/hard\libc_nano.a(lib_a-nano-vfprintf_i.o)
                              c:/st/stm32cubeide_1.9.0/stm32cubeide/plugins/com.st.stm32cube.ide.mcu.externaltools.gnu-tools-for-stm32.10.3-2021.10.win32_1.0.0.202111181127/tools/bin/../lib/gcc/arm-none-eabi/10.3.1/../../../../arm-none-eabi/lib/thumb/v7e-m+fp/hard\libc_nano.a(lib_a-nano-vfprintf_float.o) (_printf_common)
c:/st/stm32cubeide_1.9.0/stm32cubeide/plugins/com.st.stm32cube.ide.mcu.externaltools.gnu-tools-for-stm32.10.3-2021.10.win32_1.0.0.202111181127/tools/bin/../lib/gcc/arm-none-eabi/10.3.1/../../../../arm-none-eabi/lib/thumb/v7e-m+fp/hard\libc_nano.a(lib_a-printf.o)
                              ./Core/Src/Control_sensor.o (printf)
c:/st/stm32cubeide_1.9.0/stm32cubeide/plugins/com.st.stm32cube.ide.mcu.externaltools.gnu-tools-for-stm32.10.3-2021.10.win32_1.0.0.202111181127/tools/bin/../lib/gcc/arm-none-eabi/10.3.1/../../../../arm-none-eabi/lib/thumb/v7e-m+fp/hard\libc_nano.a(lib_a-putchar.o)
                              ./Core/Src/record.o (putchar)
c:/st/stm32cubeide_1.9.0/stm32cubeide/plugins/com.st.stm32cube.ide.mcu.externaltools.gnu-tools-for-stm32.10.3-2021.10.win32_1.0.0.202111181127/tools/bin/../lib/gcc/arm-none-eabi/10.3.1/../../../../arm-none-eabi/lib/thumb/v7e-m+fp/hard\libc_nano.a(lib_a-puts.o)
                              ./Core/Src/Control_sensor.o (puts)
[...]
Memory Configuration

Name             Origin             Length             Attributes
RAM              0x0000000020000000 0x0000000000010000 xrw
RAM2             0x0000000010000000 0x0000000000004000 xrw
FLASH            0x0000000008000000 0x0000000000040000 xr
*default*        0x0000000000000000 0xffffffffffffffff

Linker script and memory map

LOAD c:/st/stm32cubeide_1.9.0/stm32cubeide/plugins/com.st.stm32cube.ide.mcu.externaltools.gnu-tools-for-stm32.10.3-2021.10.win32_1.0.0.202111181127/tools/bin/../lib/gcc/arm-none-eabi/10.3.1/thumb/v7e-m+fp/hard/crti.o
LOAD c:/st/stm32cubeide_1.9.0/stm32cubeide/plugins/com.st.stm32cube.ide.mcu.externaltools.gnu-tools-for-stm32.10.3-2021.10.win32_1.0.0.202111181127/tools/bin/../lib/gcc/arm-none-eabi/10.3.1/thumb/v7e-m+fp/hard/crtbegin.o
LOAD c:/st/stm32cubeide_1.9.0/stm32cubeide/plugins/com.st.stm32cube.ide.mcu.externaltools.gnu-tools-for-stm32.10.3-2021.10.win32_1.0.0.202111181127/tools/bin/../lib/gcc/arm-none-eabi/10.3.1/../../../../arm-none-eabi/lib/thumb/v7e-m+fp/hard/crt0.o
LOAD ./Core/Src/Control_motor.o
LOAD ./Core/Src/Control_sensor.o
LOAD ./Core/Src/PID_wall.o
LOAD ./Core/Src/PL_lcd.o
LOAD ./Core/Src/PL_led.o
LOAD ./Core/Src/PL_motor.o
LOAD ./Core/Src/PL_sensor.o
LOAD ./Core/Src/PL_speaker.o
LOAD ./Core/Src/PL_switch.o
LOAD ./Core/Src/PL_timer.o
LOAD ./Core/Src/adc.o
LOAD ./Core/Src/dma.o
LOAD ./Core/Src/gpio.o
LOAD ./Core/Src/i2c.o
LOAD ./Core/Src/main.o
LOAD ./Core/Src/maze_Turning.o
LOAD ./Core/Src/maze_strategy.o
LOAD ./Core/Src/maze_wall.o
LOAD ./Core/Src/mode_selection.o
LOAD ./Core/Src/record.o
LOAD ./Core/Src/stm32l4xx_hal_msp.o
LOAD ./Core/Src/stm32l4xx_it.o
LOAD ./Core/Src/syscalls.o
LOAD ./Core/Src/sysmem.o
LOAD ./Core/Src/system_stm32l4xx.o
LOAD ./Core/Src/tim.o
LOAD ./Core/Src/turning_parameter.o
LOAD ./Core/Src/usart.o
LOAD ./Core/Startup/startup_stm32l432kcux.o
LOAD ./Drivers/STM32L4xx_HAL_Driver/Src/stm32l4xx_hal.o
LOAD ./Drivers/STM32L4xx_HAL_Driver/Src/stm32l4xx_hal_adc.o
LOAD ./Drivers/STM32L4xx_HAL_Driver/Src/stm32l4xx_hal_adc_ex.o
LOAD ./Drivers/STM32L4xx_HAL_Driver/Src/stm32l4xx_hal_cortex.o
LOAD ./Drivers/STM32L4xx_HAL_Driver/Src/stm32l4xx_hal_dma.o
LOAD ./Drivers/STM32L4xx_HAL_Driver/Src/stm32l4xx_hal_dma_ex.o
LOAD ./Drivers/STM32L4xx_HAL_Driver/Src/stm32l4xx_hal_exti.o
LOAD ./Drivers/STM32L4xx_HAL_Driver/Src/stm32l4xx_hal_flash.o
LOAD ./Drivers/STM32L4xx_HAL_Driver/Src/stm32l4xx_hal_flash_ex.o
LOAD ./Drivers/STM32L4xx_HAL_Driver/Src/stm32l4xx_hal_flash_ramfunc.o
LOAD ./Drivers/STM32L4xx_HAL_Driver/Src/stm32l4xx_hal_gpio.o
LOAD ./Drivers/STM32L4xx_HAL_Driver/Src/stm32l4xx_hal_i2c.o
LOAD ./Drivers/STM32L4xx_HAL_Driver/Src/stm32l4xx_hal_i2c_ex.o
LOAD ./Drivers/STM32L4xx_HAL_Driver/Src/stm32l4xx_hal_pwr.o
LOAD ./Drivers/STM32L4xx_HAL_Driver/Src/stm32l4xx_hal_pwr_ex.o
LOAD ./Drivers/STM32L4xx_HAL_Driver/Src/stm32l4xx_hal_rcc.o
LOAD ./Drivers/STM32L4xx_HAL_Driver/Src/stm32l4xx_hal_rcc_ex.o
LOAD ./Drivers/STM32L4xx_HAL_Driver/Src/stm32l4xx_hal_tim.o
LOAD ./Drivers/STM32L4xx_HAL_Driver/Src/stm32l4xx_hal_tim_ex.o
LOAD ./Drivers/STM32L4xx_HAL_Driver/Src/stm32l4xx_hal_uart.o
LOAD ./Drivers/STM32L4xx_HAL_Driver/Src/stm32l4xx_hal_uart_ex.o
START GROUP
LOAD c:/st/stm32cubeide_1.9.0/stm32cubeide/plugins/com.st.stm32cube.ide.mcu.externaltools.gnu-tools-for-stm32.10.3-2021.10.win32_1.0.0.202111181127/tools/bin/../lib/gcc/arm-none-eabi/10.3.1/../../../../arm-none-eabi/lib/thumb/v7e-m+fp/hard\libc_nano.a
LOAD c:/st/stm32cubeide_1.9.0/stm32cubeide/plugins/com.st.stm32cube.ide.mcu.externaltools.gnu-tools-for-stm32.10.3-2021.10.win32_1.0.0.202111181127/tools/bin/../lib/gcc/arm-none-eabi/10.3.1/../../../../arm-none-eabi/lib/thumb/v7e-m+fp/hard\libm.a
END GROUP
START GROUP
LOAD c:/st/stm32cubeide_1.9.0/stm32cubeide/plugins/com.st.stm32cube.ide.mcu.externaltools.gnu-tools-for-stm32.10.3-2021.10.win32_1.0.0.202111181127/tools/bin/../lib/gcc/arm-none-eabi/10.3.1/thumb/v7e-m+fp/hard\libgcc.a
LOAD c:/st/stm32cubeide_1.9.0/stm32cubeide/plugins/com.st.stm32cube.ide.mcu.externaltools.gnu-tools-for-stm32.10.3-2021.10.win32_1.0.0.202111181127/tools/bin/../lib/gcc/arm-none-eabi/10.3.1/../../../../arm-none-eabi/lib/thumb/v7e-m+fp/hard\libc_nano.a
END GROUP
START GROUP
LOAD c:/st/stm32cubeide_1.9.0/stm32cubeide/plugins/com.st.stm32cube.ide.mcu.externaltools.gnu-tools-for-stm32.10.3-2021.10.win32_1.0.0.202111181127/tools/bin/../lib/gcc/arm-none-eabi/10.3.1/thumb/v7e-m+fp/hard\libgcc.a
LOAD c:/st/stm32cubeide_1.9.0/stm32cubeide/plugins/com.st.stm32cube.ide.mcu.externaltools.gnu-tools-for-stm32.10.3-2021.10.win32_1.0.0.202111181127/tools/bin/../lib/gcc/arm-none-eabi/10.3.1/../../../../arm-none-eabi/lib/thumb/v7e-m+fp/hard\libc_nano.a
LOAD c:/st/stm32cubeide_1.9.0/stm32cubeide/plugins/com.st.stm32cube.ide.mcu.externaltools.gnu-tools-for-stm32.10.3-2021.10.win32_1.0.0.202111181127/tools/bin/../lib/gcc/arm-none-eabi/10.3.1/../../../../arm-none-eabi/lib/thumb/v7e-m+fp/hard\libnosys.a
END GROUP
START GROUP
LOAD c:/st/stm32cubeide_1.9.0/stm32cubeide/plugins/com.st.stm32cube.ide.mcu.externaltools.gnu-tools-for-stm32.10.3-2021.10.win32_1.0.0.202111181127/tools/bin/../lib/gcc/arm-none-eabi/10.3.1/thumb/v7e-m+fp/hard\libgcc.a
LOAD c:/st/stm32cubeide_1.9.0/stm32cubeide/plugins/com.st.stm32cube.ide.mcu.externaltools.gnu-tools-for-stm32.10.3-2021.10.win32_1.0.0.202111181127/tools/bin/../lib/gcc/arm-none-eabi/10.3.1/../../../../arm-none-eabi/lib/thumb/v7e-m+fp/hard\libc_nano.a
LOAD c:/st/stm32cubeide_1.9.0/stm32cubeide/plugins/com.st.stm32cube.ide.mcu.externaltools.gnu-tools-for-stm32.10.3-2021.10.win32_1.0.0.202111181127/tools/bin/../lib/gcc/arm-none-eabi/10.3.1/../../../../arm-none-eabi/lib/thumb/v7e-m+fp/hard\libnosys.a
END GROUP
LOAD c:/st/stm32cubeide_1.9.0/stm32cubeide/plugins/com.st.stm32cube.ide.mcu.externaltools.gnu-tools-for-stm32.10.3-2021.10.win32_1.0.0.202111181127/tools/bin/../lib/gcc/arm-none-eabi/10.3.1/thumb/v7e-m+fp/hard/crtend.o
LOAD c:/st/stm32cubeide_1.9.0/stm32cubeide/plugins/com.st.stm32cube.ide.mcu.externaltools.gnu-tools-for-stm32.10.3-2021.10.win32_1.0.0.202111181127/tools/bin/../lib/gcc/arm-none-eabi/10.3.1/thumb/v7e-m+fp/hard/crtn.o
                0x0000000020010000                _estack = (ORIGIN (RAM) + LENGTH (RAM))
                0x0000000000000200                _Min_Heap_Size = 0x200
                0x0000000000000400                _Min_Stack_Size = 0x400

.isr_vector     0x0000000008000000      0x18c
                0x0000000008000000                . = ALIGN (0x4)
 *(.isr_vector)
 .isr_vector    0x0000000008000000      0x18c ./Core/Startup/startup_stm32l432kcux.o
                0x0000000008000000                g_pfnVectors
                0x000000000800018c                . = ALIGN (0x4)

.text           0x0000000008000190    0x1120c
                0x0000000008000190                . = ALIGN (0x4)
 *(.text)
 .text          0x0000000008000190       0x40 c:/st/stm32cubeide_1.9.0/stm32cubeide/plugins/com.st.stm32cube.ide.mcu.externaltools.gnu-tools-for-stm32.10.3-2021.10.win32_1.0.0.202111181127/tools/bin/../lib/gcc/arm-none-eabi/10.3.1/thumb/v7e-m+fp/hard/crtbegin.o
 .text          0x00000000080001d0       0x10 c:/st/stm32cubeide_1.9.0/stm32cubeide/plugins/com.st.stm32cube.ide.mcu.externaltools.gnu-tools-for-stm32.10.3-2021.10.win32_1.0.0.202111181127/tools/bin/../lib/gcc/arm-none-eabi/10.3.1/../../../../arm-none-eabi/lib/thumb/v7e-m+fp/hard\libc_nano.a(lib_a-strlen.o)
                0x00000000080001d0                strlen
 .text          0x00000000080001e0       0xa0 c:/st/stm32cubeide_1.9.0/stm32cubeide/plugins/com.st.stm32cube.ide.mcu.externaltools.gnu-tools-for-stm32.10.3-2021.10.win32_1.0.0.202111181127/tools/bin/../lib/gcc/arm-none-eabi/10.3.1/../../../../arm-none-eabi/lib/thumb/v7e-m+fp/hard\libc_nano.a(lib_a-memchr.o)
                0x00000000080001e0                memchr
 .text          0x0000000008000280      0x378 c:/st/stm32cubeide_1.9.0/stm32cubeide/plugins/com.st.stm32cube.ide.mcu.externaltools.gnu-tools-for-stm32.10.3-2021.10.win32_1.0.0.202111181127/tools/bin/../lib/gcc/arm-none-eabi/10.3.1/thumb/v7e-m+fp/hard\libgcc.a(_arm_addsubdf3.o)
                0x0000000008000280                __aeabi_drsub
                0x0000000008000288                __aeabi_dsub
                0x0000000008000288                __subdf3
                0x000000000800028c                __aeabi_dadd
                0x000000000800028c                __adddf3
                0x0000000008000504                __floatunsidf
                0x0000000008000504                __aeabi_ui2d
                0x0000000008000524                __floatsidf
                0x0000000008000524                __aeabi_i2d
                0x0000000008000548                __aeabi_f2d
                0x0000000008000548                __extendsfdf2
                0x000000000800058c                __floatundidf
                0x000000000800058c                __aeabi_ul2d
                0x000000000800059c                __floatdidf
                0x000000000800059c                __aeabi_l2d
 .text          0x00000000080005f8      0x424 c:/st/stm32cubeide_1.9.0/stm32cubeide/plugins/com.st.stm32cube.ide.mcu.externaltools.gnu-tools-for-stm32.10.3-2021.10.win32_1.0.0.202111181127/tools/bin/../lib/gcc/arm-none-eabi/10.3.1/thumb/v7e-m+fp/hard\libgcc.a(_arm_muldivdf3.o)
                0x00000000080005f8                __aeabi_dmul
                0x00000000080005f8                __muldf3
                0x000000000800084c                __divdf3
                0x000000000800084c                __aeabi_ddiv
 .text          0x0000000008000a1c      0x110 c:/st/stm32cubeide_1.9.0/stm32cubeide/plugins/com.st.stm32cube.ide.mcu.externaltools.gnu-tools-for-stm32.10.3-2021.10.win32_1.0.0.202111181127/tools/bin/../lib/gcc/arm-none-eabi/10.3.1/thumb/v7e-m+fp/hard\libgcc.a(_arm_cmpdf2.o)
                0x0000000008000a1c                __gtdf2
                0x0000000008000a1c                __gedf2
                0x0000000008000a24                __ltdf2
                0x0000000008000a24                __ledf2
                0x0000000008000a2c                __nedf2
                0x0000000008000a2c                __eqdf2
                0x0000000008000a2c                __cmpdf2
                0x0000000008000aa8                __aeabi_cdrcmple
                0x0000000008000ab8                __aeabi_cdcmpeq
                0x0000000008000ab8                __aeabi_cdcmple
                0x0000000008000ac8                __aeabi_dcmpeq
                0x0000000008000adc                __aeabi_dcmplt
                0x0000000008000af0                __aeabi_dcmple
                0x0000000008000b04                __aeabi_dcmpge
                0x0000000008000b18                __aeabi_dcmpgt
 .text          0x0000000008000b2c       0x2c c:/st/stm32cubeide_1.9.0/stm32cubeide/plugins/com.st.stm32cube.ide.mcu.externaltools.gnu-tools-for-stm32.10.3-2021.10.win32_1.0.0.202111181127/tools/bin/../lib/gcc/arm-none-eabi/10.3.1/thumb/v7e-m+fp/hard\libgcc.a(_arm_unorddf2.o)
                0x0000000008000b2c                __unorddf2
                0x0000000008000b2c                __aeabi_dcmpun
 .text          0x0000000008000b58       0x50 c:/st/stm32cubeide_1.9.0/stm32cubeide/plugins/com.st.stm32cube.ide.mcu.externaltools.gnu-tools-for-stm32.10.3-2021.10.win32_1.0.0.202111181127/tools/bin/../lib/gcc/arm-none-eabi/10.3.1/thumb/v7e-m+fp/hard\libgcc.a(_arm_fixdfsi.o)
                0x0000000008000b58                __aeabi_d2iz
                0x0000000008000b58                __fixdfsi
 .text          0x0000000008000ba8       0x40 c:/st/stm32cubeide_1.9.0/stm32cubeide/plugins/com.st.stm32cube.ide.mcu.externaltools.gnu-tools-for-stm32.10.3-2021.10.win32_1.0.0.202111181127/tools/bin/../lib/gcc/arm-none-eabi/10.3.1/thumb/v7e-m+fp/hard\libgcc.a(_arm_fixunsdfsi.o)
                0x0000000008000ba8                __aeabi_d2uiz
                0x0000000008000ba8                __fixunsdfsi
 .text          0x0000000008000be8       0xa0 c:/st/stm32cubeide_1.9.0/stm32cubeide/plugins/com.st.stm32cube.ide.mcu.externaltools.gnu-tools-for-stm32.10.3-2021.10.win32_1.0.0.202111181127/tools/bin/../lib/gcc/arm-none-eabi/10.3.1/thumb/v7e-m+fp/hard\libgcc.a(_arm_truncdfsf2.o)
                0x0000000008000be8                __truncdfsf2
                0x0000000008000be8                __aeabi_d2f
 .text          0x0000000008000c88       0x30 c:/st/stm32cubeide_1.9.0/stm32cubeide/plugins/com.st.stm32cube.ide.mcu.externaltools.gnu-tools-for-stm32.10.3-2021.10.win32_1.0.0.202111181127/tools/bin/../lib/gcc/arm-none-eabi/10.3.1/thumb/v7e-m+fp/hard\libgcc.a(_aeabi_uldivmod.o)
                0x0000000008000c88                __aeabi_uldivmod
 .text          0x0000000008000cb8      0x2d0 c:/st/stm32cubeide_1.9.0/stm32cubeide/plugins/com.st.stm32cube.ide.mcu.externaltools.gnu-tools-for-stm32.10.3-2021.10.win32_1.0.0.202111181127/tools/bin/../lib/gcc/arm-none-eabi/10.3.1/thumb/v7e-m+fp/hard\libgcc.a(_udivmoddi4.o)
                0x0000000008000cb8                __udivmoddi4
 .text          0x0000000008000f88        0x4 c:/st/stm32cubeide_1.9.0/stm32cubeide/plugins/com.st.stm32cube.ide.mcu.externaltools.gnu-tools-for-stm32.10.3-2021.10.win32_1.0.0.202111181127/tools/bin/../lib/gcc/arm-none-eabi/10.3.1/thumb/v7e-m+fp/hard\libgcc.a(_dvmd_tls.o)
                0x0000000008000f88                __aeabi_idiv0
                0x0000000008000f88                __aeabi_ldiv0
 *(.text*)
 .text.control_test_motor
                0x0000000008000f8c       0xa0 ./Core/Src/Control_motor.o
                0x0000000008000f8c                control_test_motor
 .text.control_test_motor2
                0x000000000800102c       0x98 ./Core/Src/Control_motor.o
                0x000000000800102c                control_test_motor2
 .text.motor_init
                0x00000000080010c4       0x24 ./Core/Src/Control_motor.o
                0x00000000080010c4                motor_init
 .text.interrupt_Motor
                0x00000000080010e8      0x3b4 ./Core/Src/Control_motor.o
                0x00000000080010e8                interrupt_Motor
 .text.cal_table
                0x000000000800149c      0x69c ./Core/Src/Control_motor.o
                0x000000000800149c                cal_table
 .text.straight_table
                0x0000000008001b38      0x1f4 ./Core/Src/Control_motor.o
                0x0000000008001b38                straight_table
 .text.turning_table
                0x0000000008001d2c      0x1d4 ./Core/Src/Control_motor.o
                0x0000000008001d2c                turning_table
 .text.slalom_table
                0x0000000008001f00      0x1d8 ./Core/Src/Control_motor.o
                0x0000000008001f00                slalom_table
 .text.interrupt_calSensor
                0x00000000080020d8      0x160 ./Core/Src/Control_sensor.o
                0x00000000080020d8                interrupt_calSensor
 .text.init_WallControl
                0x0000000008002238       0x38 ./Core/Src/PID_wall.o
                0x0000000008002238                init_WallControl
 .text.calWallConrol
                0x0000000008002270      0x1d0 ./Core/Src/PID_wall.o
                0x0000000008002270                calWallConrol
 .text.lcd_cmd  0x0000000008002440       0x4c ./Core/Src/PL_lcd.o
                0x0000000008002440                lcd_cmd
 .text.lcd_data
                0x000000000800248c       0x4c ./Core/Src/PL_lcd.o
                0x000000000800248c                lcd_data
 .text.pl_lcd_puts
                0x00000000080024d8       0x2a ./Core/Src/PL_lcd.o
                0x00000000080024d8                pl_lcd_puts
 .text.pl_lcd_init
                0x0000000008002502       0x4c ./Core/Src/PL_lcd.o
                0x0000000008002502                pl_lcd_init
 .text.pl_lcd_pos
                0x000000000800254e       0x30 ./Core/Src/PL_lcd.o
                0x000000000800254e                pl_lcd_pos
 .text.pl_lcd_clear
                0x000000000800257e       0x14 ./Core/Src/PL_lcd.o
                0x000000000800257e                pl_lcd_clear
 *fill*         0x0000000008002592        0x2 
 .text.write_LED
                0x0000000008002594       0x24 ./Core/Src/PL_led.o
                0x0000000008002594                write_LED
 .text.pl_motor_init
                0x00000000080025b8       0x38 ./Core/Src/PL_motor.o
                0x00000000080025b8                pl_motor_init
 .text.pl_motor_standby
                0x00000000080025f0       0x58 ./Core/Src/PL_motor.o
                0x00000000080025f0                pl_motor_standby
 .text.pl_motor_mode_L
                0x0000000008002648       0x3e ./Core/Src/PL_motor.o
                0x0000000008002648                pl_motor_mode_L
 *fill*         0x0000000008002686        0x2 
 .text.pl_motor_mode_R
                0x0000000008002688       0x3c ./Core/Src/PL_motor.o
                0x0000000008002688                pl_motor_mode_R
 .text.pl_motor_start
                0x00000000080026c4       0x28 ./Core/Src/PL_motor.o
                0x00000000080026c4                pl_motor_start
 .text.pl_motor_stop
                0x00000000080026ec       0x20 ./Core/Src/PL_motor.o
                0x00000000080026ec                pl_motor_stop
 .text.pl_motor_count_L
                0x000000000800270c       0x28 ./Core/Src/PL_motor.o
                0x000000000800270c                pl_motor_count_L
 .text.pl_motor_count_R
                0x0000000008002734       0x28 ./Core/Src/PL_motor.o
                0x0000000008002734                pl_motor_count_R
 .text.pl_interrupt_motor_count_L
                0x000000000800275c       0x58 ./Core/Src/PL_motor.o
                0x000000000800275c                pl_interrupt_motor_count_L
 .text.pl_interrupt_motor_count_R
                0x00000000080027b4       0x58 ./Core/Src/PL_motor.o
                0x00000000080027b4                pl_interrupt_motor_count_R
 *fill*         0x000000000800280c        0x4 
 .text.calMotorVelocityCount
                0x0000000008002810       0x9c ./Core/Src/PL_motor.o
                0x0000000008002810                calMotorVelocityCount
 *fill*         0x00000000080028ac        0x4 
 .text.pl_getbatt
                0x00000000080028b0       0xb4 ./Core/Src/PL_sensor.o
                0x00000000080028b0                pl_getbatt
 *fill*         0x0000000008002964        0x4 
 .text.pl_callback_getSensor
                0x0000000008002968      0x1b4 ./Core/Src/PL_sensor.o
                0x0000000008002968                pl_callback_getSensor
 .text.pl_interupt_getSensor
                0x0000000008002b1c       0x1c ./Core/Src/PL_sensor.o
                0x0000000008002b1c                pl_interupt_getSensor
 .text.pl_test_speaker
                0x0000000008002b38       0x44 ./Core/Src/PL_speaker.o
                0x0000000008002b38                pl_test_speaker
 .text.pl_speaker_init
                0x0000000008002b7c       0x20 ./Core/Src/PL_speaker.o
                0x0000000008002b7c                pl_speaker_init
 *fill*         0x0000000008002b9c        0x4 
 .text.calFrequencyCount
                0x0000000008002ba0       0x6c ./Core/Src/PL_speaker.o
                0x0000000008002ba0                calFrequencyCount
 *fill*         0x0000000008002c0c        0x4 
 .text.pl_play_oneSound
                0x0000000008002c10       0xd8 ./Core/Src/PL_speaker.o
                0x0000000008002c10                pl_play_oneSound
 .text.pl_play_Music
                0x0000000008002ce8       0xc8 ./Core/Src/PL_speaker.o
                0x0000000008002ce8                pl_play_Music
 .text.inputZelda_nazo
                0x0000000008002db0       0x94 ./Core/Src/PL_speaker.o
                0x0000000008002db0                inputZelda_nazo
 .text.inputseria
                0x0000000008002e44      0xc3c ./Core/Src/PL_speaker.o
                0x0000000008002e44                inputseria
 .text.read_switch1
                0x0000000008003a80       0x2c ./Core/Src/PL_switch.o
                0x0000000008003a80                read_switch1
 .text.read_switch2
                0x0000000008003aac       0x2c ./Core/Src/PL_switch.o
                0x0000000008003aac                read_switch2
 .text.pl_timer_init
                0x0000000008003ad8       0x14 ./Core/Src/PL_timer.o
                0x0000000008003ad8                pl_timer_init
 .text.pl_timer_count
                0x0000000008003aec       0x1c ./Core/Src/PL_timer.o
                0x0000000008003aec                pl_timer_count
 .text.wait_ms  0x0000000008003b08       0x38 ./Core/Src/PL_timer.o
                0x0000000008003b08                wait_ms
 .text.MX_ADC1_Init
                0x0000000008003b40      0x14c ./Core/Src/adc.o
                0x0000000008003b40                MX_ADC1_Init
 .text.HAL_ADC_MspInit
                0x0000000008003c8c      0x15c ./Core/Src/adc.o
                0x0000000008003c8c                HAL_ADC_MspInit
 .text.HAL_ADC_ConvCpltCallback
                0x0000000008003de8       0x14 ./Core/Src/adc.o
                0x0000000008003de8                HAL_ADC_ConvCpltCallback
 .text.MX_DMA_Init
                0x0000000008003dfc       0x3c ./Core/Src/dma.o
                0x0000000008003dfc                MX_DMA_Init
 .text.MX_GPIO_Init
                0x0000000008003e38      0x108 ./Core/Src/gpio.o
                0x0000000008003e38                MX_GPIO_Init
 .text.MX_I2C1_Init
                0x0000000008003f40       0x80 ./Core/Src/i2c.o
                0x0000000008003f40                MX_I2C1_Init
 .text.HAL_I2C_MspInit
                0x0000000008003fc0       0xb0 ./Core/Src/i2c.o
                0x0000000008003fc0                HAL_I2C_MspInit
 .text.main     0x0000000008004070      0x108 ./Core/Src/main.o
                0x0000000008004070                main
 .text.SystemClock_Config
                0x0000000008004178       0x9e ./Core/Src/main.o
                0x0000000008004178                SystemClock_Config
 .text.Error_Handler
                0x0000000008004216        0xa ./Core/Src/main.o
                0x0000000008004216                Error_Handler
 .text.test_motor_start
                0x0000000008004220       0x3a ./Core/Src/maze_Turning.o
                0x0000000008004220                test_motor_start
 .text.test_motor_stop
                0x000000000800425a       0x1a ./Core/Src/maze_Turning.o
                0x000000000800425a                test_motor_stop
 .text.slalomR  0x0000000008004274      0x294 ./Core/Src/maze_Turning.o
                0x0000000008004274                slalomR
 .text.slalomL  0x0000000008004508      0x2a0 ./Core/Src/maze_Turning.o
                0x0000000008004508                slalomL
 .text.turn90R  0x00000000080047a8      0x238 ./Core/Src/maze_Turning.o
                0x00000000080047a8                turn90R
 .text.turn90L  0x00000000080049e0      0x244 ./Core/Src/maze_Turning.o
                0x00000000080049e0                turn90L
 .text.turn180R
                0x0000000008004c24      0x238 ./Core/Src/maze_Turning.o
                0x0000000008004c24                turn180R
 .text.turn180L
                0x0000000008004e5c      0x244 ./Core/Src/maze_Turning.o
                0x0000000008004e5c                turn180L
 .text.testturning
                0x00000000080050a0       0xcc ./Core/Src/maze_Turning.o
                0x00000000080050a0                testturning
 .text.AdatiWayReturn
                0x000000000800516c      0xbec ./Core/Src/maze_strategy.o
                0x000000000800516c                AdatiWayReturn
 .text.update_coordinate
                0x0000000008005d58       0x6c ./Core/Src/maze_strategy.o
                0x0000000008005d58                update_coordinate
 .text.update_wall
                0x0000000008005dc4      0x620 ./Core/Src/maze_wall.o
                0x0000000008005dc4                update_wall
 .text.search_AroundWalkCount
                0x00000000080063e4      0x144 ./Core/Src/maze_wall.o
                0x00000000080063e4                search_AroundWalkCount
 .text.maze_maker
                0x0000000008006528      0x390 ./Core/Src/maze_wall.o
                0x0000000008006528                maze_maker
 .text.maze_makerBack
                0x00000000080068b8      0x360 ./Core/Src/maze_wall.o
                0x00000000080068b8                maze_makerBack
 .text.maze_display
                0x0000000008006c18      0x310 ./Core/Src/maze_wall.o
                0x0000000008006c18                maze_display
 .text.mode_decision
                0x0000000008006f28      0x12c ./Core/Src/mode_selection.o
                0x0000000008006f28                mode_decision
 .text.mode_display0
                0x0000000008007054       0x8c ./Core/Src/mode_selection.o
                0x0000000008007054                mode_display0
 .text.mode_display1
                0x00000000080070e0       0x5c ./Core/Src/mode_selection.o
                0x00000000080070e0                mode_display1
 .text.mode_execution
                0x000000000800713c       0xd4 ./Core/Src/mode_selection.o
                0x000000000800713c                mode_execution
 .text.mode_PLtest
                0x0000000008007210      0x234 ./Core/Src/mode_selection.o
                0x0000000008007210                mode_PLtest
 .text.mode_Running
                0x0000000008007444       0x68 ./Core/Src/mode_selection.o
                0x0000000008007444                mode_Running
 .text.mode_Tuning
                0x00000000080074ac       0xd0 ./Core/Src/mode_selection.o
                0x00000000080074ac                mode_Tuning
 .text.record_reset
                0x000000000800757c       0x24 ./Core/Src/record.o
                0x000000000800757c                record_reset
 .text.record_data
                0x00000000080075a0       0x78 ./Core/Src/record.o
                0x00000000080075a0                record_data
 .text.record_print
                0x0000000008007618       0x7c ./Core/Src/record.o
                0x0000000008007618                record_print
 .text.interrupt_record
                0x0000000008007694       0x60 ./Core/Src/record.o
                0x0000000008007694                interrupt_record
 .text.HAL_MspInit
                0x00000000080076f4       0x48 ./Core/Src/stm32l4xx_hal_msp.o
                0x00000000080076f4                HAL_MspInit
 .text.NMI_Handler
                0x000000000800773c        0x6 ./Core/Src/stm32l4xx_it.o
                0x000000000800773c                NMI_Handler
 .text.HardFault_Handler
                0x0000000008007742        0x6 ./Core/Src/stm32l4xx_it.o
                0x0000000008007742                HardFault_Handler
 .text.MemManage_Handler
                0x0000000008007748        0x6 ./Core/Src/stm32l4xx_it.o
                0x0000000008007748                MemManage_Handler
 .text.BusFault_Handler
                0x000000000800774e        0x6 ./Core/Src/stm32l4xx_it.o
                0x000000000800774e                BusFault_Handler
 .text.UsageFault_Handler
                0x0000000008007754        0x6 ./Core/Src/stm32l4xx_it.o
                0x0000000008007754                UsageFault_Handler
 .text.SVC_Handler
                0x000000000800775a        0xe ./Core/Src/stm32l4xx_it.o
                0x000000000800775a                SVC_Handler
 .text.DebugMon_Handler
                0x0000000008007768        0xe ./Core/Src/stm32l4xx_it.o
                0x0000000008007768                DebugMon_Handler
 .text.PendSV_Handler
                0x0000000008007776        0xe ./Core/Src/stm32l4xx_it.o
                0x0000000008007776                PendSV_Handler
 .text.SysTick_Handler
                0x0000000008007784        0xc ./Core/Src/stm32l4xx_it.o
                0x0000000008007784                SysTick_Handler
 .text.DMA1_Channel1_IRQHandler
                0x0000000008007790       0x14 ./Core/Src/stm32l4xx_it.o
                0x0000000008007790                DMA1_Channel1_IRQHandler
 .text.TIM1_UP_TIM16_IRQHandler
                0x00000000080077a4       0x18 ./Core/Src/stm32l4xx_it.o
                0x00000000080077a4                TIM1_UP_TIM16_IRQHandler
 .text.TIM2_IRQHandler
                0x00000000080077bc       0x18 ./Core/Src/stm32l4xx_it.o
                0x00000000080077bc                TIM2_IRQHandler
 .text.TIM6_DAC_IRQHandler
                0x00000000080077d4       0x28 ./Core/Src/stm32l4xx_it.o
                0x00000000080077d4                TIM6_DAC_IRQHandler
 .text._getpid  0x00000000080077fc       0x10 ./Core/Src/syscalls.o
                0x00000000080077fc                _getpid
 .text._kill    0x000000000800780c       0x20 ./Core/Src/syscalls.o
                0x000000000800780c                _kill
 .text._exit    0x000000000800782c       0x14 ./Core/Src/syscalls.o
                0x000000000800782c                _exit
 .text._read    0x0000000008007840       0x3a ./Core/Src/syscalls.o
                0x0000000008007840                _read
 *fill*         0x000000000800787a        0x2 
 .text._write   0x000000000800787c       0x40 ./Core/Src/syscalls.o
                0x000000000800787c                _write
 .text._close   0x00000000080078bc       0x18 ./Core/Src/syscalls.o
                0x00000000080078bc                _close
 .text._fstat   0x00000000080078d4       0x20 ./Core/Src/syscalls.o
                0x00000000080078d4                _fstat
 .text._isatty  0x00000000080078f4       0x16 ./Core/Src/syscalls.o
                0x00000000080078f4                _isatty
 .text._lseek   0x000000000800790a       0x1a ./Core/Src/syscalls.o
                0x000000000800790a                _lseek
 .text._sbrk    0x0000000008007924       0x6c ./Core/Src/sysmem.o
                0x0000000008007924                _sbrk
 .text.SystemInit
                0x0000000008007990       0x24 ./Core/Src/system_stm32l4xx.o
                0x0000000008007990                SystemInit
 .text.MX_TIM1_Init
                0x00000000080079b4      0x120 ./Core/Src/tim.o
                0x00000000080079b4                MX_TIM1_Init
 .text.MX_TIM2_Init
                0x0000000008007ad4       0xb4 ./Core/Src/tim.o
                0x0000000008007ad4                MX_TIM2_Init
 .text.MX_TIM6_Init
                0x0000000008007b88       0x6c ./Core/Src/tim.o
                0x0000000008007b88                MX_TIM6_Init
 .text.MX_TIM15_Init
                0x0000000008007bf4      0x10c ./Core/Src/tim.o
                0x0000000008007bf4                MX_TIM15_Init
 .text.HAL_TIM_PWM_MspInit
                0x0000000008007d00       0xa8 ./Core/Src/tim.o
                0x0000000008007d00                HAL_TIM_PWM_MspInit
 .text.HAL_TIM_Base_MspInit
                0x0000000008007da8       0x4c ./Core/Src/tim.o
                0x0000000008007da8                HAL_TIM_Base_MspInit
 .text.HAL_TIM_MspPostInit
                0x0000000008007df4      0x100 ./Core/Src/tim.o
                0x0000000008007df4                HAL_TIM_MspPostInit
 .text.input_parameter
                0x0000000008007ef4      0xad0 ./Core/Src/turning_parameter.o
                0x0000000008007ef4                input_parameter
 .text.MX_USART2_UART_Init
                0x00000000080089c4       0x60 ./Core/Src/usart.o
                0x00000000080089c4                MX_USART2_UART_Init
 .text.HAL_UART_MspInit
                0x0000000008008a24       0xd4 ./Core/Src/usart.o
                0x0000000008008a24                HAL_UART_MspInit
 .text.Reset_Handler
                0x0000000008008af8       0x50 ./Core/Startup/startup_stm32l432kcux.o
                0x0000000008008af8                Reset_Handler
 .text.Default_Handler
                0x0000000008008b48        0x2 ./Core/Startup/startup_stm32l432kcux.o
                0x0000000008008b48                RTC_Alarm_IRQHandler
                0x0000000008008b48                EXTI2_IRQHandler
                0x0000000008008b48                TIM1_CC_IRQHandler
                0x0000000008008b48                TSC_IRQHandler
                0x0000000008008b48                TAMP_STAMP_IRQHandler
                0x0000000008008b48                EXTI3_IRQHandler
                0x0000000008008b48                LPTIM2_IRQHandler
                0x0000000008008b48                I2C3_ER_IRQHandler
                0x0000000008008b48                EXTI0_IRQHandler
                0x0000000008008b48                CAN1_RX0_IRQHandler
                0x0000000008008b48                FPU_IRQHandler
                0x0000000008008b48                SPI1_IRQHandler
                0x0000000008008b48                DMA2_Channel2_IRQHandler
                0x0000000008008b48                DMA1_Channel4_IRQHandler
                0x0000000008008b48                ADC1_IRQHandler
                0x0000000008008b48                DMA1_Channel7_IRQHandler
                0x0000000008008b48                CAN1_RX1_IRQHandler
                0x0000000008008b48                DMA2_Channel1_IRQHandler
                0x0000000008008b48                QUADSPI_IRQHandler
                0x0000000008008b48                I2C1_EV_IRQHandler
                0x0000000008008b48                DMA1_Channel6_IRQHandler
                0x0000000008008b48                DMA2_Channel4_IRQHandler
                0x0000000008008b48                RCC_IRQHandler
                0x0000000008008b48                TIM1_TRG_COM_IRQHandler
                0x0000000008008b48                Default_Handler
                0x0000000008008b48                DMA2_Channel7_IRQHandler
                0x0000000008008b48                EXTI15_10_IRQHandler
                0x0000000008008b48                TIM7_IRQHandler
                0x0000000008008b48                I2C3_EV_IRQHandler
                0x0000000008008b48                USB_IRQHandler
                0x0000000008008b48                EXTI9_5_IRQHandler
                0x0000000008008b48                RTC_WKUP_IRQHandler
                0x0000000008008b48                PVD_PVM_IRQHandler
                0x0000000008008b48                CAN1_TX_IRQHandler
                0x0000000008008b48                DMA2_Channel5_IRQHandler
                0x0000000008008b48                CRS_IRQHandler
                0x0000000008008b48                DMA1_Channel5_IRQHandler
                0x0000000008008b48                EXTI4_IRQHandler
                0x0000000008008b48                RNG_IRQHandler
                0x0000000008008b48                DMA1_Channel3_IRQHandler
                0x0000000008008b48                COMP_IRQHandler
                0x0000000008008b48                WWDG_IRQHandler
                0x0000000008008b48                LPUART1_IRQHandler
                0x0000000008008b48                DMA2_Channel6_IRQHandler
                0x0000000008008b48                EXTI1_IRQHandler
                0x0000000008008b48                USART2_IRQHandler
                0x0000000008008b48                DMA1_Channel2_IRQHandler
                0x0000000008008b48                CAN1_SCE_IRQHandler
                0x0000000008008b48                FLASH_IRQHandler
                0x0000000008008b48                USART1_IRQHandler
                0x0000000008008b48                SPI3_IRQHandler
                0x0000000008008b48                I2C1_ER_IRQHandler
                0x0000000008008b48                SWPMI1_IRQHandler
                0x0000000008008b48                LPTIM1_IRQHandler
                0x0000000008008b48                SAI1_IRQHandler
                0x0000000008008b48                DMA2_Channel3_IRQHandler
                0x0000000008008b48                TIM1_BRK_TIM15_IRQHandler
 .text.HAL_Init
                0x0000000008008b4a       0x30 ./Drivers/STM32L4xx_HAL_Driver/Src/stm32l4xx_hal.o
                0x0000000008008b4a                HAL_Init
 *fill*         0x0000000008008b7a        0x2 
 .text.HAL_InitTick
                0x0000000008008b7c       0x78 ./Drivers/STM32L4xx_HAL_Driver/Src/stm32l4xx_hal.o
                0x0000000008008b7c                HAL_InitTick
 .text.HAL_IncTick
                0x0000000008008bf4       0x28 ./Drivers/STM32L4xx_HAL_Driver/Src/stm32l4xx_hal.o
                0x0000000008008bf4                HAL_IncTick
 .text.HAL_GetTick
                0x0000000008008c1c       0x18 ./Drivers/STM32L4xx_HAL_Driver/Src/stm32l4xx_hal.o
                0x0000000008008c1c                HAL_GetTick
 .text.HAL_Delay
                0x0000000008008c34       0x48 ./Drivers/STM32L4xx_HAL_Driver/Src/stm32l4xx_hal.o
                0x0000000008008c34                HAL_Delay
 .text.LL_ADC_SetCommonClock
                0x0000000008008c7c       0x26 ./Drivers/STM32L4xx_HAL_Driver/Src/stm32l4xx_hal_adc.o
 .text.LL_ADC_SetCommonPathInternalCh
                0x0000000008008ca2       0x26 ./Drivers/STM32L4xx_HAL_Driver/Src/stm32l4xx_hal_adc.o
 .text.LL_ADC_GetCommonPathInternalCh
                0x0000000008008cc8       0x1c ./Drivers/STM32L4xx_HAL_Driver/Src/stm32l4xx_hal_adc.o
 .text.LL_ADC_SetOffset
                0x0000000008008ce4       0x48 ./Drivers/STM32L4xx_HAL_Driver/Src/stm32l4xx_hal_adc.o
 .text.LL_ADC_GetOffsetChannel
                0x0000000008008d2c       0x2c ./Drivers/STM32L4xx_HAL_Driver/Src/stm32l4xx_hal_adc.o
 .text.LL_ADC_SetOffsetState
                0x0000000008008d58       0x36 ./Drivers/STM32L4xx_HAL_Driver/Src/stm32l4xx_hal_adc.o
 .text.LL_ADC_REG_IsTriggerSourceSWStart
                0x0000000008008d8e       0x26 ./Drivers/STM32L4xx_HAL_Driver/Src/stm32l4xx_hal_adc.o
 .text.LL_ADC_REG_SetSequencerRanks
                0x0000000008008db4       0x58 ./Drivers/STM32L4xx_HAL_Driver/Src/stm32l4xx_hal_adc.o
 .text.LL_ADC_SetChannelSamplingTime
                0x0000000008008e0c       0x56 ./Drivers/STM32L4xx_HAL_Driver/Src/stm32l4xx_hal_adc.o
 *fill*         0x0000000008008e62        0x2 
 .text.LL_ADC_SetChannelSingleDiff
                0x0000000008008e64       0x48 ./Drivers/STM32L4xx_HAL_Driver/Src/stm32l4xx_hal_adc.o
 .text.LL_ADC_DisableDeepPowerDown
                0x0000000008008eac       0x24 ./Drivers/STM32L4xx_HAL_Driver/Src/stm32l4xx_hal_adc.o
 .text.LL_ADC_IsDeepPowerDownEnabled
                0x0000000008008ed0       0x28 ./Drivers/STM32L4xx_HAL_Driver/Src/stm32l4xx_hal_adc.o
 .text.LL_ADC_EnableInternalRegulator
                0x0000000008008ef8       0x28 ./Drivers/STM32L4xx_HAL_Driver/Src/stm32l4xx_hal_adc.o
 .text.LL_ADC_IsInternalRegulatorEnabled
                0x0000000008008f20       0x28 ./Drivers/STM32L4xx_HAL_Driver/Src/stm32l4xx_hal_adc.o
 .text.LL_ADC_Enable
                0x0000000008008f48       0x28 ./Drivers/STM32L4xx_HAL_Driver/Src/stm32l4xx_hal_adc.o
 .text.LL_ADC_Disable
                0x0000000008008f70       0x28 ./Drivers/STM32L4xx_HAL_Driver/Src/stm32l4xx_hal_adc.o
 .text.LL_ADC_IsEnabled
                0x0000000008008f98       0x26 ./Drivers/STM32L4xx_HAL_Driver/Src/stm32l4xx_hal_adc.o
 .text.LL_ADC_IsDisableOngoing
                0x0000000008008fbe       0x26 ./Drivers/STM32L4xx_HAL_Driver/Src/stm32l4xx_hal_adc.o
 .text.LL_ADC_REG_StartConversion
                0x0000000008008fe4       0x28 ./Drivers/STM32L4xx_HAL_Driver/Src/stm32l4xx_hal_adc.o
 .text.LL_ADC_REG_StopConversion
                0x000000000800900c       0x28 ./Drivers/STM32L4xx_HAL_Driver/Src/stm32l4xx_hal_adc.o
 .text.LL_ADC_REG_IsConversionOngoing
                0x0000000008009034       0x26 ./Drivers/STM32L4xx_HAL_Driver/Src/stm32l4xx_hal_adc.o
 .text.LL_ADC_INJ_StopConversion
                0x000000000800905a       0x28 ./Drivers/STM32L4xx_HAL_Driver/Src/stm32l4xx_hal_adc.o
 .text.LL_ADC_INJ_IsConversionOngoing
                0x0000000008009082       0x26 ./Drivers/STM32L4xx_HAL_Driver/Src/stm32l4xx_hal_adc.o
 .text.HAL_ADC_Init
                0x00000000080090a8      0x290 ./Drivers/STM32L4xx_HAL_Driver/Src/stm32l4xx_hal_adc.o
                0x00000000080090a8                HAL_ADC_Init
 .text.HAL_ADC_Start
                0x0000000008009338       0xc6 ./Drivers/STM32L4xx_HAL_Driver/Src/stm32l4xx_hal_adc.o
                0x0000000008009338                HAL_ADC_Start
 .text.HAL_ADC_Stop
                0x00000000080093fe       0x66 ./Drivers/STM32L4xx_HAL_Driver/Src/stm32l4xx_hal_adc.o
                0x00000000080093fe                HAL_ADC_Stop
 .text.HAL_ADC_PollForConversion
                0x0000000008009464      0x11e ./Drivers/STM32L4xx_HAL_Driver/Src/stm32l4xx_hal_adc.o
                0x0000000008009464                HAL_ADC_PollForConversion
 *fill*         0x0000000008009582        0x2 
 .text.HAL_ADC_Start_DMA
                0x0000000008009584      0x108 ./Drivers/STM32L4xx_HAL_Driver/Src/stm32l4xx_hal_adc.o
                0x0000000008009584                HAL_ADC_Start_DMA
 .text.HAL_ADC_Stop_DMA
                0x000000000800968c       0xc2 ./Drivers/STM32L4xx_HAL_Driver/Src/stm32l4xx_hal_adc.o
                0x000000000800968c                HAL_ADC_Stop_DMA
 .text.HAL_ADC_GetValue
                0x000000000800974e       0x1a ./Drivers/STM32L4xx_HAL_Driver/Src/stm32l4xx_hal_adc.o
                0x000000000800974e                HAL_ADC_GetValue
 .text.HAL_ADC_ConvHalfCpltCallback
                0x0000000008009768       0x14 ./Drivers/STM32L4xx_HAL_Driver/Src/stm32l4xx_hal_adc.o
                0x0000000008009768                HAL_ADC_ConvHalfCpltCallback
 .text.HAL_ADC_ErrorCallback
                0x000000000800977c       0x14 ./Drivers/STM32L4xx_HAL_Driver/Src/stm32l4xx_hal_adc.o
                0x000000000800977c                HAL_ADC_ErrorCallback
 .text.HAL_ADC_ConfigChannel
                0x0000000008009790      0x7c0 ./Drivers/STM32L4xx_HAL_Driver/Src/stm32l4xx_hal_adc.o
                0x0000000008009790                HAL_ADC_ConfigChannel
 .text.ADC_ConversionStop
                0x0000000008009f50      0x178 ./Drivers/STM32L4xx_HAL_Driver/Src/stm32l4xx_hal_adc.o
                0x0000000008009f50                ADC_ConversionStop
 .text.ADC_Enable
                0x000000000800a0c8       0xc4 ./Drivers/STM32L4xx_HAL_Driver/Src/stm32l4xx_hal_adc.o
                0x000000000800a0c8                ADC_Enable
 .text.ADC_Disable
                0x000000000800a18c       0xbe ./Drivers/STM32L4xx_HAL_Driver/Src/stm32l4xx_hal_adc.o
                0x000000000800a18c                ADC_Disable
 .text.ADC_DMAConvCplt
                0x000000000800a24a       0xd8 ./Drivers/STM32L4xx_HAL_Driver/Src/stm32l4xx_hal_adc.o
                0x000000000800a24a                ADC_DMAConvCplt
 .text.ADC_DMAHalfConvCplt
                0x000000000800a322       0x1c ./Drivers/STM32L4xx_HAL_Driver/Src/stm32l4xx_hal_adc.o
                0x000000000800a322                ADC_DMAHalfConvCplt
 .text.ADC_DMAError
                0x000000000800a33e       0x34 ./Drivers/STM32L4xx_HAL_Driver/Src/stm32l4xx_hal_adc.o
                0x000000000800a33e                ADC_DMAError
 *fill*         0x000000000800a372        0x2 
 .text.__NVIC_SetPriorityGrouping
                0x000000000800a374       0x48 ./Drivers/STM32L4xx_HAL_Driver/Src/stm32l4xx_hal_cortex.o
 .text.__NVIC_GetPriorityGrouping
                0x000000000800a3bc       0x1c ./Drivers/STM32L4xx_HAL_Driver/Src/stm32l4xx_hal_cortex.o
 .text.__NVIC_EnableIRQ
                0x000000000800a3d8       0x3c ./Drivers/STM32L4xx_HAL_Driver/Src/stm32l4xx_hal_cortex.o
 .text.__NVIC_SetPriority
                0x000000000800a414       0x54 ./Drivers/STM32L4xx_HAL_Driver/Src/stm32l4xx_hal_cortex.o
 .text.NVIC_EncodePriority
                0x000000000800a468       0x66 ./Drivers/STM32L4xx_HAL_Driver/Src/stm32l4xx_hal_cortex.o
 *fill*         0x000000000800a4ce        0x2 
 .text.SysTick_Config
                0x000000000800a4d0       0x44 ./Drivers/STM32L4xx_HAL_Driver/Src/stm32l4xx_hal_cortex.o
 .text.HAL_NVIC_SetPriorityGrouping
                0x000000000800a514       0x16 ./Drivers/STM32L4xx_HAL_Driver/Src/stm32l4xx_hal_cortex.o
                0x000000000800a514                HAL_NVIC_SetPriorityGrouping
 .text.HAL_NVIC_SetPriority
                0x000000000800a52a       0x38 ./Drivers/STM32L4xx_HAL_Driver/Src/stm32l4xx_hal_cortex.o
                0x000000000800a52a                HAL_NVIC_SetPriority
 .text.HAL_NVIC_EnableIRQ
                0x000000000800a562       0x1c ./Drivers/STM32L4xx_HAL_Driver/Src/stm32l4xx_hal_cortex.o
                0x000000000800a562                HAL_NVIC_EnableIRQ
 .text.HAL_SYSTICK_Config
                0x000000000800a57e       0x18 ./Drivers/STM32L4xx_HAL_Driver/Src/stm32l4xx_hal_cortex.o
                0x000000000800a57e                HAL_SYSTICK_Config
 *fill*         0x000000000800a596        0x2 
 .text.HAL_DMA_Init
                0x000000000800a598      0x170 ./Drivers/STM32L4xx_HAL_Driver/Src/stm32l4xx_hal_dma.o
                0x000000000800a598                HAL_DMA_Init
 .text.HAL_DMA_Start_IT
                0x000000000800a708       0xc0 ./Drivers/STM32L4xx_HAL_Driver/Src/stm32l4xx_hal_dma.o
                0x000000000800a708                HAL_DMA_Start_IT
 .text.HAL_DMA_Abort
                0x000000000800a7c8       0x7c ./Drivers/STM32L4xx_HAL_Driver/Src/stm32l4xx_hal_dma.o
                0x000000000800a7c8                HAL_DMA_Abort
 .text.HAL_DMA_IRQHandler
                0x000000000800a844      0x15e ./Drivers/STM32L4xx_HAL_Driver/Src/stm32l4xx_hal_dma.o
                0x000000000800a844                HAL_DMA_IRQHandler
 .text.DMA_SetConfig
                0x000000000800a9a2       0x60 ./Drivers/STM32L4xx_HAL_Driver/Src/stm32l4xx_hal_dma.o
 *fill*         0x000000000800aa02        0x2 
 .text.HAL_GPIO_Init
                0x000000000800aa04      0x2d4 ./Drivers/STM32L4xx_HAL_Driver/Src/stm32l4xx_hal_gpio.o
                0x000000000800aa04                HAL_GPIO_Init
 .text.HAL_GPIO_ReadPin
                0x000000000800acd8       0x30 ./Drivers/STM32L4xx_HAL_Driver/Src/stm32l4xx_hal_gpio.o
                0x000000000800acd8                HAL_GPIO_ReadPin
 .text.HAL_GPIO_WritePin
                0x000000000800ad08       0x30 ./Drivers/STM32L4xx_HAL_Driver/Src/stm32l4xx_hal_gpio.o
                0x000000000800ad08                HAL_GPIO_WritePin
 .text.HAL_I2C_Init
                0x000000000800ad38      0x11e ./Drivers/STM32L4xx_HAL_Driver/Src/stm32l4xx_hal_i2c.o
                0x000000000800ad38                HAL_I2C_Init
 *fill*         0x000000000800ae56        0x2 
 .text.HAL_I2C_Master_Transmit
                0x000000000800ae58      0x1e8 ./Drivers/STM32L4xx_HAL_Driver/Src/stm32l4xx_hal_i2c.o
                0x000000000800ae58                HAL_I2C_Master_Transmit
 .text.HAL_I2C_GetError
                0x000000000800b040       0x18 ./Drivers/STM32L4xx_HAL_Driver/Src/stm32l4xx_hal_i2c.o
                0x000000000800b040                HAL_I2C_GetError
 .text.I2C_Flush_TXDR
                0x000000000800b058       0x48 ./Drivers/STM32L4xx_HAL_Driver/Src/stm32l4xx_hal_i2c.o
 .text.I2C_WaitOnFlagUntilTimeout
                0x000000000800b0a0       0x80 ./Drivers/STM32L4xx_HAL_Driver/Src/stm32l4xx_hal_i2c.o
 .text.I2C_WaitOnTXISFlagUntilTimeout
                0x000000000800b120       0x80 ./Drivers/STM32L4xx_HAL_Driver/Src/stm32l4xx_hal_i2c.o
 .text.I2C_WaitOnSTOPFlagUntilTimeout
                0x000000000800b1a0       0x78 ./Drivers/STM32L4xx_HAL_Driver/Src/stm32l4xx_hal_i2c.o
 .text.I2C_IsAcknowledgeFailed
                0x000000000800b218       0xcc ./Drivers/STM32L4xx_HAL_Driver/Src/stm32l4xx_hal_i2c.o
 .text.I2C_TransferConfig
                0x000000000800b2e4       0x5c ./Drivers/STM32L4xx_HAL_Driver/Src/stm32l4xx_hal_i2c.o
 .text.HAL_I2CEx_ConfigAnalogFilter
                0x000000000800b340       0x96 ./Drivers/STM32L4xx_HAL_Driver/Src/stm32l4xx_hal_i2c_ex.o
                0x000000000800b340                HAL_I2CEx_ConfigAnalogFilter
 .text.HAL_I2CEx_ConfigDigitalFilter
                0x000000000800b3d6       0x98 ./Drivers/STM32L4xx_HAL_Driver/Src/stm32l4xx_hal_i2c_ex.o
                0x000000000800b3d6                HAL_I2CEx_ConfigDigitalFilter
 *fill*         0x000000000800b46e        0x2 
 .text.HAL_PWREx_GetVoltageRange
                0x000000000800b470       0x1c ./Drivers/STM32L4xx_HAL_Driver/Src/stm32l4xx_hal_pwr_ex.o
                0x000000000800b470                HAL_PWREx_GetVoltageRange
 .text.HAL_PWREx_ControlVoltageScaling
                0x000000000800b48c       0xac ./Drivers/STM32L4xx_HAL_Driver/Src/stm32l4xx_hal_pwr_ex.o
                0x000000000800b48c                HAL_PWREx_ControlVoltageScaling
 .text.HAL_RCC_OscConfig
                0x000000000800b538      0x840 ./Drivers/STM32L4xx_HAL_Driver/Src/stm32l4xx_hal_rcc.o
                0x000000000800b538                HAL_RCC_OscConfig
 .text.HAL_RCC_ClockConfig
                0x000000000800bd78      0x1c4 ./Drivers/STM32L4xx_HAL_Driver/Src/stm32l4xx_hal_rcc.o
                0x000000000800bd78                HAL_RCC_ClockConfig
 .text.HAL_RCC_GetSysClockFreq
                0x000000000800bf3c      0x118 ./Drivers/STM32L4xx_HAL_Driver/Src/stm32l4xx_hal_rcc.o
                0x000000000800bf3c                HAL_RCC_GetSysClockFreq
 .text.HAL_RCC_GetHCLKFreq
                0x000000000800c054       0x18 ./Drivers/STM32L4xx_HAL_Driver/Src/stm32l4xx_hal_rcc.o
                0x000000000800c054                HAL_RCC_GetHCLKFreq
 .text.HAL_RCC_GetPCLK1Freq
                0x000000000800c06c       0x2c ./Drivers/STM32L4xx_HAL_Driver/Src/stm32l4xx_hal_rcc.o
                0x000000000800c06c                HAL_RCC_GetPCLK1Freq
 .text.HAL_RCC_GetPCLK2Freq
                0x000000000800c098       0x2c ./Drivers/STM32L4xx_HAL_Driver/Src/stm32l4xx_hal_rcc.o
                0x000000000800c098                HAL_RCC_GetPCLK2Freq
 .text.RCC_SetFlashLatencyFromMSIRange
                0x000000000800c0c4       0xc0 ./Drivers/STM32L4xx_HAL_Driver/Src/stm32l4xx_hal_rcc.o
 .text.HAL_RCCEx_PeriphCLKConfig
                0x000000000800c184      0x3ec ./Drivers/STM32L4xx_HAL_Driver/Src/stm32l4xx_hal_rcc_ex.o
                0x000000000800c184                HAL_RCCEx_PeriphCLKConfig
 .text.RCCEx_PLLSAI1_Config
                0x000000000800c570      0x1e4 ./Drivers/STM32L4xx_HAL_Driver/Src/stm32l4xx_hal_rcc_ex.o
 .text.HAL_TIM_Base_Init
                0x000000000800c754       0xae ./Drivers/STM32L4xx_HAL_Driver/Src/stm32l4xx_hal_tim.o
                0x000000000800c754                HAL_TIM_Base_Init
 *fill*         0x000000000800c802        0x2 
 .text.HAL_TIM_Base_Start_IT
                0x000000000800c804       0xa8 ./Drivers/STM32L4xx_HAL_Driver/Src/stm32l4xx_hal_tim.o
                0x000000000800c804                HAL_TIM_Base_Start_IT
 .text.HAL_TIM_PWM_Init
                0x000000000800c8ac       0xae ./Drivers/STM32L4xx_HAL_Driver/Src/stm32l4xx_hal_tim.o
                0x000000000800c8ac                HAL_TIM_PWM_Init
 *fill*         0x000000000800c95a        0x2 
 .text.HAL_TIM_PWM_Start
                0x000000000800c95c      0x1bc ./Drivers/STM32L4xx_HAL_Driver/Src/stm32l4xx_hal_tim.o
                0x000000000800c95c                HAL_TIM_PWM_Start
 .text.HAL_TIM_PWM_Stop
                0x000000000800cb18      0x110 ./Drivers/STM32L4xx_HAL_Driver/Src/stm32l4xx_hal_tim.o
                0x000000000800cb18                HAL_TIM_PWM_Stop
 .text.HAL_TIM_IRQHandler
                0x000000000800cc28      0x23e ./Drivers/STM32L4xx_HAL_Driver/Src/stm32l4xx_hal_tim.o
                0x000000000800cc28                HAL_TIM_IRQHandler
 *fill*         0x000000000800ce66        0x2 
 .text.HAL_TIM_PWM_ConfigChannel
                0x000000000800ce68      0x220 ./Drivers/STM32L4xx_HAL_Driver/Src/stm32l4xx_hal_tim.o
                0x000000000800ce68                HAL_TIM_PWM_ConfigChannel
 .text.HAL_TIM_PeriodElapsedCallback
                0x000000000800d088       0x14 ./Drivers/STM32L4xx_HAL_Driver/Src/stm32l4xx_hal_tim.o
                0x000000000800d088                HAL_TIM_PeriodElapsedCallback
 .text.HAL_TIM_OC_DelayElapsedCallback
                0x000000000800d09c       0x14 ./Drivers/STM32L4xx_HAL_Driver/Src/stm32l4xx_hal_tim.o
                0x000000000800d09c                HAL_TIM_OC_DelayElapsedCallback
 .text.HAL_TIM_IC_CaptureCallback
                0x000000000800d0b0       0x14 ./Drivers/STM32L4xx_HAL_Driver/Src/stm32l4xx_hal_tim.o
                0x000000000800d0b0                HAL_TIM_IC_CaptureCallback
 .text.HAL_TIM_PWM_PulseFinishedCallback
                0x000000000800d0c4       0x14 ./Drivers/STM32L4xx_HAL_Driver/Src/stm32l4xx_hal_tim.o
                0x000000000800d0c4                HAL_TIM_PWM_PulseFinishedCallback
 .text.HAL_TIM_TriggerCallback
                0x000000000800d0d8       0x14 ./Drivers/STM32L4xx_HAL_Driver/Src/stm32l4xx_hal_tim.o
                0x000000000800d0d8                HAL_TIM_TriggerCallback
 .text.TIM_Base_SetConfig
                0x000000000800d0ec       0xc8 ./Drivers/STM32L4xx_HAL_Driver/Src/stm32l4xx_hal_tim.o
                0x000000000800d0ec                TIM_Base_SetConfig
 .text.TIM_OC1_SetConfig
                0x000000000800d1b4       0xf8 ./Drivers/STM32L4xx_HAL_Driver/Src/stm32l4xx_hal_tim.o
 .text.TIM_OC2_SetConfig
                0x000000000800d2ac       0xf4 ./Drivers/STM32L4xx_HAL_Driver/Src/stm32l4xx_hal_tim.o
                0x000000000800d2ac                TIM_OC2_SetConfig
 .text.TIM_OC3_SetConfig
                0x000000000800d3a0       0xf0 ./Drivers/STM32L4xx_HAL_Driver/Src/stm32l4xx_hal_tim.o
 .text.TIM_OC4_SetConfig
                0x000000000800d490       0xbc ./Drivers/STM32L4xx_HAL_Driver/Src/stm32l4xx_hal_tim.o
 .text.TIM_OC5_SetConfig
                0x000000000800d54c       0xb0 ./Drivers/STM32L4xx_HAL_Driver/Src/stm32l4xx_hal_tim.o
 .text.TIM_OC6_SetConfig
                0x000000000800d5fc       0xb4 ./Drivers/STM32L4xx_HAL_Driver/Src/stm32l4xx_hal_tim.o
 .text.TIM_CCxChannelCmd
                0x000000000800d6b0       0x4a ./Drivers/STM32L4xx_HAL_Driver/Src/stm32l4xx_hal_tim.o
                0x000000000800d6b0                TIM_CCxChannelCmd
 *fill*         0x000000000800d6fa        0x2 
 .text.HAL_TIMEx_MasterConfigSynchronization
                0x000000000800d6fc       0xcc ./Drivers/STM32L4xx_HAL_Driver/Src/stm32l4xx_hal_tim_ex.o
                0x000000000800d6fc                HAL_TIMEx_MasterConfigSynchronization
 .text.HAL_TIMEx_ConfigBreakDeadTime
                0x000000000800d7c8       0xf0 ./Drivers/STM32L4xx_HAL_Driver/Src/stm32l4xx_hal_tim_ex.o
                0x000000000800d7c8                HAL_TIMEx_ConfigBreakDeadTime
 .text.HAL_TIMEx_CommutCallback
                0x000000000800d8b8       0x14 ./Drivers/STM32L4xx_HAL_Driver/Src/stm32l4xx_hal_tim_ex.o
                0x000000000800d8b8                HAL_TIMEx_CommutCallback
 .text.HAL_TIMEx_BreakCallback
                0x000000000800d8cc       0x14 ./Drivers/STM32L4xx_HAL_Driver/Src/stm32l4xx_hal_tim_ex.o
                0x000000000800d8cc                HAL_TIMEx_BreakCallback
 .text.HAL_TIMEx_Break2Callback
                0x000000000800d8e0       0x14 ./Drivers/STM32L4xx_HAL_Driver/Src/stm32l4xx_hal_tim_ex.o
                0x000000000800d8e0                HAL_TIMEx_Break2Callback
 .text.HAL_UART_Init
                0x000000000800d8f4       0x9c ./Drivers/STM32L4xx_HAL_Driver/Src/stm32l4xx_hal_uart.o
                0x000000000800d8f4                HAL_UART_Init
 .text.HAL_UART_Transmit
                0x000000000800d990      0x128 ./Drivers/STM32L4xx_HAL_Driver/Src/stm32l4xx_hal_uart.o
                0x000000000800d990                HAL_UART_Transmit
 .text.UART_SetConfig
                0x000000000800dab8      0x45c ./Drivers/STM32L4xx_HAL_Driver/Src/stm32l4xx_hal_uart.o
                0x000000000800dab8                UART_SetConfig
 .text.UART_AdvFeatureConfig
                0x000000000800df14      0x144 ./Drivers/STM32L4xx_HAL_Driver/Src/stm32l4xx_hal_uart.o
                0x000000000800df14                UART_AdvFeatureConfig
 .text.UART_CheckIdleState
                0x000000000800e058       0x92 ./Drivers/STM32L4xx_HAL_Driver/Src/stm32l4xx_hal_uart.o
                0x000000000800e058                UART_CheckIdleState
 .text.UART_WaitOnFlagUntilTimeout
                0x000000000800e0ea       0xf8 ./Drivers/STM32L4xx_HAL_Driver/Src/stm32l4xx_hal_uart.o
                0x000000000800e0ea                UART_WaitOnFlagUntilTimeout
 *fill*         0x000000000800e1e2        0x2 
 .text.__errno  0x000000000800e1e4        0xc c:/st/stm32cubeide_1.9.0/stm32cubeide/plugins/com.st.stm32cube.ide.mcu.externaltools.gnu-tools-for-stm32.10.3-2021.10.win32_1.0.0.202111181127/tools/bin/../lib/gcc/arm-none-eabi/10.3.1/../../../../arm-none-eabi/lib/thumb/v7e-m+fp/hard\libc_nano.a(lib_a-errno.o)
                0x000000000800e1e4                __errno
 .text.__libc_init_array
                0x000000000800e1f0       0x48 c:/st/stm32cubeide_1.9.0/stm32cubeide/plugins/com.st.stm32cube.ide.mcu.externaltools.gnu-tools-for-stm32.10.3-2021.10.win32_1.0.0.202111181127/tools/bin/../lib/gcc/arm-none-eabi/10.3.1/../../../../arm-none-eabi/lib/thumb/v7e-m+fp/hard\libc_nano.a(lib_a-init.o)
                0x000000000800e1f0                __libc_init_array
 .text.memcpy   0x000000000800e238       0x1c c:/st/stm32cubeide_1.9.0/stm32cubeide/plugins/com.st.stm32cube.ide.mcu.externaltools.gnu-tools-for-stm32.10.3-2021.10.win32_1.0.0.202111181127/tools/bin/../lib/gcc/arm-none-eabi/10.3.1/../../../../arm-none-eabi/lib/thumb/v7e-m+fp/hard\libc_nano.a(lib_a-memcpy-stub.o)
                0x000000000800e238                memcpy
 .text.memset   0x000000000800e254       0x10 c:/st/stm32cubeide_1.9.0/stm32cubeide/plugins/com.st.stm32cube.ide.mcu.externaltools.gnu-tools-for-stm32.10.3-2021.10.win32_1.0.0.202111181127/tools/bin/../lib/gcc/arm-none-eabi/10.3.1/../../../../arm-none-eabi/lib/thumb/v7e-m+fp/hard\libc_nano.a(lib_a-memset.o)
                0x000000000800e254                memset
 .text.__cvt    0x000000000800e264       0xc4 c:/st/stm32cubeide_1.9.0/stm32cubeide/plugins/com.st.stm32cube.ide.mcu.externaltools.gnu-tools-for-stm32.10.3-2021.10.win32_1.0.0.202111181127/tools/bin/../lib/gcc/arm-none-eabi/10.3.1/../../../../arm-none-eabi/lib/thumb/v7e-m+fp/hard\libc_nano.a(lib_a-nano-vfprintf_float.o)
                0x000000000800e264                __cvt
 .text.__exponent
                0x000000000800e328       0x7c c:/st/stm32cubeide_1.9.0/stm32cubeide/plugins/com.st.stm32cube.ide.mcu.externaltools.gnu-tools-for-stm32.10.3-2021.10.win32_1.0.0.202111181127/tools/bin/../lib/gcc/arm-none-eabi/10.3.1/../../../../arm-none-eabi/lib/thumb/v7e-m+fp/hard\libc_nano.a(lib_a-nano-vfprintf_float.o)
                0x000000000800e328                __exponent
 .text._printf_float
                0x000000000800e3a4      0x46c c:/st/stm32cubeide_1.9.0/stm32cubeide/plugins/com.st.stm32cube.ide.mcu.externaltools.gnu-tools-for-stm32.10.3-2021.10.win32_1.0.0.202111181127/tools/bin/../lib/gcc/arm-none-eabi/10.3.1/../../../../arm-none-eabi/lib/thumb/v7e-m+fp/hard\libc_nano.a(lib_a-nano-vfprintf_float.o)
                0x000000000800e3a4                _printf_float
 .text._printf_common
                0x000000000800e810       0xda c:/st/stm32cubeide_1.9.0/stm32cubeide/plugins/com.st.stm32cube.ide.mcu.externaltools.gnu-tools-for-stm32.10.3-2021.10.win32_1.0.0.202111181127/tools/bin/../lib/gcc/arm-none-eabi/10.3.1/../../../../arm-none-eabi/lib/thumb/v7e-m+fp/hard\libc_nano.a(lib_a-nano-vfprintf_i.o)
                0x000000000800e810                _printf_common
 *fill*         0x000000000800e8ea        0x2 
 .text._printf_i
                0x000000000800e8ec      0x24c c:/st/stm32cubeide_1.9.0/stm32cubeide/plugins/com.st.stm32cube.ide.mcu.externaltools.gnu-tools-for-stm32.10.3-2021.10.win32_1.0.0.202111181127/tools/bin/../lib/gcc/arm-none-eabi/10.3.1/../../../../arm-none-eabi/lib/thumb/v7e-m+fp/hard\libc_nano.a(lib_a-nano-vfprintf_i.o)
                0x000000000800e8ec                _printf_i
 .text.printf   0x000000000800eb38       0x30 c:/st/stm32cubeide_1.9.0/stm32cubeide/plugins/com.st.stm32cube.ide.mcu.externaltools.gnu-tools-for-stm32.10.3-2021.10.win32_1.0.0.202111181127/tools/bin/../lib/gcc/arm-none-eabi/10.3.1/../../../../arm-none-eabi/lib/thumb/v7e-m+fp/hard\libc_nano.a(lib_a-printf.o)
                0x000000000800eb38                iprintf
                0x000000000800eb38                printf
 .text.putchar  0x000000000800eb68       0x2c c:/st/stm32cubeide_1.9.0/stm32cubeide/plugins/com.st.stm32cube.ide.mcu.externaltools.gnu-tools-for-stm32.10.3-2021.10.win32_1.0.0.202111181127/tools/bin/../lib/gcc/arm-none-eabi/10.3.1/../../../../arm-none-eabi/lib/thumb/v7e-m+fp/hard\libc_nano.a(lib_a-putchar.o)
                0x000000000800eb68                putchar
 .text._puts_r  0x000000000800eb94       0xdc c:/st/stm32cubeide_1.9.0/stm32cubeide/plugins/com.st.stm32cube.ide.mcu.externaltools.gnu-tools-for-stm32.10.3-2021.10.win32_1.0.0.202111181127/tools/bin/../lib/gcc/arm-none-eabi/10.3.1/../../../../arm-none-eabi/lib/thumb/v7e-m+fp/hard\libc_nano.a(lib_a-puts.o)
                0x000000000800eb94                _puts_r
 .text.puts     0x000000000800ec70       0x10 c:/st/stm32cubeide_1.9.0/stm32cubeide/plugins/com.st.stm32cube.ide.mcu.externaltools.gnu-tools-for-stm32.10.3-2021.10.win32_1.0.0.202111181127/tools/bin/../lib/gcc/arm-none-eabi/10.3.1/../../../../arm-none-eabi/lib/thumb/v7e-m+fp/hard\libc_nano.a(lib_a-puts.o)
                0x000000000800ec70                puts
 .text.setbuf   0x000000000800ec80       0x10 c:/st/stm32cubeide_1.9.0/stm32cubeide/plugins/com.st.stm32cube.ide.mcu.externaltools.gnu-tools-for-stm32.10.3-2021.10.win32_1.0.0.202111181127/tools/bin/../lib/gcc/arm-none-eabi/10.3.1/../../../../arm-none-eabi/lib/thumb/v7e-m+fp/hard\libc_nano.a(lib_a-setbuf.o)
                0x000000000800ec80                setbuf
 .text.setvbuf  0x000000000800ec90      0x18c c:/st/stm32cubeide_1.9.0/stm32cubeide/plugins/com.st.stm32cube.ide.mcu.externaltools.gnu-tools-for-stm32.10.3-2021.10.win32_1.0.0.202111181127/tools/bin/../lib/gcc/arm-none-eabi/10.3.1/../../../../arm-none-eabi/lib/thumb/v7e-m+fp/hard\libc_nano.a(lib_a-setvbuf.o)
                0x000000000800ec90                setvbuf
 .text.sprintf  0x000000000800ee1c       0x40 c:/st/stm32cubeide_1.9.0/stm32cubeide/plugins/com.st.stm32cube.ide.mcu.externaltools.gnu-tools-for-stm32.10.3-2021.10.win32_1.0.0.202111181127/tools/bin/../lib/gcc/arm-none-eabi/10.3.1/../../../../arm-none-eabi/lib/thumb/v7e-m+fp/hard\libc_nano.a(lib_a-sprintf.o)
                0x000000000800ee1c                siprintf
                0x000000000800ee1c                sprintf
 .text.__swbuf_r
                0x000000000800ee5c       0xa4 c:/st/stm32cubeide_1.9.0/stm32cubeide/plugins/com.st.stm32cube.ide.mcu.externaltools.gnu-tools-for-stm32.10.3-2021.10.win32_1.0.0.202111181127/tools/bin/../lib/gcc/arm-none-eabi/10.3.1/../../../../arm-none-eabi/lib/thumb/v7e-m+fp/hard\libc_nano.a(lib_a-wbuf.o)
                0x000000000800ee5c                __swbuf_r
 .text.__swsetup_r
                0x000000000800ef00       0xdc c:/st/stm32cubeide_1.9.0/stm32cubeide/plugins/com.st.stm32cube.ide.mcu.externaltools.gnu-tools-for-stm32.10.3-2021.10.win32_1.0.0.202111181127/tools/bin/../lib/gcc/arm-none-eabi/10.3.1/../../../../arm-none-eabi/lib/thumb/v7e-m+fp/hard\libc_nano.a(lib_a-wsetup.o)
                0x000000000800ef00                __swsetup_r
 .text.quorem   0x000000000800efdc      0x116 c:/st/stm32cubeide_1.9.0/stm32cubeide/plugins/com.st.stm32cube.ide.mcu.externaltools.gnu-tools-for-stm32.10.3-2021.10.win32_1.0.0.202111181127/tools/bin/../lib/gcc/arm-none-eabi/10.3.1/../../../../arm-none-eabi/lib/thumb/v7e-m+fp/hard\libc_nano.a(lib_a-dtoa.o)
 *fill*         0x000000000800f0f2        0x6 
 .text._dtoa_r  0x000000000800f0f8      0xbdc c:/st/stm32cubeide_1.9.0/stm32cubeide/plugins/com.st.stm32cube.ide.mcu.externaltools.gnu-tools-for-stm32.10.3-2021.10.win32_1.0.0.202111181127/tools/bin/../lib/gcc/arm-none-eabi/10.3.1/../../../../arm-none-eabi/lib/thumb/v7e-m+fp/hard\libc_nano.a(lib_a-dtoa.o)
                0x000000000800f0f8                _dtoa_r
 .text.__sflush_r
                0x000000000800fcd4      0x10c c:/st/stm32cubeide_1.9.0/stm32cubeide/plugins/com.st.stm32cube.ide.mcu.externaltools.gnu-tools-for-stm32.10.3-2021.10.win32_1.0.0.202111181127/tools/bin/../lib/gcc/arm-none-eabi/10.3.1/../../../../arm-none-eabi/lib/thumb/v7e-m+fp/hard\libc_nano.a(lib_a-fflush.o)
                0x000000000800fcd4                __sflush_r
 .text._fflush_r
                0x000000000800fde0       0x78 c:/st/stm32cubeide_1.9.0/stm32cubeide/plugins/com.st.stm32cube.ide.mcu.externaltools.gnu-tools-for-stm32.10.3-2021.10.win32_1.0.0.202111181127/tools/bin/../lib/gcc/arm-none-eabi/10.3.1/../../../../arm-none-eabi/lib/thumb/v7e-m+fp/hard\libc_nano.a(lib_a-fflush.o)
                0x000000000800fde0                _fflush_r
 .text.std      0x000000000800fe58       0x48 c:/st/stm32cubeide_1.9.0/stm32cubeide/plugins/com.st.stm32cube.ide.mcu.externaltools.gnu-tools-for-stm32.10.3-2021.10.win32_1.0.0.202111181127/tools/bin/../lib/gcc/arm-none-eabi/10.3.1/../../../../arm-none-eabi/lib/thumb/v7e-m+fp/hard\libc_nano.a(lib_a-findfp.o)
 .text._cleanup_r
                0x000000000800fea0        0xc c:/st/stm32cubeide_1.9.0/stm32cubeide/plugins/com.st.stm32cube.ide.mcu.externaltools.gnu-tools-for-stm32.10.3-2021.10.win32_1.0.0.202111181127/tools/bin/../lib/gcc/arm-none-eabi/10.3.1/../../../../arm-none-eabi/lib/thumb/v7e-m+fp/hard\libc_nano.a(lib_a-findfp.o)
                0x000000000800fea0                _cleanup_r
 .text.__sfmoreglue
                0x000000000800feac       0x2c c:/st/stm32cubeide_1.9.0/stm32cubeide/plugins/com.st.stm32cube.ide.mcu.externaltools.gnu-tools-for-stm32.10.3-2021.10.win32_1.0.0.202111181127/tools/bin/../lib/gcc/arm-none-eabi/10.3.1/../../../../arm-none-eabi/lib/thumb/v7e-m+fp/hard\libc_nano.a(lib_a-findfp.o)
                0x000000000800feac                __sfmoreglue
 .text.__sfp_lock_acquire
                0x000000000800fed8        0xc c:/st/stm32cubeide_1.9.0/stm32cubeide/plugins/com.st.stm32cube.ide.mcu.externaltools.gnu-tools-for-stm32.10.3-2021.10.win32_1.0.0.202111181127/tools/bin/../lib/gcc/arm-none-eabi/10.3.1/../../../../arm-none-eabi/lib/thumb/v7e-m+fp/hard\libc_nano.a(lib_a-findfp.o)
                0x000000000800fed8                __sfp_lock_acquire
 .text.__sfp_lock_release
                0x000000000800fee4        0xc c:/st/stm32cubeide_1.9.0/stm32cubeide/plugins/com.st.stm32cube.ide.mcu.externaltools.gnu-tools-for-stm32.10.3-2021.10.win32_1.0.0.202111181127/tools/bin/../lib/gcc/arm-none-eabi/10.3.1/../../../../arm-none-eabi/lib/thumb/v7e-m+fp/hard\libc_nano.a(lib_a-findfp.o)
                0x000000000800fee4                __sfp_lock_release
 .text.__sinit_lock_acquire
                0x000000000800fef0        0xc c:/st/stm32cubeide_1.9.0/stm32cubeide/plugins/com.st.stm32cube.ide.mcu.externaltools.gnu-tools-for-stm32.10.3-2021.10.win32_1.0.0.202111181127/tools/bin/../lib/gcc/arm-none-eabi/10.3.1/../../../../arm-none-eabi/lib/thumb/v7e-m+fp/hard\libc_nano.a(lib_a-findfp.o)
                0x000000000800fef0                __sinit_lock_acquire
 .text.__sinit_lock_release
                0x000000000800fefc        0xc c:/st/stm32cubeide_1.9.0/stm32cubeide/plugins/com.st.stm32cube.ide.mcu.externaltools.gnu-tools-for-stm32.10.3-2021.10.win32_1.0.0.202111181127/tools/bin/../lib/gcc/arm-none-eabi/10.3.1/../../../../arm-none-eabi/lib/thumb/v7e-m+fp/hard\libc_nano.a(lib_a-findfp.o)
                0x000000000800fefc                __sinit_lock_release
 .text.__sinit  0x000000000800ff08       0x70 c:/st/stm32cubeide_1.9.0/stm32cubeide/plugins/com.st.stm32cube.ide.mcu.externaltools.gnu-tools-for-stm32.10.3-2021.10.win32_1.0.0.202111181127/tools/bin/../lib/gcc/arm-none-eabi/10.3.1/../../../../arm-none-eabi/lib/thumb/v7e-m+fp/hard\libc_nano.a(lib_a-findfp.o)
                0x000000000800ff08                __sinit
 .text.__sfp    0x000000000800ff78       0x8c c:/st/stm32cubeide_1.9.0/stm32cubeide/plugins/com.st.stm32cube.ide.mcu.externaltools.gnu-tools-for-stm32.10.3-2021.10.win32_1.0.0.202111181127/tools/bin/../lib/gcc/arm-none-eabi/10.3.1/../../../../arm-none-eabi/lib/thumb/v7e-m+fp/hard\libc_nano.a(lib_a-findfp.o)
                0x000000000800ff78                __sfp
 .text._fwalk_reent
                0x0000000008010004       0x3e c:/st/stm32cubeide_1.9.0/stm32cubeide/plugins/com.st.stm32cube.ide.mcu.externaltools.gnu-tools-for-stm32.10.3-2021.10.win32_1.0.0.202111181127/tools/bin/../lib/gcc/arm-none-eabi/10.3.1/../../../../arm-none-eabi/lib/thumb/v7e-m+fp/hard\libc_nano.a(lib_a-fwalk.o)
                0x0000000008010004                _fwalk_reent
 *fill*         0x0000000008010042        0x2 
 .text._localeconv_r
                0x0000000008010044        0x8 c:/st/stm32cubeide_1.9.0/stm32cubeide/plugins/com.st.stm32cube.ide.mcu.externaltools.gnu-tools-for-stm32.10.3-2021.10.win32_1.0.0.202111181127/tools/bin/../lib/gcc/arm-none-eabi/10.3.1/../../../../arm-none-eabi/lib/thumb/v7e-m+fp/hard\libc_nano.a(lib_a-localeconv.o)
                0x0000000008010044                _localeconv_r
 .text.__retarget_lock_init_recursive
                0x000000000801004c        0x2 c:/st/stm32cubeide_1.9.0/stm32cubeide/plugins/com.st.stm32cube.ide.mcu.externaltools.gnu-tools-for-stm32.10.3-2021.10.win32_1.0.0.202111181127/tools/bin/../lib/gcc/arm-none-eabi/10.3.1/../../../../arm-none-eabi/lib/thumb/v7e-m+fp/hard\libc_nano.a(lib_a-lock.o)
                0x000000000801004c                __retarget_lock_init_recursive
 .text.__retarget_lock_acquire_recursive
                0x000000000801004e        0x2 c:/st/stm32cubeide_1.9.0/stm32cubeide/plugins/com.st.stm32cube.ide.mcu.externaltools.gnu-tools-for-stm32.10.3-2021.10.win32_1.0.0.202111181127/tools/bin/../lib/gcc/arm-none-eabi/10.3.1/../../../../arm-none-eabi/lib/thumb/v7e-m+fp/hard\libc_nano.a(lib_a-lock.o)
                0x000000000801004e                __retarget_lock_acquire_recursive
 .text.__retarget_lock_release_recursive
                0x0000000008010050        0x2 c:/st/stm32cubeide_1.9.0/stm32cubeide/plugins/com.st.stm32cube.ide.mcu.externaltools.gnu-tools-for-stm32.10.3-2021.10.win32_1.0.0.202111181127/tools/bin/../lib/gcc/arm-none-eabi/10.3.1/../../../../arm-none-eabi/lib/thumb/v7e-m+fp/hard\libc_nano.a(lib_a-lock.o)
                0x0000000008010050                __retarget_lock_release_recursive
 .text.__swhatbuf_r
                0x0000000008010052       0x4a c:/st/stm32cubeide_1.9.0/stm32cubeide/plugins/com.st.stm32cube.ide.mcu.externaltools.gnu-tools-for-stm32.10.3-2021.10.win32_1.0.0.202111181127/tools/bin/../lib/gcc/arm-none-eabi/10.3.1/../../../../arm-none-eabi/lib/thumb/v7e-m+fp/hard\libc_nano.a(lib_a-makebuf.o)
                0x0000000008010052                __swhatbuf_r
 .text.__smakebuf_r
                0x000000000801009c       0x80 c:/st/stm32cubeide_1.9.0/stm32cubeide/plugins/com.st.stm32cube.ide.mcu.externaltools.gnu-tools-for-stm32.10.3-2021.10.win32_1.0.0.202111181127/tools/bin/../lib/gcc/arm-none-eabi/10.3.1/../../../../arm-none-eabi/lib/thumb/v7e-m+fp/hard\libc_nano.a(lib_a-makebuf.o)
                0x000000000801009c                __smakebuf_r
 .text.malloc   0x000000000801011c       0x10 c:/st/stm32cubeide_1.9.0/stm32cubeide/plugins/com.st.stm32cube.ide.mcu.externaltools.gnu-tools-for-stm32.10.3-2021.10.win32_1.0.0.202111181127/tools/bin/../lib/gcc/arm-none-eabi/10.3.1/../../../../arm-none-eabi/lib/thumb/v7e-m+fp/hard\libc_nano.a(lib_a-malloc.o)
                0x000000000801011c                malloc
 .text._Balloc  0x000000000801012c       0x80 c:/st/stm32cubeide_1.9.0/stm32cubeide/plugins/com.st.stm32cube.ide.mcu.externaltools.gnu-tools-for-stm32.10.3-2021.10.win32_1.0.0.202111181127/tools/bin/../lib/gcc/arm-none-eabi/10.3.1/../../../../arm-none-eabi/lib/thumb/v7e-m+fp/hard\libc_nano.a(lib_a-mprec.o)
                0x000000000801012c                _Balloc
 .text._Bfree   0x00000000080101ac       0x44 c:/st/stm32cubeide_1.9.0/stm32cubeide/plugins/com.st.stm32cube.ide.mcu.externaltools.gnu-tools-for-stm32.10.3-2021.10.win32_1.0.0.202111181127/tools/bin/../lib/gcc/arm-none-eabi/10.3.1/../../../../arm-none-eabi/lib/thumb/v7e-m+fp/hard\libc_nano.a(lib_a-mprec.o)
                0x00000000080101ac                _Bfree
 .text.__multadd
                0x00000000080101f0       0x8c c:/st/stm32cubeide_1.9.0/stm32cubeide/plugins/com.st.stm32cube.ide.mcu.externaltools.gnu-tools-for-stm32.10.3-2021.10.win32_1.0.0.202111181127/tools/bin/../lib/gcc/arm-none-eabi/10.3.1/../../../../arm-none-eabi/lib/thumb/v7e-m+fp/hard\libc_nano.a(lib_a-mprec.o)
                0x00000000080101f0                __multadd
 .text.__hi0bits
                0x000000000801027c       0x40 c:/st/stm32cubeide_1.9.0/stm32cubeide/plugins/com.st.stm32cube.ide.mcu.externaltools.gnu-tools-for-stm32.10.3-2021.10.win32_1.0.0.202111181127/tools/bin/../lib/gcc/arm-none-eabi/10.3.1/../../../../arm-none-eabi/lib/thumb/v7e-m+fp/hard\libc_nano.a(lib_a-mprec.o)
                0x000000000801027c                __hi0bits
 .text.__lo0bits
                0x00000000080102bc       0x5e c:/st/stm32cubeide_1.9.0/stm32cubeide/plugins/com.st.stm32cube.ide.mcu.externaltools.gnu-tools-for-stm32.10.3-2021.10.win32_1.0.0.202111181127/tools/bin/../lib/gcc/arm-none-eabi/10.3.1/../../../../arm-none-eabi/lib/thumb/v7e-m+fp/hard\libc_nano.a(lib_a-mprec.o)
                0x00000000080102bc                __lo0bits
 *fill*         0x000000000801031a        0x2 
 .text.__i2b    0x000000000801031c       0x2c c:/st/stm32cubeide_1.9.0/stm32cubeide/plugins/com.st.stm32cube.ide.mcu.externaltools.gnu-tools-for-stm32.10.3-2021.10.win32_1.0.0.202111181127/tools/bin/../lib/gcc/arm-none-eabi/10.3.1/../../../../arm-none-eabi/lib/thumb/v7e-m+fp/hard\libc_nano.a(lib_a-mprec.o)
                0x000000000801031c                __i2b
 .text.__multiply
                0x0000000008010348      0x154 c:/st/stm32cubeide_1.9.0/stm32cubeide/plugins/com.st.stm32cube.ide.mcu.externaltools.gnu-tools-for-stm32.10.3-2021.10.win32_1.0.0.202111181127/tools/bin/../lib/gcc/arm-none-eabi/10.3.1/../../../../arm-none-eabi/lib/thumb/v7e-m+fp/hard\libc_nano.a(lib_a-mprec.o)
                0x0000000008010348                __multiply
 .text.__pow5mult
                0x000000000801049c       0xb4 c:/st/stm32cubeide_1.9.0/stm32cubeide/plugins/com.st.stm32cube.ide.mcu.externaltools.gnu-tools-for-stm32.10.3-2021.10.win32_1.0.0.202111181127/tools/bin/../lib/gcc/arm-none-eabi/10.3.1/../../../../arm-none-eabi/lib/thumb/v7e-m+fp/hard\libc_nano.a(lib_a-mprec.o)
                0x000000000801049c                __pow5mult
 .text.__lshift
                0x0000000008010550       0xe0 c:/st/stm32cubeide_1.9.0/stm32cubeide/plugins/com.st.stm32cube.ide.mcu.externaltools.gnu-tools-for-stm32.10.3-2021.10.win32_1.0.0.202111181127/tools/bin/../lib/gcc/arm-none-eabi/10.3.1/../../../../arm-none-eabi/lib/thumb/v7e-m+fp/hard\libc_nano.a(lib_a-mprec.o)
                0x0000000008010550                __lshift
 .text.__mcmp   0x0000000008010630       0x38 c:/st/stm32cubeide_1.9.0/stm32cubeide/plugins/com.st.stm32cube.ide.mcu.externaltools.gnu-tools-for-stm32.10.3-2021.10.win32_1.0.0.202111181127/tools/bin/../lib/gcc/arm-none-eabi/10.3.1/../../../../arm-none-eabi/lib/thumb/v7e-m+fp/hard\libc_nano.a(lib_a-mprec.o)
                0x0000000008010630                __mcmp
 .text.__mdiff  0x0000000008010668      0x114 c:/st/stm32cubeide_1.9.0/stm32cubeide/plugins/com.st.stm32cube.ide.mcu.externaltools.gnu-tools-for-stm32.10.3-2021.10.win32_1.0.0.202111181127/tools/bin/../lib/gcc/arm-none-eabi/10.3.1/../../../../arm-none-eabi/lib/thumb/v7e-m+fp/hard\libc_nano.a(lib_a-mprec.o)
                0x0000000008010668                __mdiff
 .text.__d2b    0x000000000801077c       0xb8 c:/st/stm32cubeide_1.9.0/stm32cubeide/plugins/com.st.stm32cube.ide.mcu.externaltools.gnu-tools-for-stm32.10.3-2021.10.win32_1.0.0.202111181127/tools/bin/../lib/gcc/arm-none-eabi/10.3.1/../../../../arm-none-eabi/lib/thumb/v7e-m+fp/hard\libc_nano.a(lib_a-mprec.o)
                0x000000000801077c                __d2b
 .text._calloc_r
                0x0000000008010834       0x2c c:/st/stm32cubeide_1.9.0/stm32cubeide/plugins/com.st.stm32cube.ide.mcu.externaltools.gnu-tools-for-stm32.10.3-2021.10.win32_1.0.0.202111181127/tools/bin/../lib/gcc/arm-none-eabi/10.3.1/../../../../arm-none-eabi/lib/thumb/v7e-m+fp/hard\libc_nano.a(lib_a-nano-callocr.o)
                0x0000000008010834                _calloc_r
 .text._free_r  0x0000000008010860       0x98 c:/st/stm32cubeide_1.9.0/stm32cubeide/plugins/com.st.stm32cube.ide.mcu.externaltools.gnu-tools-for-stm32.10.3-2021.10.win32_1.0.0.202111181127/tools/bin/../lib/gcc/arm-none-eabi/10.3.1/../../../../arm-none-eabi/lib/thumb/v7e-m+fp/hard\libc_nano.a(lib_a-nano-freer.o)
                0x0000000008010860                _free_r
 .text.sbrk_aligned
                0x00000000080108f8       0x40 c:/st/stm32cubeide_1.9.0/stm32cubeide/plugins/com.st.stm32cube.ide.mcu.externaltools.gnu-tools-for-stm32.10.3-2021.10.win32_1.0.0.202111181127/tools/bin/../lib/gcc/arm-none-eabi/10.3.1/../../../../arm-none-eabi/lib/thumb/v7e-m+fp/hard\libc_nano.a(lib_a-nano-mallocr.o)
 .text._malloc_r
                0x0000000008010938       0xe8 c:/st/stm32cubeide_1.9.0/stm32cubeide/plugins/com.st.stm32cube.ide.mcu.externaltools.gnu-tools-for-stm32.10.3-2021.10.win32_1.0.0.202111181127/tools/bin/../lib/gcc/arm-none-eabi/10.3.1/../../../../arm-none-eabi/lib/thumb/v7e-m+fp/hard\libc_nano.a(lib_a-nano-mallocr.o)
                0x0000000008010938                _malloc_r
 .text.__ssputs_r
                0x0000000008010a20       0xb6 c:/st/stm32cubeide_1.9.0/stm32cubeide/plugins/com.st.stm32cube.ide.mcu.externaltools.gnu-tools-for-stm32.10.3-2021.10.win32_1.0.0.202111181127/tools/bin/../lib/gcc/arm-none-eabi/10.3.1/../../../../arm-none-eabi/lib/thumb/v7e-m+fp/hard\libc_nano.a(lib_a-nano-svfprintf.o)
                0x0000000008010a20                __ssputs_r
 *fill*         0x0000000008010ad6        0x2 
 .text._svfprintf_r
                0x0000000008010ad8      0x200 c:/st/stm32cubeide_1.9.0/stm32cubeide/plugins/com.st.stm32cube.ide.mcu.externaltools.gnu-tools-for-stm32.10.3-2021.10.win32_1.0.0.202111181127/tools/bin/../lib/gcc/arm-none-eabi/10.3.1/../../../../arm-none-eabi/lib/thumb/v7e-m+fp/hard\libc_nano.a(lib_a-nano-svfprintf.o)
                0x0000000008010ad8                _svfiprintf_r
                0x0000000008010ad8                _svfprintf_r
 .text.__sfputc_r
                0x0000000008010cd8       0x2e c:/st/stm32cubeide_1.9.0/stm32cubeide/plugins/com.st.stm32cube.ide.mcu.externaltools.gnu-tools-for-stm32.10.3-2021.10.win32_1.0.0.202111181127/tools/bin/../lib/gcc/arm-none-eabi/10.3.1/../../../../arm-none-eabi/lib/thumb/v7e-m+fp/hard\libc_nano.a(lib_a-nano-vfprintf.o)
 .text.__sfputs_r
                0x0000000008010d06       0x24 c:/st/stm32cubeide_1.9.0/stm32cubeide/plugins/com.st.stm32cube.ide.mcu.externaltools.gnu-tools-for-stm32.10.3-2021.10.win32_1.0.0.202111181127/tools/bin/../lib/gcc/arm-none-eabi/10.3.1/../../../../arm-none-eabi/lib/thumb/v7e-m+fp/hard\libc_nano.a(lib_a-nano-vfprintf.o)
                0x0000000008010d06                __sfputs_r
 *fill*         0x0000000008010d2a        0x2 
 .text._vfprintf_r
                0x0000000008010d2c      0x260 c:/st/stm32cubeide_1.9.0/stm32cubeide/plugins/com.st.stm32cube.ide.mcu.externaltools.gnu-tools-for-stm32.10.3-2021.10.win32_1.0.0.202111181127/tools/bin/../lib/gcc/arm-none-eabi/10.3.1/../../../../arm-none-eabi/lib/thumb/v7e-m+fp/hard\libc_nano.a(lib_a-nano-vfprintf.o)
                0x0000000008010d2c                _vfprintf_r
                0x0000000008010d2c                _vfiprintf_r
 .text._putc_r  0x0000000008010f8c       0x90 c:/st/stm32cubeide_1.9.0/stm32cubeide/plugins/com.st.stm32cube.ide.mcu.externaltools.gnu-tools-for-stm32.10.3-2021.10.win32_1.0.0.202111181127/tools/bin/../lib/gcc/arm-none-eabi/10.3.1/../../../../arm-none-eabi/lib/thumb/v7e-m+fp/hard\libc_nano.a(lib_a-putc.o)
                0x0000000008010f8c                _putc_r
 .text._sbrk_r  0x000000000801101c       0x20 c:/st/stm32cubeide_1.9.0/stm32cubeide/plugins/com.st.stm32cube.ide.mcu.externaltools.gnu-tools-for-stm32.10.3-2021.10.win32_1.0.0.202111181127/tools/bin/../lib/gcc/arm-none-eabi/10.3.1/../../../../arm-none-eabi/lib/thumb/v7e-m+fp/hard\libc_nano.a(lib_a-sbrkr.o)
                0x000000000801101c                _sbrk_r
 .text.__sread  0x000000000801103c       0x22 c:/st/stm32cubeide_1.9.0/stm32cubeide/plugins/com.st.stm32cube.ide.mcu.externaltools.gnu-tools-for-stm32.10.3-2021.10.win32_1.0.0.202111181127/tools/bin/../lib/gcc/arm-none-eabi/10.3.1/../../../../arm-none-eabi/lib/thumb/v7e-m+fp/hard\libc_nano.a(lib_a-stdio.o)
                0x000000000801103c                __sread
 .text.__swrite
                0x000000000801105e       0x38 c:/st/stm32cubeide_1.9.0/stm32cubeide/plugins/com.st.stm32cube.ide.mcu.externaltools.gnu-tools-for-stm32.10.3-2021.10.win32_1.0.0.202111181127/tools/bin/../lib/gcc/arm-none-eabi/10.3.1/../../../../arm-none-eabi/lib/thumb/v7e-m+fp/hard\libc_nano.a(lib_a-stdio.o)
                0x000000000801105e                __swrite
 .text.__sseek  0x0000000008011096       0x24 c:/st/stm32cubeide_1.9.0/stm32cubeide/plugins/com.st.stm32cube.ide.mcu.externaltools.gnu-tools-for-stm32.10.3-2021.10.win32_1.0.0.202111181127/tools/bin/../lib/gcc/arm-none-eabi/10.3.1/../../../../arm-none-eabi/lib/thumb/v7e-m+fp/hard\libc_nano.a(lib_a-stdio.o)
                0x0000000008011096                __sseek
 .text.__sclose
                0x00000000080110ba        0x8 c:/st/stm32cubeide_1.9.0/stm32cubeide/plugins/com.st.stm32cube.ide.mcu.externaltools.gnu-tools-for-stm32.10.3-2021.10.win32_1.0.0.202111181127/tools/bin/../lib/gcc/arm-none-eabi/10.3.1/../../../../arm-none-eabi/lib/thumb/v7e-m+fp/hard\libc_nano.a(lib_a-stdio.o)
                0x00000000080110ba                __sclose
 *fill*         0x00000000080110c2        0x2 
 .text._write_r
                0x00000000080110c4       0x24 c:/st/stm32cubeide_1.9.0/stm32cubeide/plugins/com.st.stm32cube.ide.mcu.externaltools.gnu-tools-for-stm32.10.3-2021.10.win32_1.0.0.202111181127/tools/bin/../lib/gcc/arm-none-eabi/10.3.1/../../../../arm-none-eabi/lib/thumb/v7e-m+fp/hard\libc_nano.a(lib_a-writer.o)
                0x00000000080110c4                _write_r
 .text.__assert_func
                0x00000000080110e8       0x3c c:/st/stm32cubeide_1.9.0/stm32cubeide/plugins/com.st.stm32cube.ide.mcu.externaltools.gnu-tools-for-stm32.10.3-2021.10.win32_1.0.0.202111181127/tools/bin/../lib/gcc/arm-none-eabi/10.3.1/../../../../arm-none-eabi/lib/thumb/v7e-m+fp/hard\libc_nano.a(lib_a-assert.o)
                0x00000000080110e8                __assert_func
 .text._close_r
                0x0000000008011124       0x20 c:/st/stm32cubeide_1.9.0/stm32cubeide/plugins/com.st.stm32cube.ide.mcu.externaltools.gnu-tools-for-stm32.10.3-2021.10.win32_1.0.0.202111181127/tools/bin/../lib/gcc/arm-none-eabi/10.3.1/../../../../arm-none-eabi/lib/thumb/v7e-m+fp/hard\libc_nano.a(lib_a-closer.o)
                0x0000000008011124                _close_r
 .text.fprintf  0x0000000008011144       0x24 c:/st/stm32cubeide_1.9.0/stm32cubeide/plugins/com.st.stm32cube.ide.mcu.externaltools.gnu-tools-for-stm32.10.3-2021.10.win32_1.0.0.202111181127/tools/bin/../lib/gcc/arm-none-eabi/10.3.1/../../../../arm-none-eabi/lib/thumb/v7e-m+fp/hard\libc_nano.a(lib_a-fprintf.o)
                0x0000000008011144                fiprintf
                0x0000000008011144                fprintf
 .text._fstat_r
                0x0000000008011168       0x24 c:/st/stm32cubeide_1.9.0/stm32cubeide/plugins/com.st.stm32cube.ide.mcu.externaltools.gnu-tools-for-stm32.10.3-2021.10.win32_1.0.0.202111181127/tools/bin/../lib/gcc/arm-none-eabi/10.3.1/../../../../arm-none-eabi/lib/thumb/v7e-m+fp/hard\libc_nano.a(lib_a-fstatr.o)
                0x0000000008011168                _fstat_r
 .text._isatty_r
                0x000000000801118c       0x20 c:/st/stm32cubeide_1.9.0/stm32cubeide/plugins/com.st.stm32cube.ide.mcu.externaltools.gnu-tools-for-stm32.10.3-2021.10.win32_1.0.0.202111181127/tools/bin/../lib/gcc/arm-none-eabi/10.3.1/../../../../arm-none-eabi/lib/thumb/v7e-m+fp/hard\libc_nano.a(lib_a-isattyr.o)
                0x000000000801118c                _isatty_r
 .text._lseek_r
                0x00000000080111ac       0x24 c:/st/stm32cubeide_1.9.0/stm32cubeide/plugins/com.st.stm32cube.ide.mcu.externaltools.gnu-tools-for-stm32.10.3-2021.10.win32_1.0.0.202111181127/tools/bin/../lib/gcc/arm-none-eabi/10.3.1/../../../../arm-none-eabi/lib/thumb/v7e-m+fp/hard\libc_nano.a(lib_a-lseekr.o)
                0x00000000080111ac                _lseek_r
 .text.__ascii_mbtowc
                0x00000000080111d0       0x24 c:/st/stm32cubeide_1.9.0/stm32cubeide/plugins/com.st.stm32cube.ide.mcu.externaltools.gnu-tools-for-stm32.10.3-2021.10.win32_1.0.0.202111181127/tools/bin/../lib/gcc/arm-none-eabi/10.3.1/../../../../arm-none-eabi/lib/thumb/v7e-m+fp/hard\libc_nano.a(lib_a-mbtowc_r.o)
                0x00000000080111d0                __ascii_mbtowc
 .text.memmove  0x00000000080111f4       0x34 c:/st/stm32cubeide_1.9.0/stm32cubeide/plugins/com.st.stm32cube.ide.mcu.externaltools.gnu-tools-for-stm32.10.3-2021.10.win32_1.0.0.202111181127/tools/bin/../lib/gcc/arm-none-eabi/10.3.1/../../../../arm-none-eabi/lib/thumb/v7e-m+fp/hard\libc_nano.a(lib_a-memmove.o)
                0x00000000080111f4                memmove
 .text.__malloc_lock
                0x0000000008011228        0xc c:/st/stm32cubeide_1.9.0/stm32cubeide/plugins/com.st.stm32cube.ide.mcu.externaltools.gnu-tools-for-stm32.10.3-2021.10.win32_1.0.0.202111181127/tools/bin/../lib/gcc/arm-none-eabi/10.3.1/../../../../arm-none-eabi/lib/thumb/v7e-m+fp/hard\libc_nano.a(lib_a-mlock.o)
                0x0000000008011228                __malloc_lock
 .text.__malloc_unlock
                0x0000000008011234        0xc c:/st/stm32cubeide_1.9.0/stm32cubeide/plugins/com.st.stm32cube.ide.mcu.externaltools.gnu-tools-for-stm32.10.3-2021.10.win32_1.0.0.202111181127/tools/bin/../lib/gcc/arm-none-eabi/10.3.1/../../../../arm-none-eabi/lib/thumb/v7e-m+fp/hard\libc_nano.a(lib_a-mlock.o)
                0x0000000008011234                __malloc_unlock
 .text._realloc_r
                0x0000000008011240       0x5e c:/st/stm32cubeide_1.9.0/stm32cubeide/plugins/com.st.stm32cube.ide.mcu.externaltools.gnu-tools-for-stm32.10.3-2021.10.win32_1.0.0.202111181127/tools/bin/../lib/gcc/arm-none-eabi/10.3.1/../../../../arm-none-eabi/lib/thumb/v7e-m+fp/hard\libc_nano.a(lib_a-nano-reallocr.o)
                0x0000000008011240                _realloc_r
 *fill*         0x000000000801129e        0x2 
 .text._read_r  0x00000000080112a0       0x24 c:/st/stm32cubeide_1.9.0/stm32cubeide/plugins/com.st.stm32cube.ide.mcu.externaltools.gnu-tools-for-stm32.10.3-2021.10.win32_1.0.0.202111181127/tools/bin/../lib/gcc/arm-none-eabi/10.3.1/../../../../arm-none-eabi/lib/thumb/v7e-m+fp/hard\libc_nano.a(lib_a-readr.o)
                0x00000000080112a0                _read_r
 .text.__ascii_wctomb
                0x00000000080112c4       0x1a c:/st/stm32cubeide_1.9.0/stm32cubeide/plugins/com.st.stm32cube.ide.mcu.externaltools.gnu-tools-for-stm32.10.3-2021.10.win32_1.0.0.202111181127/tools/bin/../lib/gcc/arm-none-eabi/10.3.1/../../../../arm-none-eabi/lib/thumb/v7e-m+fp/hard\libc_nano.a(lib_a-wctomb_r.o)
                0x00000000080112c4                __ascii_wctomb
 .text.abort    0x00000000080112de        0xe c:/st/stm32cubeide_1.9.0/stm32cubeide/plugins/com.st.stm32cube.ide.mcu.externaltools.gnu-tools-for-stm32.10.3-2021.10.win32_1.0.0.202111181127/tools/bin/../lib/gcc/arm-none-eabi/10.3.1/../../../../arm-none-eabi/lib/thumb/v7e-m+fp/hard\libc_nano.a(lib_a-abort.o)
                0x00000000080112de                abort
 .text._malloc_usable_size_r
                0x00000000080112ec       0x10 c:/st/stm32cubeide_1.9.0/stm32cubeide/plugins/com.st.stm32cube.ide.mcu.externaltools.gnu-tools-for-stm32.10.3-2021.10.win32_1.0.0.202111181127/tools/bin/../lib/gcc/arm-none-eabi/10.3.1/../../../../arm-none-eabi/lib/thumb/v7e-m+fp/hard\libc_nano.a(lib_a-nano-msizer.o)
                0x00000000080112ec                _malloc_usable_size_r
 .text._raise_r
                0x00000000080112fc       0x50 c:/st/stm32cubeide_1.9.0/stm32cubeide/plugins/com.st.stm32cube.ide.mcu.externaltools.gnu-tools-for-stm32.10.3-2021.10.win32_1.0.0.202111181127/tools/bin/../lib/gcc/arm-none-eabi/10.3.1/../../../../arm-none-eabi/lib/thumb/v7e-m+fp/hard\libc_nano.a(lib_a-signal.o)
                0x00000000080112fc                _raise_r
 .text.raise    0x000000000801134c       0x10 c:/st/stm32cubeide_1.9.0/stm32cubeide/plugins/com.st.stm32cube.ide.mcu.externaltools.gnu-tools-for-stm32.10.3-2021.10.win32_1.0.0.202111181127/tools/bin/../lib/gcc/arm-none-eabi/10.3.1/../../../../arm-none-eabi/lib/thumb/v7e-m+fp/hard\libc_nano.a(lib_a-signal.o)
                0x000000000801134c                raise
 .text._kill_r  0x000000000801135c       0x24 c:/st/stm32cubeide_1.9.0/stm32cubeide/plugins/com.st.stm32cube.ide.mcu.externaltools.gnu-tools-for-stm32.10.3-2021.10.win32_1.0.0.202111181127/tools/bin/../lib/gcc/arm-none-eabi/10.3.1/../../../../arm-none-eabi/lib/thumb/v7e-m+fp/hard\libc_nano.a(lib_a-signalr.o)
                0x000000000801135c                _kill_r
 .text._getpid_r
                0x0000000008011380        0x4 c:/st/stm32cubeide_1.9.0/stm32cubeide/plugins/com.st.stm32cube.ide.mcu.externaltools.gnu-tools-for-stm32.10.3-2021.10.win32_1.0.0.202111181127/tools/bin/../lib/gcc/arm-none-eabi/10.3.1/../../../../arm-none-eabi/lib/thumb/v7e-m+fp/hard\libc_nano.a(lib_a-signalr.o)
                0x0000000008011380                _getpid_r
 *(.glue_7)
 .glue_7        0x0000000008011384        0x0 linker stubs
 *(.glue_7t)
 .glue_7t       0x0000000008011384        0x0 linker stubs
 *(.eh_frame)
 .eh_frame      0x0000000008011384        0x0 c:/st/stm32cubeide_1.9.0/stm32cubeide/plugins/com.st.stm32cube.ide.mcu.externaltools.gnu-tools-for-stm32.10.3-2021.10.win32_1.0.0.202111181127/tools/bin/../lib/gcc/arm-none-eabi/10.3.1/thumb/v7e-m+fp/hard/crtbegin.o
 *(.init)
 .init          0x0000000008011384        0x4 c:/st/stm32cubeide_1.9.0/stm32cubeide/plugins/com.st.stm32cube.ide.mcu.externaltools.gnu-tools-for-stm32.10.3-2021.10.win32_1.0.0.202111181127/tools/bin/../lib/gcc/arm-none-eabi/10.3.1/thumb/v7e-m+fp/hard/crti.o
                0x0000000008011384                _init
 .init          0x0000000008011388        0x8 c:/st/stm32cubeide_1.9.0/stm32cubeide/plugins/com.st.stm32cube.ide.mcu.externaltools.gnu-tools-for-stm32.10.3-2021.10.win32_1.0.0.202111181127/tools/bin/../lib/gcc/arm-none-eabi/10.3.1/thumb/v7e-m+fp/hard/crtn.o
 *(.fini)
 .fini          0x0000000008011390        0x4 c:/st/stm32cubeide_1.9.0/stm32cubeide/plugins/com.st.stm32cube.ide.mcu.externaltools.gnu-tools-for-stm32.10.3-2021.10.win32_1.0.0.202111181127/tools/bin/../lib/gcc/arm-none-eabi/10.3.1/thumb/v7e-m+fp/hard/crti.o
                0x0000000008011390                _fini
 .fini          0x0000000008011394        0x8 c:/st/stm32cubeide_1.9.0/stm32cubeide/plugins/com.st.stm32cube.ide.mcu.externaltools.gnu-tools-for-stm32.10.3-2021.10.win32_1.0.0.202111181127/tools/bin/../lib/gcc/arm-none-eabi/10.3.1/thumb/v7e-m+fp/hard/crtn.o
                0x000000000801139c                . = ALIGN (0x4)
                0x000000000801139c                _etext = .

.vfp11_veneer   0x000000000801139c        0x0
 .vfp11_veneer  0x000000000801139c        0x0 linker stubs

.v4_bx          0x000000000801139c        0x0
 .v4_bx         0x000000000801139c        0x0 linker stubs

.iplt           0x000000000801139c        0x0
 .iplt          0x000000000801139c        0x0 c:/st/stm32cubeide_1.9.0/stm32cubeide/plugins/com.st.stm32cube.ide.mcu.externaltools.gnu-tools-for-stm32.10.3-2021.10.win32_1.0.0.202111181127/tools/bin/../lib/gcc/arm-none-eabi/10.3.1/thumb/v7e-m+fp/hard/crtbegin.o

.rodata         0x00000000080113a0      0x5d4
                0x00000000080113a0                . = ALIGN (0x4)
 *(.rodata)
 .rodata        0x00000000080113a0       0x22 ./Core/Src/main.o
 *fill*         0x00000000080113c2        0x2 
 .rodata        0x00000000080113c4       0xef ./Core/Src/maze_wall.o
 *fill*         0x00000000080114b3        0x1 
 .rodata        0x00000000080114b4       0x96 ./Core/Src/mode_selection.o
 *fill*         0x000000000801154a        0x2 
 .rodata        0x000000000801154c        0x8 ./Core/Src/record.o
 *(.rodata*)
 .rodata.AHBPrescTable
                0x0000000008011554       0x10 ./Core/Src/system_stm32l4xx.o
                0x0000000008011554                AHBPrescTable
 .rodata.APBPrescTable
                0x0000000008011564        0x8 ./Core/Src/system_stm32l4xx.o
                0x0000000008011564                APBPrescTable
 .rodata.MSIRangeTable
                0x000000000801156c       0x30 ./Core/Src/system_stm32l4xx.o
                0x000000000801156c                MSIRangeTable
 .rodata._global_impure_ptr
                0x000000000801159c        0x4 c:/st/stm32cubeide_1.9.0/stm32cubeide/plugins/com.st.stm32cube.ide.mcu.externaltools.gnu-tools-for-stm32.10.3-2021.10.win32_1.0.0.202111181127/tools/bin/../lib/gcc/arm-none-eabi/10.3.1/../../../../arm-none-eabi/lib/thumb/v7e-m+fp/hard\libc_nano.a(lib_a-impure.o)
                0x000000000801159c                _global_impure_ptr
 .rodata._printf_float.str1.1