../Core/Src/maze_Turning.c:21:6:test_motor_start	16	static
../Core/Src/maze_Turning.c:32:6:test_motor_stop	8	static
../Core/Src/maze_Turning.c:38:6:slalomR	16	static
../Core/Src/maze_Turning.c:79:6:slalomL	16	static
../Core/Src/maze_Turning.c:122:6:turn90R	16	static
../Core/Src/maze_Turning.c:159:6:turn90L	16	static
../Core/Src/maze_Turning.c:197:6:turn180R	16	static
../Core/Src/maze_Turning.c:234:6:turn180L	16	static
../Core/Src/maze_Turning.c:273:6:turn45inR	16	static
../Core/Src/maze_Turning.c:324:6:turn45inL	16	static
../Core/Src/maze_Turning.c:377:6:turn135inR	16	static
../Core/Src/maze_Turning.c:428:6:turn135inL	16	static
../Core/Src/maze_Turning.c:481:6:turn45outR	16	static
../Core/Src/maze_Turning.c:518:6:turn45outL	16	static
../Core/Src/maze_Turning.c:554:6:turn135outR	16	static
../Core/Src/maze_Turning.c:591:6:turn135outL	16	static
../Core/Src/maze_Turning.c:627:6:V90R	16	static
../Core/Src/maze_Turning.c:664:6:V90L	16	static
../Core/Src/maze_Turning.c:702:6:testturning	24	static
