../Core/Src/PL_motor.c:20:6:pl_test_motor	16	static
../Core/Src/PL_motor.c:47:6:pl_motor_init	8	static
../Core/Src/PL_motor.c:63:6:pl_motor_standby	16	static
../Core/Src/PL_motor.c:73:6:pl_motor_mode_L	16	static
../Core/Src/PL_motor.c:81:6:pl_motor_mode_R	16	static
../Core/Src/PL_motor.c:89:6:pl_motor_start	8	static
../Core/Src/PL_motor.c:96:6:pl_motor_stop	8	static
../Core/Src/PL_motor.c:101:6:pl_motor_count_L	16	static
../Core/Src/PL_motor.c:109:6:pl_motor_count_R	16	static
../Core/Src/PL_motor.c:118:6:pl_interrupt_motor_count_L	4	static
../Core/Src/PL_motor.c:124:6:pl_interrupt_motor_count_R	4	static
../Core/Src/PL_motor.c:135:10:calMotorVelocityCount	24	static
